Archive member included to satisfy reference by file (symbol)

C:/ST/STM32CubeIDE_1.19.0/STM32CubeIDE/plugins/com.st.stm32cube.ide.mcu.externaltools.gnu-tools-for-stm32.13.3.rel1.win32_1.0.0.202411081344/tools/bin/../lib/gcc/arm-none-eabi/13.3.1/../../../../arm-none-eabi/lib/thumb/v6-m/nofp\libc_nano.a(libc_a-exit.o)
                              C:/ST/STM32CubeIDE_1.19.0/STM32CubeIDE/plugins/com.st.stm32cube.ide.mcu.externaltools.gnu-tools-for-stm32.13.3.rel1.win32_1.0.0.202411081344/tools/bin/../lib/gcc/arm-none-eabi/13.3.1/../../../../arm-none-eabi/lib/thumb/v6-m/nofp/crt0.o (exit)
C:/ST/STM32CubeIDE_1.19.0/STM32CubeIDE/plugins/com.st.stm32cube.ide.mcu.externaltools.gnu-tools-for-stm32.13.3.rel1.win32_1.0.0.202411081344/tools/bin/../lib/gcc/arm-none-eabi/13.3.1/../../../../arm-none-eabi/lib/thumb/v6-m/nofp\libc_nano.a(libc_a-findfp.o)
                              C:/ST/STM32CubeIDE_1.19.0/STM32CubeIDE/plugins/com.st.stm32cube.ide.mcu.externaltools.gnu-tools-for-stm32.13.3.rel1.win32_1.0.0.202411081344/tools/bin/../lib/gcc/arm-none-eabi/13.3.1/../../../../arm-none-eabi/lib/thumb/v6-m/nofp\libc_nano.a(libc_a-exit.o) (__stdio_exit_handler)
C:/ST/STM32CubeIDE_1.19.0/STM32CubeIDE/plugins/com.st.stm32cube.ide.mcu.externaltools.gnu-tools-for-stm32.13.3.rel1.win32_1.0.0.202411081344/tools/bin/../lib/gcc/arm-none-eabi/13.3.1/../../../../arm-none-eabi/lib/thumb/v6-m/nofp\libc_nano.a(libc_a-fwalk.o)
                              C:/ST/STM32CubeIDE_1.19.0/STM32CubeIDE/plugins/com.st.stm32cube.ide.mcu.externaltools.gnu-tools-for-stm32.13.3.rel1.win32_1.0.0.202411081344/tools/bin/../lib/gcc/arm-none-eabi/13.3.1/../../../../arm-none-eabi/lib/thumb/v6-m/nofp\libc_nano.a(libc_a-findfp.o) (_fwalk_sglue)
C:/ST/STM32CubeIDE_1.19.0/STM32CubeIDE/plugins/com.st.stm32cube.ide.mcu.externaltools.gnu-tools-for-stm32.13.3.rel1.win32_1.0.0.202411081344/tools/bin/../lib/gcc/arm-none-eabi/13.3.1/../../../../arm-none-eabi/lib/thumb/v6-m/nofp\libc_nano.a(libc_a-stdio.o)
                              C:/ST/STM32CubeIDE_1.19.0/STM32CubeIDE/plugins/com.st.stm32cube.ide.mcu.externaltools.gnu-tools-for-stm32.13.3.rel1.win32_1.0.0.202411081344/tools/bin/../lib/gcc/arm-none-eabi/13.3.1/../../../../arm-none-eabi/lib/thumb/v6-m/nofp\libc_nano.a(libc_a-findfp.o) (__sread)
C:/ST/STM32CubeIDE_1.19.0/STM32CubeIDE/plugins/com.st.stm32cube.ide.mcu.externaltools.gnu-tools-for-stm32.13.3.rel1.win32_1.0.0.202411081344/tools/bin/../lib/gcc/arm-none-eabi/13.3.1/../../../../arm-none-eabi/lib/thumb/v6-m/nofp\libc_nano.a(libc_a-memset.o)
                              C:/ST/STM32CubeIDE_1.19.0/STM32CubeIDE/plugins/com.st.stm32cube.ide.mcu.externaltools.gnu-tools-for-stm32.13.3.rel1.win32_1.0.0.202411081344/tools/bin/../lib/gcc/arm-none-eabi/13.3.1/../../../../arm-none-eabi/lib/thumb/v6-m/nofp/crt0.o (memset)
C:/ST/STM32CubeIDE_1.19.0/STM32CubeIDE/plugins/com.st.stm32cube.ide.mcu.externaltools.gnu-tools-for-stm32.13.3.rel1.win32_1.0.0.202411081344/tools/bin/../lib/gcc/arm-none-eabi/13.3.1/../../../../arm-none-eabi/lib/thumb/v6-m/nofp\libc_nano.a(libc_a-closer.o)
                              C:/ST/STM32CubeIDE_1.19.0/STM32CubeIDE/plugins/com.st.stm32cube.ide.mcu.externaltools.gnu-tools-for-stm32.13.3.rel1.win32_1.0.0.202411081344/tools/bin/../lib/gcc/arm-none-eabi/13.3.1/../../../../arm-none-eabi/lib/thumb/v6-m/nofp\libc_nano.a(libc_a-stdio.o) (_close_r)
C:/ST/STM32CubeIDE_1.19.0/STM32CubeIDE/plugins/com.st.stm32cube.ide.mcu.externaltools.gnu-tools-for-stm32.13.3.rel1.win32_1.0.0.202411081344/tools/bin/../lib/gcc/arm-none-eabi/13.3.1/../../../../arm-none-eabi/lib/thumb/v6-m/nofp\libc_nano.a(libc_a-reent.o)
                              C:/ST/STM32CubeIDE_1.19.0/STM32CubeIDE/plugins/com.st.stm32cube.ide.mcu.externaltools.gnu-tools-for-stm32.13.3.rel1.win32_1.0.0.202411081344/tools/bin/../lib/gcc/arm-none-eabi/13.3.1/../../../../arm-none-eabi/lib/thumb/v6-m/nofp\libc_nano.a(libc_a-closer.o) (errno)
C:/ST/STM32CubeIDE_1.19.0/STM32CubeIDE/plugins/com.st.stm32cube.ide.mcu.externaltools.gnu-tools-for-stm32.13.3.rel1.win32_1.0.0.202411081344/tools/bin/../lib/gcc/arm-none-eabi/13.3.1/../../../../arm-none-eabi/lib/thumb/v6-m/nofp\libc_nano.a(libc_a-impure.o)
                              C:/ST/STM32CubeIDE_1.19.0/STM32CubeIDE/plugins/com.st.stm32cube.ide.mcu.externaltools.gnu-tools-for-stm32.13.3.rel1.win32_1.0.0.202411081344/tools/bin/../lib/gcc/arm-none-eabi/13.3.1/../../../../arm-none-eabi/lib/thumb/v6-m/nofp\libc_nano.a(libc_a-reent.o) (_impure_ptr)
C:/ST/STM32CubeIDE_1.19.0/STM32CubeIDE/plugins/com.st.stm32cube.ide.mcu.externaltools.gnu-tools-for-stm32.13.3.rel1.win32_1.0.0.202411081344/tools/bin/../lib/gcc/arm-none-eabi/13.3.1/../../../../arm-none-eabi/lib/thumb/v6-m/nofp\libc_nano.a(libc_a-lseekr.o)
[...]
Memory Configuration

Name             Origin             Length             Attributes
RAM              0x20000000         0x00005000         xrw
FLASH            0x08000000         0x00020000         xr
*default*        0x00000000         0xffffffff

Linker script and memory map

LOAD C:/ST/STM32CubeIDE_1.19.0/STM32CubeIDE/plugins/com.st.stm32cube.ide.mcu.externaltools.gnu-tools-for-stm32.13.3.rel1.win32_1.0.0.202411081344/tools/bin/../lib/gcc/arm-none-eabi/13.3.1/thumb/v6-m/nofp/crti.o
LOAD C:/ST/STM32CubeIDE_1.19.0/STM32CubeIDE/plugins/com.st.stm32cube.ide.mcu.externaltools.gnu-tools-for-stm32.13.3.rel1.win32_1.0.0.202411081344/tools/bin/../lib/gcc/arm-none-eabi/13.3.1/thumb/v6-m/nofp/crtbegin.o
LOAD C:/ST/STM32CubeIDE_1.19.0/STM32CubeIDE/plugins/com.st.stm32cube.ide.mcu.externaltools.gnu-tools-for-stm32.13.3.rel1.win32_1.0.0.202411081344/tools/bin/../lib/gcc/arm-none-eabi/13.3.1/../../../../arm-none-eabi/lib/thumb/v6-m/nofp/crt0.o
LOAD ./Core/Src/main.o
LOAD ./Core/Src/stm32l0xx_hal_msp.o
LOAD ./Core/Src/stm32l0xx_it.o
LOAD ./Core/Src/syscalls.o
LOAD ./Core/Src/sysmem.o
LOAD ./Core/Src/system_stm32l0xx.o
LOAD ./Core/Startup/startup_stm32l072cbtx.o
LOAD ./Drivers/STM32L0xx_HAL_Driver/Src/stm32l0xx_hal.o
LOAD ./Drivers/STM32L0xx_HAL_Driver/Src/stm32l0xx_hal_cortex.o
LOAD ./Drivers/STM32L0xx_HAL_Driver/Src/stm32l0xx_hal_dma.o
LOAD ./Drivers/STM32L0xx_HAL_Driver/Src/stm32l0xx_hal_exti.o
LOAD ./Drivers/STM32L0xx_HAL_Driver/Src/stm32l0xx_hal_flash.o
LOAD ./Drivers/STM32L0xx_HAL_Driver/Src/stm32l0xx_hal_flash_ex.o
LOAD ./Drivers/STM32L0xx_HAL_Driver/Src/stm32l0xx_hal_flash_ramfunc.o
LOAD ./Drivers/STM32L0xx_HAL_Driver/Src/stm32l0xx_hal_gpio.o
LOAD ./Drivers/STM32L0xx_HAL_Driver/Src/stm32l0xx_hal_i2c.o
LOAD ./Drivers/STM32L0xx_HAL_Driver/Src/stm32l0xx_hal_i2c_ex.o
LOAD ./Drivers/STM32L0xx_HAL_Driver/Src/stm32l0xx_hal_pcd.o
LOAD ./Drivers/STM32L0xx_HAL_Driver/Src/stm32l0xx_hal_pcd_ex.o
LOAD ./Drivers/STM32L0xx_HAL_Driver/Src/stm32l0xx_hal_pwr.o
LOAD ./Drivers/STM32L0xx_HAL_Driver/Src/stm32l0xx_hal_pwr_ex.o
LOAD ./Drivers/STM32L0xx_HAL_Driver/Src/stm32l0xx_hal_rcc.o
LOAD ./Drivers/STM32L0xx_HAL_Driver/Src/stm32l0xx_hal_rcc_ex.o
LOAD ./Drivers/STM32L0xx_HAL_Driver/Src/stm32l0xx_hal_spi.o
LOAD ./Drivers/STM32L0xx_HAL_Driver/Src/stm32l0xx_ll_usb.o
LOAD ./Middlewares/ST/STM32_USB_Device_Library/Class/CDC/Src/usbd_cdc.o
LOAD ./Middlewares/ST/STM32_USB_Device_Library/Core/Src/usbd_core.o
LOAD ./Middlewares/ST/STM32_USB_Device_Library/Core/Src/usbd_ctlreq.o
LOAD ./Middlewares/ST/STM32_USB_Device_Library/Core/Src/usbd_ioreq.o
LOAD ./USB_DEVICE/App/usb_device.o
LOAD ./USB_DEVICE/App/usbd_cdc_if.o
LOAD ./USB_DEVICE/App/usbd_desc.o
LOAD ./USB_DEVICE/Target/usbd_conf.o
START GROUP
LOAD C:/ST/STM32CubeIDE_1.19.0/STM32CubeIDE/plugins/com.st.stm32cube.ide.mcu.externaltools.gnu-tools-for-stm32.13.3.rel1.win32_1.0.0.202411081344/tools/bin/../lib/gcc/arm-none-eabi/13.3.1/../../../../arm-none-eabi/lib/thumb/v6-m/nofp\libc_nano.a
LOAD C:/ST/STM32CubeIDE_1.19.0/STM32CubeIDE/plugins/com.st.stm32cube.ide.mcu.externaltools.gnu-tools-for-stm32.13.3.rel1.win32_1.0.0.202411081344/tools/bin/../lib/gcc/arm-none-eabi/13.3.1/../../../../arm-none-eabi/lib/thumb/v6-m/nofp\libm.a
END GROUP
START GROUP
LOAD C:/ST/STM32CubeIDE_1.19.0/STM32CubeIDE/plugins/com.st.stm32cube.ide.mcu.externaltools.gnu-tools-for-stm32.13.3.rel1.win32_1.0.0.202411081344/tools/bin/../lib/gcc/arm-none-eabi/13.3.1/thumb/v6-m/nofp\libgcc.a
LOAD C:/ST/STM32CubeIDE_1.19.0/STM32CubeIDE/plugins/com.st.stm32cube.ide.mcu.externaltools.gnu-tools-for-stm32.13.3.rel1.win32_1.0.0.202411081344/tools/bin/../lib/gcc/arm-none-eabi/13.3.1/../../../../arm-none-eabi/lib/thumb/v6-m/nofp\libc_nano.a
END GROUP
START GROUP
LOAD C:/ST/STM32CubeIDE_1.19.0/STM32CubeIDE/plugins/com.st.stm32cube.ide.mcu.externaltools.gnu-tools-for-stm32.13.3.rel1.win32_1.0.0.202411081344/tools/bin/../lib/gcc/arm-none-eabi/13.3.1/thumb/v6-m/nofp\libgcc.a
LOAD C:/ST/STM32CubeIDE_1.19.0/STM32CubeIDE/plugins/com.st.stm32cube.ide.mcu.externaltools.gnu-tools-for-stm32.13.3.rel1.win32_1.0.0.202411081344/tools/bin/../lib/gcc/arm-none-eabi/13.3.1/../../../../arm-none-eabi/lib/thumb/v6-m/nofp\libc_nano.a
LOAD C:/ST/STM32CubeIDE_1.19.0/STM32CubeIDE/plugins/com.st.stm32cube.ide.mcu.externaltools.gnu-tools-for-stm32.13.3.rel1.win32_1.0.0.202411081344/tools/bin/../lib/gcc/arm-none-eabi/13.3.1/../../../../arm-none-eabi/lib/thumb/v6-m/nofp\libnosys.a
END GROUP
START GROUP
LOAD C:/ST/STM32CubeIDE_1.19.0/STM32CubeIDE/plugins/com.st.stm32cube.ide.mcu.externaltools.gnu-tools-for-stm32.13.3.rel1.win32_1.0.0.202411081344/tools/bin/../lib/gcc/arm-none-eabi/13.3.1/thumb/v6-m/nofp\libgcc.a
LOAD C:/ST/STM32CubeIDE_1.19.0/STM32CubeIDE/plugins/com.st.stm32cube.ide.mcu.externaltools.gnu-tools-for-stm32.13.3.rel1.win32_1.0.0.202411081344/tools/bin/../lib/gcc/arm-none-eabi/13.3.1/../../../../arm-none-eabi/lib/thumb/v6-m/nofp\libc_nano.a
LOAD C:/ST/STM32CubeIDE_1.19.0/STM32CubeIDE/plugins/com.st.stm32cube.ide.mcu.externaltools.gnu-tools-for-stm32.13.3.rel1.win32_1.0.0.202411081344/tools/bin/../lib/gcc/arm-none-eabi/13.3.1/../../../../arm-none-eabi/lib/thumb/v6-m/nofp\libnosys.a
END GROUP
LOAD C:/ST/STM32CubeIDE_1.19.0/STM32CubeIDE/plugins/com.st.stm32cube.ide.mcu.externaltools.gnu-tools-for-stm32.13.3.rel1.win32_1.0.0.202411081344/tools/bin/../lib/gcc/arm-none-eabi/13.3.1/thumb/v6-m/nofp/crtend.o
LOAD C:/ST/STM32CubeIDE_1.19.0/STM32CubeIDE/plugins/com.st.stm32cube.ide.mcu.externaltools.gnu-tools-for-stm32.13.3.rel1.win32_1.0.0.202411081344/tools/bin/../lib/gcc/arm-none-eabi/13.3.1/thumb/v6-m/nofp/crtn.o
                0x20005000                        _estack = (ORIGIN (RAM) + LENGTH (RAM))
                0x00000200                        _Min_Heap_Size = 0x200
                0x00000400                        _Min_Stack_Size = 0x400

.isr_vector     0x08000000       0xc0
                0x08000000                        . = ALIGN (0x4)
 *(.isr_vector)
 .isr_vector    0x08000000       0xc0 ./Core/Startup/startup_stm32l072cbtx.o
                0x08000000                g_pfnVectors
                0x080000c0                        . = ALIGN (0x4)

.text           0x080000c0     0x7f80
                0x080000c0                        . = ALIGN (0x4)
 *(.text)
 .text          0x080000c0       0x48 C:/ST/STM32CubeIDE_1.19.0/STM32CubeIDE/plugins/com.st.stm32cube.ide.mcu.externaltools.gnu-tools-for-stm32.13.3.rel1.win32_1.0.0.202411081344/tools/bin/../lib/gcc/arm-none-eabi/13.3.1/thumb/v6-m/nofp/crtbegin.o
 .text          0x08000108      0x114 C:/ST/STM32CubeIDE_1.19.0/STM32CubeIDE/plugins/com.st.stm32cube.ide.mcu.externaltools.gnu-tools-for-stm32.13.3.rel1.win32_1.0.0.202411081344/tools/bin/../lib/gcc/arm-none-eabi/13.3.1/thumb/v6-m/nofp\libgcc.a(_udivsi3.o)
                0x08000108                __aeabi_uidiv
                0x08000108                __udivsi3
                0x08000214                __aeabi_uidivmod
 .text          0x0800021c        0x4 C:/ST/STM32CubeIDE_1.19.0/STM32CubeIDE/plugins/com.st.stm32cube.ide.mcu.externaltools.gnu-tools-for-stm32.13.3.rel1.win32_1.0.0.202411081344/tools/bin/../lib/gcc/arm-none-eabi/13.3.1/thumb/v6-m/nofp\libgcc.a(_dvmd_tls.o)
                0x0800021c                __aeabi_idiv0
                0x0800021c                __aeabi_ldiv0
 *(.text*)
 .text.Imu_Start_Transmission
                0x08000220       0x1c ./Core/Src/main.o
                0x08000220                Imu_Start_Transmission
 .text.Imu_Stop_Transmission
                0x0800023c       0x1c ./Core/Src/main.o
                0x0800023c                Imu_Stop_Transmission
 .text.Imu_Reg16_Read
                0x08000258       0x88 ./Core/Src/main.o
                0x08000258                Imu_Reg16_Read
 .text.Imu_SetUp
                0x080002e0       0x90 ./Core/Src/main.o
                0x080002e0                Imu_SetUp
 .text.main     0x08000370       0x50 ./Core/Src/main.o
                0x08000370                main
 .text.SystemClock_Config
                0x080003c0       0xe4 ./Core/Src/main.o
                0x080003c0                SystemClock_Config
 .text.MX_SPI1_Init
                0x080004a4       0x70 ./Core/Src/main.o
 .text.MX_GPIO_Init
                0x08000514      0x10c ./Core/Src/main.o
 .text.Error_Handler
                0x08000620        0xc ./Core/Src/main.o
                0x08000620                Error_Handler
 .text.HAL_MspInit
                0x0800062c       0x28 ./Core/Src/stm32l0xx_hal_msp.o
                0x0800062c                HAL_MspInit
 .text.HAL_SPI_MspInit
                0x08000654       0x88 ./Core/Src/stm32l0xx_hal_msp.o
                0x08000654                HAL_SPI_MspInit
 .text.NMI_Handler
                0x080006dc        0x8 ./Core/Src/stm32l0xx_it.o
                0x080006dc                NMI_Handler
 .text.HardFault_Handler
                0x080006e4        0x8 ./Core/Src/stm32l0xx_it.o
                0x080006e4                HardFault_Handler
 .text.SVC_Handler
                0x080006ec        0xa ./Core/Src/stm32l0xx_it.o
                0x080006ec                SVC_Handler
 .text.PendSV_Handler
                0x080006f6        0xa ./Core/Src/stm32l0xx_it.o
                0x080006f6                PendSV_Handler
 .text.SysTick_Handler
                0x08000700        0xe ./Core/Src/stm32l0xx_it.o
                0x08000700                SysTick_Handler
 *fill*         0x0800070e        0x2 
 .text.USB_IRQHandler
                0x08000710       0x18 ./Core/Src/stm32l0xx_it.o
                0x08000710                USB_IRQHandler
 .text.SystemInit
                0x08000728        0xa ./Core/Src/system_stm32l0xx.o
                0x08000728                SystemInit
 *fill*         0x08000732        0x2 
 .text.Reset_Handler
                0x08000734       0x50 ./Core/Startup/startup_stm32l072cbtx.o
                0x08000734                Reset_Handler
 .text.Default_Handler
                0x08000784        0x2 ./Core/Startup/startup_stm32l072cbtx.o
                0x08000784                TSC_IRQHandler
                0x08000784                ADC1_COMP_IRQHandler
                0x08000784                PVD_IRQHandler
                0x08000784                I2C1_IRQHandler
                0x08000784                RCC_CRS_IRQHandler
                0x08000784                SPI1_IRQHandler
                0x08000784                TIM6_DAC_IRQHandler
                0x08000784                EXTI2_3_IRQHandler
                0x08000784                I2C2_IRQHandler
                0x08000784                RTC_IRQHandler
                0x08000784                DMA1_Channel4_5_6_7_IRQHandler
                0x08000784                TIM3_IRQHandler
                0x08000784                EXTI4_15_IRQHandler
                0x08000784                DMA1_Channel1_IRQHandler
                0x08000784                USART4_5_IRQHandler
                0x08000784                Default_Handler
                0x08000784                TIM22_IRQHandler
                0x08000784                TIM7_IRQHandler
                0x08000784                EXTI0_1_IRQHandler
                0x08000784                I2C3_IRQHandler
                0x08000784                SPI2_IRQHandler
                0x08000784                TIM21_IRQHandler
                0x08000784                WWDG_IRQHandler
                0x08000784                TIM2_IRQHandler
                0x08000784                DMA1_Channel2_3_IRQHandler
                0x08000784                USART2_IRQHandler
                0x08000784                FLASH_IRQHandler
                0x08000784                USART1_IRQHandler
                0x08000784                RNG_LPUART1_IRQHandler
                0x08000784                LPTIM1_IRQHandler
 *fill*         0x08000786        0x2 
 .text.HAL_Init
                0x08000788       0x40 ./Drivers/STM32L0xx_HAL_Driver/Src/stm32l0xx_hal.o
                0x08000788                HAL_Init
 .text.HAL_InitTick
                0x080007c8       0x68 ./Drivers/STM32L0xx_HAL_Driver/Src/stm32l0xx_hal.o
                0x080007c8                HAL_InitTick
 .text.HAL_IncTick
                0x08000830       0x24 ./Drivers/STM32L0xx_HAL_Driver/Src/stm32l0xx_hal.o
                0x08000830                HAL_IncTick
 .text.HAL_GetTick
                0x08000854       0x14 ./Drivers/STM32L0xx_HAL_Driver/Src/stm32l0xx_hal.o
                0x08000854                HAL_GetTick
 .text.__NVIC_EnableIRQ
                0x08000868       0x34 ./Drivers/STM32L0xx_HAL_Driver/Src/stm32l0xx_hal_cortex.o
 .text.__NVIC_SetPriority
                0x0800089c       0xdc ./Drivers/STM32L0xx_HAL_Driver/Src/stm32l0xx_hal_cortex.o
 .text.SysTick_Config
                0x08000978       0x48 ./Drivers/STM32L0xx_HAL_Driver/Src/stm32l0xx_hal_cortex.o
 .text.HAL_NVIC_SetPriority
                0x080009c0       0x2a ./Drivers/STM32L0xx_HAL_Driver/Src/stm32l0xx_hal_cortex.o
                0x080009c0                HAL_NVIC_SetPriority
 .text.HAL_NVIC_EnableIRQ
                0x080009ea       0x20 ./Drivers/STM32L0xx_HAL_Driver/Src/stm32l0xx_hal_cortex.o
                0x080009ea                HAL_NVIC_EnableIRQ
 .text.HAL_SYSTICK_Config
                0x08000a0a       0x1a ./Drivers/STM32L0xx_HAL_Driver/Src/stm32l0xx_hal_cortex.o
                0x08000a0a                HAL_SYSTICK_Config
 .text.HAL_GPIO_Init
                0x08000a24      0x2fc ./Drivers/STM32L0xx_HAL_Driver/Src/stm32l0xx_hal_gpio.o
                0x08000a24                HAL_GPIO_Init
 .text.HAL_GPIO_WritePin
                0x08000d20       0x3a ./Drivers/STM32L0xx_HAL_Driver/Src/stm32l0xx_hal_gpio.o
                0x08000d20                HAL_GPIO_WritePin
 *fill*         0x08000d5a        0x2 
 .text.HAL_PCD_Init
                0x08000d5c      0x1e8 ./Drivers/STM32L0xx_HAL_Driver/Src/stm32l0xx_hal_pcd.o
                0x08000d5c                HAL_PCD_Init
 .text.HAL_PCD_Start
                0x08000f44       0x4a ./Drivers/STM32L0xx_HAL_Driver/Src/stm32l0xx_hal_pcd.o
                0x08000f44                HAL_PCD_Start
 *fill*         0x08000f8e        0x2 
 .text.HAL_PCD_IRQHandler
                0x08000f90      0x288 ./Drivers/STM32L0xx_HAL_Driver/Src/stm32l0xx_hal_pcd.o
                0x08000f90                HAL_PCD_IRQHandler
 .text.HAL_PCD_SetAddress
                0x08001218       0x54 ./Drivers/STM32L0xx_HAL_Driver/Src/stm32l0xx_hal_pcd.o
                0x08001218                HAL_PCD_SetAddress
 .text.HAL_PCD_EP_Open
                0x0800126c       0xe2 ./Drivers/STM32L0xx_HAL_Driver/Src/stm32l0xx_hal_pcd.o
                0x0800126c                HAL_PCD_EP_Open
 .text.HAL_PCD_EP_Close
                0x0800134e       0xa2 ./Drivers/STM32L0xx_HAL_Driver/Src/stm32l0xx_hal_pcd.o
                0x0800134e                HAL_PCD_EP_Close
 .text.HAL_PCD_EP_Receive
                0x080013f0       0x6e ./Drivers/STM32L0xx_HAL_Driver/Src/stm32l0xx_hal_pcd.o
                0x080013f0                HAL_PCD_EP_Receive
 .text.HAL_PCD_EP_GetRxCount
                0x0800145e       0x32 ./Drivers/STM32L0xx_HAL_Driver/Src/stm32l0xx_hal_pcd.o
                0x0800145e                HAL_PCD_EP_GetRxCount
 .text.HAL_PCD_EP_Transmit
                0x08001490       0x78 ./Drivers/STM32L0xx_HAL_Driver/Src/stm32l0xx_hal_pcd.o
                0x08001490                HAL_PCD_EP_Transmit
 .text.HAL_PCD_EP_SetStall
                0x08001508       0xb8 ./Drivers/STM32L0xx_HAL_Driver/Src/stm32l0xx_hal_pcd.o
                0x08001508                HAL_PCD_EP_SetStall
 .text.HAL_PCD_EP_ClrStall
                0x080015c0       0xbc ./Drivers/STM32L0xx_HAL_Driver/Src/stm32l0xx_hal_pcd.o
                0x080015c0                HAL_PCD_EP_ClrStall
 .text.PCD_EP_ISR_Handler
                0x0800167c      0x7a8 ./Drivers/STM32L0xx_HAL_Driver/Src/stm32l0xx_hal_pcd.o
 .text.HAL_PCD_EP_DB_Receive
                0x08001e24      0x238 ./Drivers/STM32L0xx_HAL_Driver/Src/stm32l0xx_hal_pcd.o
 .text.HAL_PCD_EP_DB_Transmit
                0x0800205c      0x890 ./Drivers/STM32L0xx_HAL_Driver/Src/stm32l0xx_hal_pcd.o
 .text.HAL_PCDEx_PMAConfig
                0x080028ec       0x9c ./Drivers/STM32L0xx_HAL_Driver/Src/stm32l0xx_hal_pcd_ex.o
                0x080028ec                HAL_PCDEx_PMAConfig
 .text.HAL_PCDEx_ActivateLPM
                0x08002988       0x54 ./Drivers/STM32L0xx_HAL_Driver/Src/stm32l0xx_hal_pcd_ex.o
                0x08002988                HAL_PCDEx_ActivateLPM
 .text.HAL_PCDEx_LPM_Callback
                0x080029dc       0x16 ./Drivers/STM32L0xx_HAL_Driver/Src/stm32l0xx_hal_pcd_ex.o
                0x080029dc                HAL_PCDEx_LPM_Callback
 *fill*         0x080029f2        0x2 
 .text.HAL_RCC_OscConfig
                0x080029f4      0x7a8 ./Drivers/STM32L0xx_HAL_Driver/Src/stm32l0xx_hal_rcc.o
                0x080029f4                HAL_RCC_OscConfig
 .text.HAL_RCC_ClockConfig
                0x0800319c      0x290 ./Drivers/STM32L0xx_HAL_Driver/Src/stm32l0xx_hal_rcc.o
                0x0800319c                HAL_RCC_ClockConfig
 .text.HAL_RCC_GetSysClockFreq
                0x0800342c      0x108 ./Drivers/STM32L0xx_HAL_Driver/Src/stm32l0xx_hal_rcc.o
                0x0800342c                HAL_RCC_GetSysClockFreq
 .text.HAL_RCCEx_PeriphCLKConfig
                0x08003534      0x2b8 ./Drivers/STM32L0xx_HAL_Driver/Src/stm32l0xx_hal_rcc_ex.o
                0x08003534                HAL_RCCEx_PeriphCLKConfig
 .text.HAL_SPI_Init
                0x080037ec      0x128 ./Drivers/STM32L0xx_HAL_Driver/Src/stm32l0xx_hal_spi.o
                0x080037ec                HAL_SPI_Init
 .text.HAL_SPI_TransmitReceive
                0x08003914      0x37e ./Drivers/STM32L0xx_HAL_Driver/Src/stm32l0xx_hal_spi.o
                0x08003914                HAL_SPI_TransmitReceive
 *fill*         0x08003c92        0x2 
 .text.SPI_WaitFlagStateUntilTimeout
                0x08003c94      0x11c ./Drivers/STM32L0xx_HAL_Driver/Src/stm32l0xx_hal_spi.o
 .text.SPI_EndRxTxTransaction
                0x08003db0       0xb4 ./Drivers/STM32L0xx_HAL_Driver/Src/stm32l0xx_hal_spi.o
 .text.USB_EnableGlobalInt
                0x08003e64       0x2c ./Drivers/STM32L0xx_HAL_Driver/Src/stm32l0xx_ll_usb.o
                0x08003e64                USB_EnableGlobalInt
 .text.USB_DisableGlobalInt
                0x08003e90       0x34 ./Drivers/STM32L0xx_HAL_Driver/Src/stm32l0xx_ll_usb.o
                0x08003e90                USB_DisableGlobalInt
 .text.USB_DevInit
                0x08003ec4       0x38 ./Drivers/STM32L0xx_HAL_Driver/Src/stm32l0xx_ll_usb.o
                0x08003ec4                USB_DevInit
 .text.USB_ActivateEndpoint
                0x08003efc      0x9a8 ./Drivers/STM32L0xx_HAL_Driver/Src/stm32l0xx_ll_usb.o
                0x08003efc                USB_ActivateEndpoint
 .text.USB_DeactivateEndpoint
                0x080048a4      0x380 ./Drivers/STM32L0xx_HAL_Driver/Src/stm32l0xx_ll_usb.o
                0x080048a4                USB_DeactivateEndpoint
 .text.USB_EPStartXfer
                0x08004c24      0xbd8 ./Drivers/STM32L0xx_HAL_Driver/Src/stm32l0xx_ll_usb.o
                0x08004c24                USB_EPStartXfer
 .text.USB_EPSetStall
                0x080057fc       0xa0 ./Drivers/STM32L0xx_HAL_Driver/Src/stm32l0xx_ll_usb.o
                0x080057fc                USB_EPSetStall
 .text.USB_EPClearStall
                0x0800589c      0x158 ./Drivers/STM32L0xx_HAL_Driver/Src/stm32l0xx_ll_usb.o
                0x0800589c                USB_EPClearStall
 .text.USB_SetDevAddress
                0x080059f4       0x28 ./Drivers/STM32L0xx_HAL_Driver/Src/stm32l0xx_ll_usb.o
                0x080059f4                USB_SetDevAddress
 .text.USB_DevConnect
                0x08005a1c       0x2c ./Drivers/STM32L0xx_HAL_Driver/Src/stm32l0xx_ll_usb.o
                0x08005a1c                USB_DevConnect
 .text.USB_ReadInterrupts
                0x08005a48       0x1c ./Drivers/STM32L0xx_HAL_Driver/Src/stm32l0xx_ll_usb.o
                0x08005a48                USB_ReadInterrupts
 .text.USB_WritePMA
                0x08005a64       0x94 ./Drivers/STM32L0xx_HAL_Driver/Src/stm32l0xx_ll_usb.o
                0x08005a64                USB_WritePMA
 .text.USB_ReadPMA
                0x08005af8       0x9e ./Drivers/STM32L0xx_HAL_Driver/Src/stm32l0xx_ll_usb.o
                0x08005af8                USB_ReadPMA
 .text.USBD_CDC_Init
                0x08005b96      0x118 ./Middlewares/ST/STM32_USB_Device_Library/Class/CDC/Src/usbd_cdc.o
 .text.USBD_CDC_DeInit
                0x08005cae       0x88 ./Middlewares/ST/STM32_USB_Device_Library/Class/CDC/Src/usbd_cdc.o
 *fill*         0x08005d36        0x2 
 .text.USBD_CDC_Setup
                0x08005d38      0x190 ./Middlewares/ST/STM32_USB_Device_Library/Class/CDC/Src/usbd_cdc.o
 .text.USBD_CDC_DataIn
                0x08005ec8       0xb6 ./Middlewares/ST/STM32_USB_Device_Library/Class/CDC/Src/usbd_cdc.o
 .text.USBD_CDC_DataOut
                0x08005f7e       0x6a ./Middlewares/ST/STM32_USB_Device_Library/Class/CDC/Src/usbd_cdc.o
 .text.USBD_CDC_EP0_RxReady
                0x08005fe8       0x60 ./Middlewares/ST/STM32_USB_Device_Library/Class/CDC/Src/usbd_cdc.o
 .text.USBD_CDC_GetFSCfgDesc
                0x08006048       0x1c ./Middlewares/ST/STM32_USB_Device_Library/Class/CDC/Src/usbd_cdc.o
 .text.USBD_CDC_GetHSCfgDesc
                0x08006064       0x1c ./Middlewares/ST/STM32_USB_Device_Library/Class/CDC/Src/usbd_cdc.o
 .text.USBD_CDC_GetOtherSpeedCfgDesc
                0x08006080       0x1c ./Middlewares/ST/STM32_USB_Device_Library/Class/CDC/Src/usbd_cdc.o
 .text.USBD_CDC_GetDeviceQualifierDescriptor
                0x0800609c       0x1c ./Middlewares/ST/STM32_USB_Device_Library/Class/CDC/Src/usbd_cdc.o
                0x0800609c                USBD_CDC_GetDeviceQualifierDescriptor
 .text.USBD_CDC_RegisterInterface
                0x080060b8       0x36 ./Middlewares/ST/STM32_USB_Device_Library/Class/CDC/Src/usbd_cdc.o
                0x080060b8                USBD_CDC_RegisterInterface
 .text.USBD_CDC_SetTxBuffer
                0x080060ee       0x38 ./Middlewares/ST/STM32_USB_Device_Library/Class/CDC/Src/usbd_cdc.o
                0x080060ee                USBD_CDC_SetTxBuffer
 .text.USBD_CDC_SetRxBuffer
                0x08006126       0x28 ./Middlewares/ST/STM32_USB_Device_Library/Class/CDC/Src/usbd_cdc.o
                0x08006126                USBD_CDC_SetRxBuffer
 .text.USBD_CDC_ReceivePacket
                0x0800614e       0x5c ./Middlewares/ST/STM32_USB_Device_Library/Class/CDC/Src/usbd_cdc.o
                0x0800614e                USBD_CDC_ReceivePacket
 .text.USBD_Init
                0x080061aa       0x62 ./Middlewares/ST/STM32_USB_Device_Library/Core/Src/usbd_core.o
                0x080061aa                USBD_Init
 .text.USBD_RegisterClass
                0x0800620c       0x40 ./Middlewares/ST/STM32_USB_Device_Library/Core/Src/usbd_core.o
                0x0800620c                USBD_RegisterClass
 .text.USBD_Start
                0x0800624c       0x1a ./Middlewares/ST/STM32_USB_Device_Library/Core/Src/usbd_core.o
                0x0800624c                USBD_Start
 .text.USBD_RunTestMode
                0x08006266       0x12 ./Middlewares/ST/STM32_USB_Device_Library/Core/Src/usbd_core.o
                0x08006266                USBD_RunTestMode
 .text.USBD_SetClassConfig
                0x08006278       0x4e ./Middlewares/ST/STM32_USB_Device_Library/Core/Src/usbd_core.o
                0x08006278                USBD_SetClassConfig
 .text.USBD_ClrClassConfig
                0x080062c6       0x2c ./Middlewares/ST/STM32_USB_Device_Library/Core/Src/usbd_core.o
                0x080062c6                USBD_ClrClassConfig
 *fill*         0x080062f2        0x2 
 .text.USBD_LL_SetupStage
                0x080062f4       0xbc ./Middlewares/ST/STM32_USB_Device_Library/Core/Src/usbd_core.o
                0x080062f4                USBD_LL_SetupStage
 .text.USBD_LL_DataOutStage
                0x080063b0      0x104 ./Middlewares/ST/STM32_USB_Device_Library/Core/Src/usbd_core.o
                0x080063b0                USBD_LL_DataOutStage
 .text.USBD_LL_DataInStage
                0x080064b4      0x17a ./Middlewares/ST/STM32_USB_Device_Library/Core/Src/usbd_core.o
                0x080064b4                USBD_LL_DataInStage
 .text.USBD_LL_Reset
                0x0800662e       0x90 ./Middlewares/ST/STM32_USB_Device_Library/Core/Src/usbd_core.o
                0x0800662e                USBD_LL_Reset
 .text.USBD_LL_SetSpeed
                0x080066be       0x20 ./Middlewares/ST/STM32_USB_Device_Library/Core/Src/usbd_core.o
                0x080066be                USBD_LL_SetSpeed
 *fill*         0x080066de        0x2 
 .text.USBD_LL_Suspend
                0x080066e0       0x30 ./Middlewares/ST/STM32_USB_Device_Library/Core/Src/usbd_core.o
                0x080066e0                USBD_LL_Suspend
 .text.USBD_LL_Resume
                0x08006710       0x30 ./Middlewares/ST/STM32_USB_Device_Library/Core/Src/usbd_core.o
                0x08006710                USBD_LL_Resume
 .text.USBD_LL_SOF
                0x08006740       0x3c ./Middlewares/ST/STM32_USB_Device_Library/Core/Src/usbd_core.o
                0x08006740                USBD_LL_SOF
 .text.USBD_StdDevReq
                0x0800677c       0xe4 ./Middlewares/ST/STM32_USB_Device_Library/Core/Src/usbd_ctlreq.o
                0x0800677c                USBD_StdDevReq
 .text.USBD_StdItfReq
                0x08006860       0xae ./Middlewares/ST/STM32_USB_Device_Library/Core/Src/usbd_ctlreq.o
                0x08006860                USBD_StdItfReq
 .text.USBD_StdEPReq
                0x0800690e      0x36c ./Middlewares/ST/STM32_USB_Device_Library/Core/Src/usbd_ctlreq.o
                0x0800690e                USBD_StdEPReq
 *fill*         0x08006c7a        0x2 
 .text.USBD_GetDescriptor
                0x08006c7c      0x364 ./Middlewares/ST/STM32_USB_Device_Library/Core/Src/usbd_ctlreq.o
 .text.USBD_SetAddress
                0x08006fe0       0xa8 ./Middlewares/ST/STM32_USB_Device_Library/Core/Src/usbd_ctlreq.o
 .text.USBD_SetConfig
                0x08007088      0x148 ./Middlewares/ST/STM32_USB_Device_Library/Core/Src/usbd_ctlreq.o
 .text.USBD_GetConfig
                0x080071d0       0x76 ./Middlewares/ST/STM32_USB_Device_Library/Core/Src/usbd_ctlreq.o
 .text.USBD_GetStatus
                0x08007246       0x74 ./Middlewares/ST/STM32_USB_Device_Library/Core/Src/usbd_ctlreq.o
 .text.USBD_SetFeature
                0x080072ba       0x2c ./Middlewares/ST/STM32_USB_Device_Library/Core/Src/usbd_ctlreq.o
 .text.USBD_ClrFeature
                0x080072e6       0x4c ./Middlewares/ST/STM32_USB_Device_Library/Core/Src/usbd_ctlreq.o
 .text.USBD_ParseSetupRequest
                0x08007332       0x70 ./Middlewares/ST/STM32_USB_Device_Library/Core/Src/usbd_ctlreq.o
                0x08007332                USBD_ParseSetupRequest
 .text.USBD_CtlError
                0x080073a2       0x26 ./Middlewares/ST/STM32_USB_Device_Library/Core/Src/usbd_ctlreq.o
                0x080073a2                USBD_CtlError
 .text.USBD_GetString
                0x080073c8       0x9c ./Middlewares/ST/STM32_USB_Device_Library/Core/Src/usbd_ctlreq.o
                0x080073c8                USBD_GetString
 .text.USBD_GetLen
                0x08007464       0x3a ./Middlewares/ST/STM32_USB_Device_Library/Core/Src/usbd_ctlreq.o
 .text.USBD_CtlSendData
                0x0800749e       0x40 ./Middlewares/ST/STM32_USB_Device_Library/Core/Src/usbd_ioreq.o
                0x0800749e                USBD_CtlSendData
 .text.USBD_CtlContinueSendData
                0x080074de       0x26 ./Middlewares/ST/STM32_USB_Device_Library/Core/Src/usbd_ioreq.o
                0x080074de                USBD_CtlContinueSendData
 .text.USBD_CtlPrepareRx
                0x08007504       0x48 ./Middlewares/ST/STM32_USB_Device_Library/Core/Src/usbd_ioreq.o
                0x08007504                USBD_CtlPrepareRx
 .text.USBD_CtlContinueRx
                0x0800754c       0x26 ./Middlewares/ST/STM32_USB_Device_Library/Core/Src/usbd_ioreq.o
                0x0800754c                USBD_CtlContinueRx
 .text.USBD_CtlSendStatus
                0x08007572       0x28 ./Middlewares/ST/STM32_USB_Device_Library/Core/Src/usbd_ioreq.o
                0x08007572                USBD_CtlSendStatus
 .text.USBD_CtlReceiveStatus
                0x0800759a       0x28 ./Middlewares/ST/STM32_USB_Device_Library/Core/Src/usbd_ioreq.o
                0x0800759a                USBD_CtlReceiveStatus
 *fill*         0x080075c2        0x2 
 .text.MX_USB_DEVICE_Init
                0x080075c4       0x68 ./USB_DEVICE/App/usb_device.o
                0x080075c4                MX_USB_DEVICE_Init
 .text.CDC_Init_FS
                0x0800762c       0x30 ./USB_DEVICE/App/usbd_cdc_if.o
 .text.CDC_DeInit_FS
                0x0800765c        0xc ./USB_DEVICE/App/usbd_cdc_if.o
 .text.CDC_Control_FS
                0x08007668       0x38 ./USB_DEVICE/App/usbd_cdc_if.o
 .text.CDC_Receive_FS
                0x080076a0       0x2c ./USB_DEVICE/App/usbd_cdc_if.o
 .text.USBD_FS_DeviceDescriptor
                0x080076cc       0x24 ./USB_DEVICE/App/usbd_desc.o
                0x080076cc                USBD_FS_DeviceDescriptor
 .text.USBD_FS_LangIDStrDescriptor
                0x080076f0       0x24 ./USB_DEVICE/App/usbd_desc.o
                0x080076f0                USBD_FS_LangIDStrDescriptor
 .text.USBD_FS_ProductStrDescriptor
                0x08007714       0x44 ./USB_DEVICE/App/usbd_desc.o
                0x08007714                USBD_FS_ProductStrDescriptor
 .text.USBD_FS_ManufacturerStrDescriptor
                0x08007758       0x2c ./USB_DEVICE/App/usbd_desc.o
                0x08007758                USBD_FS_ManufacturerStrDescriptor
 .text.USBD_FS_SerialStrDescriptor
                0x08007784       0x28 ./USB_DEVICE/App/usbd_desc.o
                0x08007784                USBD_FS_SerialStrDescriptor
 .text.USBD_FS_ConfigStrDescriptor
                0x080077ac       0x44 ./USB_DEVICE/App/usbd_desc.o
                0x080077ac                USBD_FS_ConfigStrDescriptor
 .text.USBD_FS_InterfaceStrDescriptor
                0x080077f0       0x44 ./USB_DEVICE/App/usbd_desc.o
                0x080077f0                USBD_FS_InterfaceStrDescriptor
 .text.Get_SerialNum
                0x08007834       0x5c ./USB_DEVICE/App/usbd_desc.o
 .text.IntToUnicode
                0x08007890       0x96 ./USB_DEVICE/App/usbd_desc.o
 *fill*         0x08007926        0x2 
 .text.HAL_PCD_MspInit
                0x08007928       0x40 ./USB_DEVICE/Target/usbd_conf.o
                0x08007928                HAL_PCD_MspInit
 .text.HAL_PCD_SetupStageCallback
                0x08007968       0x2a ./USB_DEVICE/Target/usbd_conf.o
                0x08007968                HAL_PCD_SetupStageCallback
 .text.HAL_PCD_DataOutStageCallback
                0x08007992       0x42 ./USB_DEVICE/Target/usbd_conf.o
                0x08007992                HAL_PCD_DataOutStageCallback
 .text.HAL_PCD_DataInStageCallback
                0x080079d4       0x3c ./USB_DEVICE/Target/usbd_conf.o
                0x080079d4                HAL_PCD_DataInStageCallback
 .text.HAL_PCD_SOFCallback
                0x08007a10       0x1e ./USB_DEVICE/Target/usbd_conf.o
                0x08007a10                HAL_PCD_SOFCallback
 .text.HAL_PCD_ResetCallback
                0x08007a2e       0x48 ./USB_DEVICE/Target/usbd_conf.o
                0x08007a2e                HAL_PCD_ResetCallback
 *fill*         0x08007a76        0x2 
 .text.HAL_PCD_SuspendCallback
                0x08007a78       0x38 ./USB_DEVICE/Target/usbd_conf.o
                0x08007a78                HAL_PCD_SuspendCallback
 .text.HAL_PCD_ResumeCallback
                0x08007ab0       0x3c ./USB_DEVICE/Target/usbd_conf.o
                0x08007ab0                HAL_PCD_ResumeCallback
 .text.USBD_LL_Init
                0x08007aec       0xc8 ./USB_DEVICE/Target/usbd_conf.o
                0x08007aec                USBD_LL_Init
 .text.USBD_LL_Start
                0x08007bb4       0x4a ./USB_DEVICE/Target/usbd_conf.o
                0x08007bb4                USBD_LL_Start
 .text.USBD_LL_OpenEP
                0x08007bfe       0x6e ./USB_DEVICE/Target/usbd_conf.o
                0x08007bfe                USBD_LL_OpenEP
 .text.USBD_LL_CloseEP
                0x08007c6c       0x56 ./USB_DEVICE/Target/usbd_conf.o
                0x08007c6c                USBD_LL_CloseEP
 .text.USBD_LL_StallEP
                0x08007cc2       0x56 ./USB_DEVICE/Target/usbd_conf.o
                0x08007cc2                USBD_LL_StallEP
 .text.USBD_LL_ClearStallEP
                0x08007d18       0x56 ./USB_DEVICE/Target/usbd_conf.o
                0x08007d18                USBD_LL_ClearStallEP
 .text.USBD_LL_IsStallEP
                0x08007d6e       0x60 ./USB_DEVICE/Target/usbd_conf.o
                0x08007d6e                USBD_LL_IsStallEP
 .text.USBD_LL_SetUSBAddress
                0x08007dce       0x56 ./USB_DEVICE/Target/usbd_conf.o
                0x08007dce                USBD_LL_SetUSBAddress
 .text.USBD_LL_Transmit
                0x08007e24       0x6e ./USB_DEVICE/Target/usbd_conf.o
                0x08007e24                USBD_LL_Transmit
 .text.USBD_LL_PrepareReceive
                0x08007e92       0x6e ./USB_DEVICE/Target/usbd_conf.o
                0x08007e92                USBD_LL_PrepareReceive
 .text.USBD_LL_GetRxDataSize
                0x08007f00       0x2c ./USB_DEVICE/Target/usbd_conf.o
                0x08007f00                USBD_LL_GetRxDataSize
 .text.USBD_static_malloc
                0x08007f2c       0x18 ./USB_DEVICE/Target/usbd_conf.o
                0x08007f2c                USBD_static_malloc
 .text.USBD_static_free
                0x08007f44       0x10 ./USB_DEVICE/Target/usbd_conf.o
                0x08007f44                USBD_static_free
 .text.SystemClockConfig_Resume
                0x08007f54        0xe ./USB_DEVICE/Target/usbd_conf.o
 .text.USBD_Get_USB_Status
                0x08007f62       0x6e ./USB_DEVICE/Target/usbd_conf.o
 .text.memset   0x08007fd0       0x10 C:/ST/STM32CubeIDE_1.19.0/STM32CubeIDE/plugins/com.st.stm32cube.ide.mcu.externaltools.gnu-tools-for-stm32.13.3.rel1.win32_1.0.0.202411081344/tools/bin/../lib/gcc/arm-none-eabi/13.3.1/../../../../arm-none-eabi/lib/thumb/v6-m/nofp\libc_nano.a(libc_a-memset.o)
                0x08007fd0                memset
 .text.__libc_init_array
                0x08007fe0       0x48 C:/ST/STM32CubeIDE_1.19.0/STM32CubeIDE/plugins/com.st.stm32cube.ide.mcu.externaltools.gnu-tools-for-stm32.13.3.rel1.win32_1.0.0.202411081344/tools/bin/../lib/gcc/arm-none-eabi/13.3.1/../../../../arm-none-eabi/lib/thumb/v6-m/nofp\libc_nano.a(libc_a-init.o)
                0x08007fe0                __libc_init_array
 *(.glue_7)
 .glue_7        0x08008028        0x0 linker stubs
 *(.glue_7t)
 .glue_7t       0x08008028        0x0 linker stubs
 *(.eh_frame)
 .eh_frame      0x08008028        0x0 C:/ST/STM32CubeIDE_1.19.0/STM32CubeIDE/plugins/com.st.stm32cube.ide.mcu.externaltools.gnu-tools-for-stm32.13.3.rel1.win32_1.0.0.202411081344/tools/bin/../lib/gcc/arm-none-eabi/13.3.1/thumb/v6-m/nofp/crtbegin.o
 *(.init)
 .init          0x08008028        0x4 C:/ST/STM32CubeIDE_1.19.0/STM32CubeIDE/plugins/com.st.stm32cube.ide.mcu.externaltools.gnu-tools-for-stm32.13.3.rel1.win32_1.0.0.202411081344/tools/bin/../lib/gcc/arm-none-eabi/13.3.1/thumb/v6-m/nofp/crti.o
                0x08008028                _init
 .init          0x0800802c        0x8 C:/ST/STM32CubeIDE_1.19.0/STM32CubeIDE/plugins/com.st.stm32cube.ide.mcu.externaltools.gnu-tools-for-stm32.13.3.rel1.win32_1.0.0.202411081344/tools/bin/../lib/gcc/arm-none-eabi/13.3.1/thumb/v6-m/nofp/crtn.o
 *(.fini)
 .fini          0x08008034        0x4 C:/ST/STM32CubeIDE_1.19.0/STM32CubeIDE/plugins/com.st.stm32cube.ide.mcu.externaltools.gnu-tools-for-stm32.13.3.rel1.win32_1.0.0.202411081344/tools/bin/../lib/gcc/arm-none-eabi/13.3.1/thumb/v6-m/nofp/crti.o
                0x08008034                _fini
 .fini          0x08008038        0x8 C:/ST/STM32CubeIDE_1.19.0/STM32CubeIDE/plugins/com.st.stm32cube.ide.mcu.externaltools.gnu-tools-for-stm32.13.3.rel1.win32_1.0.0.202411081344/tools/bin/../lib/gcc/arm-none-eabi/13.3.1/thumb/v6-m/nofp/crtn.o
                0x08008040                        . = ALIGN (0x4)
                0x08008040                        _etext = .

.vfp11_veneer   0x08008040        0x0
 .vfp11_veneer  0x08008040        0x0 linker stubs

.v4_bx          0x08008040        0x0
 .v4_bx         0x08008040        0x0 linker stubs

.iplt           0x08008040        0x0
 .iplt          0x08008040        0x0 C:/ST/STM32CubeIDE_1.19.0/STM32CubeIDE/plugins/com.st.stm32cube.ide.mcu.externaltools.gnu-tools-for-stm32.13.3.rel1.win32_1.0.0.202411081344/tools/bin/../lib/gcc/arm-none-eabi/13.3.1/thumb/v6-m/nofp/crtbegin.o

.rodata         0x08008040      0x154
                0x08008040                        . = ALIGN (0x4)
 *(.rodata)
 .rodata        0x08008040       0x46 ./USB_DEVICE/App/usbd_desc.o
 *(.rodata*)
 *fill*         0x08008086        0x2 
 .rodata.AHBPrescTable
                0x08008088       0x10 ./Core/Src/system_stm32l0xx.o
                0x08008088                AHBPrescTable
 .rodata.PLLMulTable
                0x08008098        0x9 ./Core/Src/system_stm32l0xx.o
                0x08008098                PLLMulTable
 *fill*         0x080080a1        0x3 
 .rodata.USBD_StdDevReq
                0x080080a4       0x28 ./Middlewares/ST/STM32_USB_Device_Library/Core/Src/usbd_ctlreq.o
 .rodata.USBD_GetDescriptor
                0x080080cc       0x38 ./Middlewares/ST/STM32_USB_Device_Library/Core/Src/usbd_ctlreq.o
 .rodata.CDC_Control_FS
                0x08008104       0x90 ./USB_DEVICE/App/usbd_cdc_if.o
                0x08008194                        . = ALIGN (0x4)

.ARM.extab      0x08008194        0x0
                0x08008194                        . = ALIGN (0x4)
 *(.ARM.extab* .gnu.linkonce.armextab.*)
                0x08008194                        . = ALIGN (0x4)

.ARM            0x08008194        0x0
                0x08008194                        . = ALIGN (0x4)
                0x08008194                        __exidx_start = .
 *(.ARM.exidx*)
                0x08008194                        __exidx_end = .
                0x08008194                        . = ALIGN (0x4)

.preinit_array  0x08008194        0x0
                0x08008194                        . = ALIGN (0x4)
                0x08008194                        PROVIDE (__preinit_array_start = .)
 *(.preinit_array*)
                0x08008194                        PROVIDE (__preinit_array_end = .)
                0x08008194                        . = ALIGN (0x4)

.init_array     0x08008194        0x4
                0x08008194                        . = ALIGN (0x4)
                0x08008194                        PROVIDE (__init_array_start = .)
 *(SORT_BY_NAME(.init_array.*))
 *(.init_array*)
 .init_array    0x08008194        0x4 C:/ST/STM32CubeIDE_1.19.0/STM32CubeIDE/plugins/com.st.stm32cube.ide.mcu.externaltools.gnu-tools-for-stm32.13.3.rel1.win32_1.0.0.202411081344/tools/bin/../lib/gcc/arm-none-eabi/13.3.1/thumb/v6-m/nofp/crtbegin.o
                0x08008198                        PROVIDE (__init_array_end = .)
                0x08008198                        . = ALIGN (0x4)

.fini_array     0x08008198        0x4
                0x08008198                        . = ALIGN (0x4)
                [!provide]                        PROVIDE (__fini_array_start = .)
 *(SORT_BY_NAME(.fini_array.*))
 *(.fini_array*)
 .fini_array    0x08008198        0x4 C:/ST/STM32CubeIDE_1.19.0/STM32CubeIDE/plugins/com.st.stm32cube.ide.mcu.externaltools.gnu-tools-for-stm32.13.3.rel1.win32_1.0.0.202411081344/tools/bin/../lib/gcc/arm-none-eabi/13.3.1/thumb/v6-m/nofp/crtbegin.o
                [!provide]                        PROVIDE (__fini_array_end = .)
                0x0800819c                        . = ALIGN (0x4)
                0x0800819c                        _sidata = LOADADDR (.data)

.rel.dyn        0x0800819c        0x0
 .rel.iplt      0x0800819c        0x0 C:/ST/STM32CubeIDE_1.19.0/STM32CubeIDE/plugins/com.st.stm32cube.ide.mcu.externaltools.gnu-tools-for-stm32.13.3.rel1.win32_1.0.0.202411081344/tools/bin/../lib/gcc/arm-none-eabi/13.3.1/thumb/v6-m/nofp/crtbegin.o

.data           0x20000000      0x17c load address 0x0800819c
                0x20000000                        . = ALIGN (0x4)
                0x20000000                        _sdata = .
 *(.data)
 *(.data*)
 .data.SystemCoreClock
                0x20000000        0x4 ./Core/Src/system_stm32l0xx.o
                0x20000000                SystemCoreClock
 .data.uwTickPrio
                0x20000004        0x4 ./Drivers/STM32L0xx_HAL_Driver/Src/stm32l0xx_hal.o
                0x20000004                uwTickPrio
 .data.uwTickFreq
                0x20000008        0x1 ./Drivers/STM32L0xx_HAL_Driver/Src/stm32l0xx_hal.o
                0x20000008                uwTickFreq
 *fill*         0x20000009        0x3 
 .data.USBD_CDC_DeviceQualifierDesc
                0x2000000c        0xa ./Middlewares/ST/STM32_USB_Device_Library/Class/CDC/Src/usbd_cdc.o
 *fill*         0x20000016        0x2 
 .data.USBD_CDC
                0x20000018       0x38 ./Middlewares/ST/STM32_USB_Device_Library/Class/CDC/Src/usbd_cdc.o
                0x20000018                USBD_CDC
 .data.USBD_CDC_CfgHSDesc
                0x20000050       0x43 ./Middlewares/ST/STM32_USB_Device_Library/Class/CDC/Src/usbd_cdc.o
                0x20000050                USBD_CDC_CfgHSDesc
 *fill*         0x20000093        0x1 
 .data.USBD_CDC_CfgFSDesc
                0x20000094       0x43 ./Middlewares/ST/STM32_USB_Device_Library/Class/CDC/Src/usbd_cdc.o
                0x20000094                USBD_CDC_CfgFSDesc
 *fill*         0x200000d7        0x1 
 .data.USBD_CDC_OtherSpeedCfgDesc
                0x200000d8       0x43 ./Middlewares/ST/STM32_USB_Device_Library/Class/CDC/Src/usbd_cdc.o
                0x200000d8                USBD_CDC_OtherSpeedCfgDesc
 *fill*         0x2000011b        0x1 
 .data.USBD_Interface_fops_FS
                0x2000011c       0x10 ./USB_DEVICE/App/usbd_cdc_if.o
                0x2000011c                USBD_Interface_fops_FS
 .data.FS_Desc  0x2000012c       0x1c ./USB_DEVICE/App/usbd_desc.o
                0x2000012c                FS_Desc
 .data.USBD_FS_DeviceDesc
                0x20000148       0x12 ./USB_DEVICE/App/usbd_desc.o
                0x20000148                USBD_FS_DeviceDesc
 *fill*         0x2000015a        0x2 
 .data.USBD_LangIDDesc
                0x2000015c        0x4 ./USB_DEVICE/App/usbd_desc.o
                0x2000015c                USBD_LangIDDesc
 .data.USBD_StringSerial
                0x20000160       0x1a ./USB_DEVICE/App/usbd_desc.o
                0x20000160                USBD_StringSerial
 *(.RamFunc)
 *(.RamFunc*)
                0x2000017c                        . = ALIGN (0x4)
 *fill*         0x2000017a        0x2 
                0x2000017c                        _edata = .

.igot.plt       0x2000017c        0x0 load address 0x08008318
 .igot.plt      0x2000017c        0x0 C:/ST/STM32CubeIDE_1.19.0/STM32CubeIDE/plugins/com.st.stm32cube.ide.mcu.externaltools.gnu-tools-for-stm32.13.3.rel1.win32_1.0.0.202411081344/tools/bin/../lib/gcc/arm-none-eabi/13.3.1/thumb/v6-m/nofp/crtbegin.o
                0x2000017c                        . = ALIGN (0x4)

.bss            0x2000017c     0x1240 load address 0x08008318
                0x2000017c                        _sbss = .
                0x2000017c                        __bss_start__ = _sbss
 *(.bss)
 .bss           0x2000017c       0x1c C:/ST/STM32CubeIDE_1.19.0/STM32CubeIDE/plugins/com.st.stm32cube.ide.mcu.externaltools.gnu-tools-for-stm32.13.3.rel1.win32_1.0.0.202411081344/tools/bin/../lib/gcc/arm-none-eabi/13.3.1/thumb/v6-m/nofp/crtbegin.o
 *(.bss*)
 .bss.hspi1     0x20000198       0x58 ./Core/Src/main.o
                0x20000198                hspi1
 .bss.imu_first_time
                0x200001f0        0x1 ./Core/Src/main.o
                0x200001f0                imu_first_time
 *fill*         0x200001f1        0x3 
 .bss.uwTick    0x200001f4        0x4 ./Drivers/STM32L0xx_HAL_Driver/Src/stm32l0xx_hal.o
                0x200001f4                uwTick
 .bss.cfgidx.0  0x200001f8        0x1 ./Middlewares/ST/STM32_USB_Device_Library/Core/Src/usbd_ctlreq.o
 *fill*         0x200001f9        0x3 
 .bss.hUsbDeviceFS
                0x200001fc      0x2c4 ./USB_DEVICE/App/usb_device.o
                0x200001fc                hUsbDeviceFS
 .bss.UserRxBufferFS
                0x200004c0      0x400 ./USB_DEVICE/App/usbd_cdc_if.o
                0x200004c0                UserRxBufferFS
 .bss.UserTxBufferFS
                0x200008c0      0x400 ./USB_DEVICE/App/usbd_cdc_if.o
                0x200008c0                UserTxBufferFS
 .bss.USBD_StrDesc
                0x20000cc0      0x200 ./USB_DEVICE/App/usbd_desc.o
                0x20000cc0                USBD_StrDesc
 .bss.hpcd_USB_FS
                0x20000ec0      0x2dc ./USB_DEVICE/Target/usbd_conf.o
                0x20000ec0                hpcd_USB_FS
 .bss.mem.0     0x2000119c      0x220 ./USB_DEVICE/Target/usbd_conf.o
 *(COMMON)
                0x200013bc                        . = ALIGN (0x4)
                0x200013bc                        _ebss = .
                0x200013bc                        __bss_end__ = _ebss

._user_heap_stack
                0x200013bc      0x604 load address 0x08008318
                0x200013c0                        . = ALIGN (0x8)
 *fill*         0x200013bc        0x4 
                [!provide]                        PROVIDE (end = .)
                0x200013c0                        PROVIDE (_end = .)
                0x200015c0                        . = (. + _Min_Heap_Size)
 *fill*         0x200013c0      0x200 
                0x200019c0                        . = (. + _Min_Stack_Size)
 *fill*         0x200015c0      0x400 
                0x200019c0                        . = ALIGN (0x8)

/DISCARD/
 libc.a(*)
 libm.a(*)
 libgcc.a(*)

.ARM.attributes
                0x00000000       0x28
 *(.ARM.attributes)
 .ARM.attributes
                0x00000000       0x1e C:/ST/STM32CubeIDE_1.19.0/STM32CubeIDE/plugins/com.st.stm32cube.ide.mcu.externaltools.gnu-tools-for-stm32.13.3.rel1.win32_1.0.0.202411081344/tools/bin/../lib/gcc/arm-none-eabi/13.3.1/thumb/v6-m/nofp/crti.o
 .ARM.attributes
                0x0000001e       0x2c C:/ST/STM32CubeIDE_1.19.0/STM32CubeIDE/plugins/com.st.stm32cube.ide.mcu.externaltools.gnu-tools-for-stm32.13.3.rel1.win32_1.0.0.202411081344/tools/bin/../lib/gcc/arm-none-eabi/13.3.1/thumb/v6-m/nofp/crtbegin.o
 .ARM.attributes
                0x0000004a       0x2c ./Core/Src/main.o
 .ARM.attributes
                0x00000076       0x2c ./Core/Src/stm32l0xx_hal_msp.o
 .ARM.attributes
                0x000000a2       0x2c ./Core/Src/stm32l0xx_it.o
 .ARM.attributes
                0x000000ce       0x2c ./Core/Src/system_stm32l0xx.o
 .ARM.attributes
                0x000000fa       0x22 ./Core/Startup/startup_stm32l072cbtx.o
 .ARM.attributes
                0x0000011c       0x2c ./Drivers/STM32L0xx_HAL_Driver/Src/stm32l0xx_hal.o
 .ARM.attributes
                0x00000148       0x2c ./Drivers/STM32L0xx_HAL_Driver/Src/stm32l0xx_hal_cortex.o
 .ARM.attributes
                0x00000174       0x2c ./Drivers/STM32L0xx_HAL_Driver/Src/stm32l0xx_hal_gpio.o
 .ARM.attributes
                0x000001a0       0x2c ./Drivers/STM32L0xx_HAL_Driver/Src/stm32l0xx_hal_pcd.o
 .ARM.attributes
                0x000001cc       0x2c ./Drivers/STM32L0xx_HAL_Driver/Src/stm32l0xx_hal_pcd_ex.o
 .ARM.attributes
                0x000001f8       0x2c ./Drivers/STM32L0xx_HAL_Driver/Src/stm32l0xx_hal_rcc.o
 .ARM.attributes
                0x00000224       0x2c ./Drivers/STM32L0xx_HAL_Driver/Src/stm32l0xx_hal_rcc_ex.o
 .ARM.attributes
                0x00000250       0x2c ./Drivers/STM32L0xx_HAL_Driver/Src/stm32l0xx_hal_spi.o
 .ARM.attributes
                0x0000027c       0x2c ./Drivers/STM32L0xx_HAL_Driver/Src/stm32l0xx_ll_usb.o
 .ARM.attributes
                0x000002a8       0x2c ./Middlewares/ST/STM32_USB_Device_Library/Class/CDC/Src/usbd_cdc.o
 .ARM.attributes
                0x000002d4       0x2c ./Middlewares/ST/STM32_USB_Device_Library/Core/Src/usbd_core.o
 .ARM.attributes
                0x00000300       0x2c ./Middlewares/ST/STM32_USB_Device_Library/Core/Src/usbd_ctlreq.o
 .ARM.attributes
                0x0000032c       0x2c ./Middlewares/ST/STM32_USB_Device_Library/Core/Src/usbd_ioreq.o
 .ARM.attributes
                0x00000358       0x2c ./USB_DEVICE/App/usb_device.o
 .ARM.attributes
                0x00000384       0x2c ./USB_DEVICE/App/usbd_cdc_if.o
 .ARM.attributes
                0x000003b0       0x2c ./USB_DEVICE/App/usbd_desc.o
 .ARM.attributes
                0x000003dc       0x2c ./USB_DEVICE/Target/usbd_conf.o
 .ARM.attributes
                0x00000408       0x2c C:/ST/STM32CubeIDE_1.19.0/STM32CubeIDE/plugins/com.st.stm32cube.ide.mcu.externaltools.gnu-tools-for-stm32.13.3.rel1.win32_1.0.0.202411081344/tools/bin/../lib/gcc/arm-none-eabi/13.3.1/../../../../arm-none-eabi/lib/thumb/v6-m/nofp\libc_nano.a(libc_a-memset.o)
 .ARM.attributes
                0x00000434       0x2c C:/ST/STM32CubeIDE_1.19.0/STM32CubeIDE/plugins/com.st.stm32cube.ide.mcu.externaltools.gnu-tools-for-stm32.13.3.rel1.win32_1.0.0.202411081344/tools/bin/../lib/gcc/arm-none-eabi/13.3.1/../../../../arm-none-eabi/lib/thumb/v6-m/nofp\libc_nano.a(libc_a-init.o)
 .ARM.attributes
                0x00000460       0x1e C:/ST/STM32CubeIDE_1.19.0/STM32CubeIDE/plugins/com.st.stm32cube.ide.mcu.externaltools.gnu-tools-for-stm32.13.3.rel1.win32_1.0.0.202411081344/tools/bin/../lib/gcc/arm-none-eabi/13.3.1/thumb/v6-m/nofp\libgcc.a(_udivsi3.o)
 .ARM.attributes
                0x0000047e       0x1e C:/ST/STM32CubeIDE_1.19.0/STM32CubeIDE/plugins/com.st.stm32cube.ide.mcu.externaltools.gnu-tools-for-stm32.13.3.rel1.win32_1.0.0.202411081344/tools/bin/../lib/gcc/arm-none-eabi/13.3.1/thumb/v6-m/nofp\libgcc.a(_dvmd_tls.o)
 .ARM.attributes
                0x0000049c       0x1e C:/ST/STM32CubeIDE_1.19.0/STM32CubeIDE/plugins/com.st.stm32cube.ide.mcu.externaltools.gnu-tools-for-stm32.13.3.rel1.win32_1.0.0.202411081344/tools/bin/../lib/gcc/arm-none-eabi/13.3.1/thumb/v6-m/nofp/crtn.o
OUTPUT(FCS - Summer Project Code and Setup.elf elf32-littlearm)
LOAD linker stubs
LOAD C:/ST/STM32CubeIDE_1.19.0/STM32CubeIDE/plugins/com.st.stm32cube.ide.mcu.externaltools.gnu-tools-for-stm32.13.3.rel1.win32_1.0.0.202411081344/tools/bin/../lib/gcc/arm-none-eabi/13.3.1/../../../../arm-none-eabi/lib/thumb/v6-m/nofp\libc.a
LOAD C:/ST/STM32CubeIDE_1.19.0/STM32CubeIDE/plugins/com.st.stm32cube.ide.mcu.externaltools.gnu-tools-for-stm32.13.3.rel1.win32_1.0.0.202411081344/tools/bin/../lib/gcc/arm-none-eabi/13.3.1/../../../../arm-none-eabi/lib/thumb/v6-m/nofp\libm.a
LOAD C:/ST/STM32CubeIDE_1.19.0/STM32CubeIDE/plugins/com.st.stm32cube.ide.mcu.externaltools.gnu-tools-for-stm32.13.3.rel1.win32_1.0.0.202411081344/tools/bin/../lib/gcc/arm-none-eabi/13.3.1/thumb/v6-m/nofp\libgcc.a

.debug_info     0x00000000     0xe577
 .debug_info    0x00000000      0xd79 ./Core/Src/main.o
 .debug_info    0x00000d79      0x829 ./Core/Src/stm32l0xx_hal_msp.o
 .debug_info    0x000015a2      0x5f2 ./Core/Src/stm32l0xx_it.o
 .debug_info    0x00001b94      0x2d0 ./Core/Src/system_stm32l0xx.o
 .debug_info    0x00001e64       0x30 ./Core/Startup/startup_stm32l072cbtx.o
 .debug_info    0x00001e94      0x8a6 ./Drivers/STM32L0xx_HAL_Driver/Src/stm32l0xx_hal.o
 .debug_info    0x0000273a      0x89c ./Drivers/STM32L0xx_HAL_Driver/Src/stm32l0xx_hal_cortex.o
 .debug_info    0x00002fd6      0x617 ./Drivers/STM32L0xx_HAL_Driver/Src/stm32l0xx_hal_gpio.o
 .debug_info    0x000035ed     0x166c ./Drivers/STM32L0xx_HAL_Driver/Src/stm32l0xx_hal_pcd.o
 .debug_info    0x00004c59      0x80a ./Drivers/STM32L0xx_HAL_Driver/Src/stm32l0xx_hal_pcd_ex.o
 .debug_info    0x00005463      0xa2a ./Drivers/STM32L0xx_HAL_Driver/Src/stm32l0xx_hal_rcc.o
 .debug_info    0x00005e8d      0x7e0 ./Drivers/STM32L0xx_HAL_Driver/Src/stm32l0xx_hal_rcc_ex.o
 .debug_info    0x0000666d     0x14f4 ./Drivers/STM32L0xx_HAL_Driver/Src/stm32l0xx_hal_spi.o
 .debug_info    0x00007b61     0x1579 ./Drivers/STM32L0xx_HAL_Driver/Src/stm32l0xx_ll_usb.o
 .debug_info    0x000090da     0x1074 ./Middlewares/ST/STM32_USB_Device_Library/Class/CDC/Src/usbd_cdc.o
 .debug_info    0x0000a14e      0xa52 ./Middlewares/ST/STM32_USB_Device_Library/Core/Src/usbd_core.o
 .debug_info    0x0000aba0      0x91c ./Middlewares/ST/STM32_USB_Device_Library/Core/Src/usbd_ctlreq.o
 .debug_info    0x0000b4bc      0x6a0 ./Middlewares/ST/STM32_USB_Device_Library/Core/Src/usbd_ioreq.o
 .debug_info    0x0000bb5c      0x63d ./USB_DEVICE/App/usb_device.o
 .debug_info    0x0000c199      0x7ec ./USB_DEVICE/App/usbd_cdc_if.o
 .debug_info    0x0000c985      0x44a ./USB_DEVICE/App/usbd_desc.o
 .debug_info    0x0000cdcf     0x17a8 ./USB_DEVICE/Target/usbd_conf.o

.debug_abbrev   0x00000000     0x2e97
 .debug_abbrev  0x00000000      0x299 ./Core/Src/main.o
 .debug_abbrev  0x00000299      0x1a0 ./Core/Src/stm32l0xx_hal_msp.o
 .debug_abbrev  0x00000439      0x192 ./Core/Src/stm32l0xx_it.o
 .debug_abbrev  0x000005cb      0x11c ./Core/Src/system_stm32l0xx.o
 .debug_abbrev  0x000006e7       0x24 ./Core/Startup/startup_stm32l072cbtx.o
 .debug_abbrev  0x0000070b      0x2a0 ./Drivers/STM32L0xx_HAL_Driver/Src/stm32l0xx_hal.o
 .debug_abbrev  0x000009ab      0x29b ./Drivers/STM32L0xx_HAL_Driver/Src/stm32l0xx_hal_cortex.o
 .debug_abbrev  0x00000c46      0x1cb ./Drivers/STM32L0xx_HAL_Driver/Src/stm32l0xx_hal_gpio.o
 .debug_abbrev  0x00000e11      0x2b9 ./Drivers/STM32L0xx_HAL_Driver/Src/stm32l0xx_hal_pcd.o
 .debug_abbrev  0x000010ca      0x228 ./Drivers/STM32L0xx_HAL_Driver/Src/stm32l0xx_hal_pcd_ex.o
 .debug_abbrev  0x000012f2      0x296 ./Drivers/STM32L0xx_HAL_Driver/Src/stm32l0xx_hal_rcc.o
 .debug_abbrev  0x00001588      0x21a ./Drivers/STM32L0xx_HAL_Driver/Src/stm32l0xx_hal_rcc_ex.o
 .debug_abbrev  0x000017a2      0x274 ./Drivers/STM32L0xx_HAL_Driver/Src/stm32l0xx_hal_spi.o
 .debug_abbrev  0x00001a16      0x247 ./Drivers/STM32L0xx_HAL_Driver/Src/stm32l0xx_ll_usb.o
 .debug_abbrev  0x00001c5d      0x2d3 ./Middlewares/ST/STM32_USB_Device_Library/Class/CDC/Src/usbd_cdc.o
 .debug_abbrev  0x00001f30      0x24a ./Middlewares/ST/STM32_USB_Device_Library/Core/Src/usbd_core.o
 .debug_abbrev  0x0000217a      0x26b ./Middlewares/ST/STM32_USB_Device_Library/Core/Src/usbd_ctlreq.o
 .debug_abbrev  0x000023e5      0x192 ./Middlewares/ST/STM32_USB_Device_Library/Core/Src/usbd_ioreq.o
 .debug_abbrev  0x00002577      0x18d ./USB_DEVICE/App/usb_device.o
 .debug_abbrev  0x00002704      0x25d ./USB_DEVICE/App/usbd_cdc_if.o
 .debug_abbrev  0x00002961      0x1ff ./USB_DEVICE/App/usbd_desc.o
 .debug_abbrev  0x00002b60      0x337 ./USB_DEVICE/Target/usbd_conf.o

.debug_aranges  0x00000000      0xcc8
 .debug_aranges
                0x00000000       0x60 ./Core/Src/main.o
 .debug_aranges
                0x00000060       0x30 ./Core/Src/stm32l0xx_hal_msp.o
 .debug_aranges
                0x00000090       0x48 ./Core/Src/stm32l0xx_it.o
 .debug_aranges
                0x000000d8       0x28 ./Core/Src/system_stm32l0xx.o
 .debug_aranges
                0x00000100       0x28 ./Core/Startup/startup_stm32l072cbtx.o
 .debug_aranges
                0x00000128      0x110 ./Drivers/STM32L0xx_HAL_Driver/Src/stm32l0xx_hal.o
 .debug_aranges
                0x00000238       0xe8 ./Drivers/STM32L0xx_HAL_Driver/Src/stm32l0xx_hal_cortex.o
 .debug_aranges
                0x00000320       0x58 ./Drivers/STM32L0xx_HAL_Driver/Src/stm32l0xx_hal_gpio.o
 .debug_aranges
                0x00000378      0x138 ./Drivers/STM32L0xx_HAL_Driver/Src/stm32l0xx_hal_pcd.o
 .debug_aranges
                0x000004b0       0x58 ./Drivers/STM32L0xx_HAL_Driver/Src/stm32l0xx_hal_pcd_ex.o
 .debug_aranges
                0x00000508       0x80 ./Drivers/STM32L0xx_HAL_Driver/Src/stm32l0xx_hal_rcc.o
 .debug_aranges
                0x00000588       0xb0 ./Drivers/STM32L0xx_HAL_Driver/Src/stm32l0xx_hal_rcc_ex.o
 .debug_aranges
                0x00000638      0x1d0 ./Drivers/STM32L0xx_HAL_Driver/Src/stm32l0xx_hal_spi.o
 .debug_aranges
                0x00000808       0xc8 ./Drivers/STM32L0xx_HAL_Driver/Src/stm32l0xx_ll_usb.o
 .debug_aranges
                0x000008d0       0x90 ./Middlewares/ST/STM32_USB_Device_Library/Class/CDC/Src/usbd_cdc.o
 .debug_aranges
                0x00000960       0xb8 ./Middlewares/ST/STM32_USB_Device_Library/Core/Src/usbd_core.o
 .debug_aranges
                0x00000a18       0x88 ./Middlewares/ST/STM32_USB_Device_Library/Core/Src/usbd_ctlreq.o
 .debug_aranges
                0x00000aa0       0x50 ./Middlewares/ST/STM32_USB_Device_Library/Core/Src/usbd_ioreq.o
 .debug_aranges
                0x00000af0       0x20 ./USB_DEVICE/App/usb_device.o
 .debug_aranges
                0x00000b10       0x40 ./USB_DEVICE/App/usbd_cdc_if.o
 .debug_aranges
                0x00000b50       0x60 ./USB_DEVICE/App/usbd_desc.o
 .debug_aranges
                0x00000bb0      0x118 ./USB_DEVICE/Target/usbd_conf.o

.debug_rnglists
                0x00000000      0x97b
 .debug_rnglists
                0x00000000       0x47 ./Core/Src/main.o
 .debug_rnglists
                0x00000047       0x20 ./Core/Src/stm32l0xx_hal_msp.o
 .debug_rnglists
                0x00000067       0x31 ./Core/Src/stm32l0xx_it.o
 .debug_rnglists
                0x00000098       0x1a ./Core/Src/system_stm32l0xx.o
 .debug_rnglists
                0x000000b2       0x19 ./Core/Startup/startup_stm32l072cbtx.o
 .debug_rnglists
                0x000000cb       0xc7 ./Drivers/STM32L0xx_HAL_Driver/Src/stm32l0xx_hal.o
 .debug_rnglists
                0x00000192       0xaa ./Drivers/STM32L0xx_HAL_Driver/Src/stm32l0xx_hal_cortex.o
 .debug_rnglists
                0x0000023c       0x3f ./Drivers/STM32L0xx_HAL_Driver/Src/stm32l0xx_hal_gpio.o
 .debug_rnglists
                0x0000027b       0xee ./Drivers/STM32L0xx_HAL_Driver/Src/stm32l0xx_hal_pcd.o
 .debug_rnglists
                0x00000369       0x3f ./Drivers/STM32L0xx_HAL_Driver/Src/stm32l0xx_hal_pcd_ex.o
 .debug_rnglists
                0x000003a8       0x61 ./Drivers/STM32L0xx_HAL_Driver/Src/stm32l0xx_hal_rcc.o
 .debug_rnglists
                0x00000409       0x85 ./Drivers/STM32L0xx_HAL_Driver/Src/stm32l0xx_hal_rcc_ex.o
 .debug_rnglists
                0x0000048e      0x171 ./Drivers/STM32L0xx_HAL_Driver/Src/stm32l0xx_hal_spi.o
 .debug_rnglists
                0x000005ff       0x99 ./Drivers/STM32L0xx_HAL_Driver/Src/stm32l0xx_ll_usb.o
 .debug_rnglists
                0x00000698       0x6b ./Middlewares/ST/STM32_USB_Device_Library/Class/CDC/Src/usbd_cdc.o
 .debug_rnglists
                0x00000703       0x89 ./Middlewares/ST/STM32_USB_Device_Library/Core/Src/usbd_core.o
 .debug_rnglists
                0x0000078c       0x68 ./Middlewares/ST/STM32_USB_Device_Library/Core/Src/usbd_ctlreq.o
 .debug_rnglists
                0x000007f4       0x37 ./Middlewares/ST/STM32_USB_Device_Library/Core/Src/usbd_ioreq.o
 .debug_rnglists
                0x0000082b       0x13 ./USB_DEVICE/App/usb_device.o
 .debug_rnglists
                0x0000083e       0x2b ./USB_DEVICE/App/usbd_cdc_if.o
 .debug_rnglists
                0x00000869       0x44 ./USB_DEVICE/App/usbd_desc.o
 .debug_rnglists
                0x000008ad       0xce ./USB_DEVICE/Target/usbd_conf.o

.debug_macro    0x00000000    0x1638a
 .debug_macro   0x00000000      0x337 ./Core/Src/main.o
 .debug_macro   0x00000337      0xaae ./Core/Src/main.o
 .debug_macro   0x00000de5      0x11f ./Core/Src/main.o
 .debug_macro   0x00000f04       0x2e ./Core/Src/main.o
 .debug_macro   0x00000f32       0x28 ./Core/Src/main.o
 .debug_macro   0x00000f5a       0x22 ./Core/Src/main.o
 .debug_macro   0x00000f7c       0x8e ./Core/Src/main.o
 .debug_macro   0x0000100a       0x51 ./Core/Src/main.o
 .debug_macro   0x0000105b      0x103 ./Core/Src/main.o
 .debug_macro   0x0000115e       0x6a ./Core/Src/main.o
 .debug_macro   0x000011c8      0x1df ./Core/Src/main.o
 .debug_macro   0x000013a7       0x1c ./Core/Src/main.o
 .debug_macro   0x000013c3       0x22 ./Core/Src/main.o
 .debug_macro   0x000013e5       0xaf ./Core/Src/main.o
 .debug_macro   0x00001494      0x4da ./Core/Src/main.o
 .debug_macro   0x0000196e      0x11f ./Core/Src/main.o
 .debug_macro   0x00001a8d     0xa33b ./Core/Src/main.o
 .debug_macro   0x0000bdc8       0x66 ./Core/Src/main.o
 .debug_macro   0x0000be2e     0x35ac ./Core/Src/main.o
 .debug_macro   0x0000f3da      0x190 ./Core/Src/main.o
 .debug_macro   0x0000f56a       0x5c ./Core/Src/main.o
 .debug_macro   0x0000f5c6      0x8ea ./Core/Src/main.o
 .debug_macro   0x0000feb0      0xb52 ./Core/Src/main.o
 .debug_macro   0x00010a02      0x197 ./Core/Src/main.o
 .debug_macro   0x00010b99      0x13f ./Core/Src/main.o
 .debug_macro   0x00010cd8      0x1ca ./Core/Src/main.o
 .debug_macro   0x00010ea2       0x82 ./Core/Src/main.o
 .debug_macro   0x00010f24      0x28e ./Core/Src/main.o
 .debug_macro   0x000111b2      0x1e9 ./Core/Src/main.o
 .debug_macro   0x0001139b      0x13d ./Core/Src/main.o
 .debug_macro   0x000114d8      0x4ac ./Core/Src/main.o
 .debug_macro   0x00011984      0x186 ./Core/Src/main.o
 .debug_macro   0x00011b0a       0x16 ./Core/Src/main.o
 .debug_macro   0x00011b20      0x22c ./Core/Src/main.o
 .debug_macro   0x00011d4c       0x73 ./Core/Src/main.o
 .debug_macro   0x00011dbf      0x22d ./Core/Src/main.o
 .debug_macro   0x00011fec      0x170 ./Core/Src/main.o
 .debug_macro   0x0001215c       0x70 ./Core/Src/main.o
 .debug_macro   0x000121cc       0x61 ./Core/Src/main.o
 .debug_macro   0x0001222d       0x24 ./Core/Src/main.o
 .debug_macro   0x00012251       0x43 ./Core/Src/main.o
 .debug_macro   0x00012294       0x34 ./Core/Src/main.o
 .debug_macro   0x000122c8       0x16 ./Core/Src/main.o
 .debug_macro   0x000122de       0x3c ./Core/Src/main.o
 .debug_macro   0x0001231a      0x370 ./Core/Src/main.o
 .debug_macro   0x0001268a       0x10 ./Core/Src/main.o
 .debug_macro   0x0001269a       0x16 ./Core/Src/main.o
 .debug_macro   0x000126b0       0x4a ./Core/Src/main.o
 .debug_macro   0x000126fa       0x34 ./Core/Src/main.o
 .debug_macro   0x0001272e       0x10 ./Core/Src/main.o
 .debug_macro   0x0001273e       0x58 ./Core/Src/main.o
 .debug_macro   0x00012796       0x8e ./Core/Src/main.o
 .debug_macro   0x00012824       0x1c ./Core/Src/main.o
 .debug_macro   0x00012840      0x185 ./Core/Src/main.o
 .debug_macro   0x000129c5       0x16 ./Core/Src/main.o
 .debug_macro   0x000129db       0x16 ./Core/Src/main.o
 .debug_macro   0x000129f1      0x146 ./Core/Src/main.o
 .debug_macro   0x00012b37       0x16 ./Core/Src/main.o
 .debug_macro   0x00012b4d       0x16 ./Core/Src/main.o
 .debug_macro   0x00012b63       0x29 ./Core/Src/main.o
 .debug_macro   0x00012b8c       0x16 ./Core/Src/main.o
 .debug_macro   0x00012ba2       0x20 ./Core/Src/main.o
 .debug_macro   0x00012bc2       0x59 ./Core/Src/main.o
 .debug_macro   0x00012c1b      0x1c8 ./Core/Src/main.o
 .debug_macro   0x00012de3       0x22 ./Core/Src/main.o
 .debug_macro   0x00012e05      0x1ca ./Core/Src/stm32l0xx_hal_msp.o
 .debug_macro   0x00012fcf      0x1d4 ./Core/Src/stm32l0xx_it.o
 .debug_macro   0x000131a3      0x1bb ./Core/Src/system_stm32l0xx.o
 .debug_macro   0x0001335e      0x1df ./Drivers/STM32L0xx_HAL_Driver/Src/stm32l0xx_hal.o
 .debug_macro   0x0001353d      0x1bb ./Drivers/STM32L0xx_HAL_Driver/Src/stm32l0xx_hal_cortex.o
 .debug_macro   0x000136f8      0x1c2 ./Drivers/STM32L0xx_HAL_Driver/Src/stm32l0xx_hal_gpio.o
 .debug_macro   0x000138ba      0x1c7 ./Drivers/STM32L0xx_HAL_Driver/Src/stm32l0xx_hal_pcd.o
 .debug_macro   0x00013a81      0x1bb ./Drivers/STM32L0xx_HAL_Driver/Src/stm32l0xx_hal_pcd_ex.o
 .debug_macro   0x00013c3c      0x1f1 ./Drivers/STM32L0xx_HAL_Driver/Src/stm32l0xx_hal_rcc.o
 .debug_macro   0x00013e2d      0x1bb ./Drivers/STM32L0xx_HAL_Driver/Src/stm32l0xx_hal_rcc_ex.o
 .debug_macro   0x00013fe8      0x1ca ./Drivers/STM32L0xx_HAL_Driver/Src/stm32l0xx_hal_spi.o
 .debug_macro   0x000141b2      0x1bb ./Drivers/STM32L0xx_HAL_Driver/Src/stm32l0xx_ll_usb.o
 .debug_macro   0x0001436d      0x359 ./Middlewares/ST/STM32_USB_Device_Library/Class/CDC/Src/usbd_cdc.o
 .debug_macro   0x000146c6       0x9e ./Middlewares/ST/STM32_USB_Device_Library/Class/CDC/Src/usbd_cdc.o
 .debug_macro   0x00014764      0x112 ./Middlewares/ST/STM32_USB_Device_Library/Class/CDC/Src/usbd_cdc.o
 .debug_macro   0x00014876       0x56 ./Middlewares/ST/STM32_USB_Device_Library/Class/CDC/Src/usbd_cdc.o
 .debug_macro   0x000148cc       0x8f ./Middlewares/ST/STM32_USB_Device_Library/Class/CDC/Src/usbd_cdc.o
 .debug_macro   0x0001495b      0x340 ./Middlewares/ST/STM32_USB_Device_Library/Core/Src/usbd_core.o
 .debug_macro   0x00014c9b      0x1ce ./Middlewares/ST/STM32_USB_Device_Library/Core/Src/usbd_core.o
 .debug_macro   0x00014e69      0x34a ./Middlewares/ST/STM32_USB_Device_Library/Core/Src/usbd_ctlreq.o
 .debug_macro   0x000151b3      0x346 ./Middlewares/ST/STM32_USB_Device_Library/Core/Src/usbd_ioreq.o
 .debug_macro   0x000154f9      0x379 ./USB_DEVICE/App/usb_device.o
 .debug_macro   0x00015872       0x76 ./USB_DEVICE/App/usb_device.o
 .debug_macro   0x000158e8       0x22 ./USB_DEVICE/App/usb_device.o
 .debug_macro   0x0001590a       0x16 ./USB_DEVICE/App/usb_device.o
 .debug_macro   0x00015920      0x364 ./USB_DEVICE/App/usbd_cdc_if.o
 .debug_macro   0x00015c84       0x10 ./USB_DEVICE/App/usbd_cdc_if.o
 .debug_macro   0x00015c94      0x37d ./USB_DEVICE/App/usbd_desc.o
 .debug_macro   0x00016011       0x1c ./USB_DEVICE/App/usbd_desc.o
 .debug_macro   0x0001602d      0x35d ./USB_DEVICE/Target/usbd_conf.o

.debug_line     0x00000000    0x10e15
 .debug_line    0x00000000      0xb53 ./Core/Src/main.o
 .debug_line    0x00000b53      0x792 ./Core/Src/stm32l0xx_hal_msp.o
 .debug_line    0x000012e5      0x7ba ./Core/Src/stm32l0xx_it.o
 .debug_line    0x00001a9f      0x7f5 ./Core/Src/system_stm32l0xx.o
 .debug_line    0x00002294       0x7b ./Core/Startup/startup_stm32l072cbtx.o
 .debug_line    0x0000230f      0xab5 ./Drivers/STM32L0xx_HAL_Driver/Src/stm32l0xx_hal.o
 .debug_line    0x00002dc4      0xb86 ./Drivers/STM32L0xx_HAL_Driver/Src/stm32l0xx_hal_cortex.o
 .debug_line    0x0000394a      0xb2a ./Drivers/STM32L0xx_HAL_Driver/Src/stm32l0xx_hal_gpio.o
 .debug_line    0x00004474     0x1304 ./Drivers/STM32L0xx_HAL_Driver/Src/stm32l0xx_hal_pcd.o
 .debug_line    0x00005778      0x8e7 ./Drivers/STM32L0xx_HAL_Driver/Src/stm32l0xx_hal_pcd_ex.o
 .debug_line    0x0000605f     0x1016 ./Drivers/STM32L0xx_HAL_Driver/Src/stm32l0xx_hal_rcc.o
 .debug_line    0x00007075      0xe24 ./Drivers/STM32L0xx_HAL_Driver/Src/stm32l0xx_hal_rcc_ex.o
 .debug_line    0x00007e99     0x1cdf ./Drivers/STM32L0xx_HAL_Driver/Src/stm32l0xx_hal_spi.o
 .debug_line    0x00009b78      0xff4 ./Drivers/STM32L0xx_HAL_Driver/Src/stm32l0xx_ll_usb.o
 .debug_line    0x0000ab6c      0xd4e ./Middlewares/ST/STM32_USB_Device_Library/Class/CDC/Src/usbd_cdc.o
 .debug_line    0x0000b8ba      0xda3 ./Middlewares/ST/STM32_USB_Device_Library/Core/Src/usbd_core.o
 .debug_line    0x0000c65d      0xfea ./Middlewares/ST/STM32_USB_Device_Library/Core/Src/usbd_ctlreq.o
 .debug_line    0x0000d647      0xa59 ./Middlewares/ST/STM32_USB_Device_Library/Core/Src/usbd_ioreq.o
 .debug_line    0x0000e0a0      0xa29 ./USB_DEVICE/App/usb_device.o
 .debug_line    0x0000eac9      0xa5f ./USB_DEVICE/App/usbd_cdc_if.o
 .debug_line    0x0000f528      0xad2 ./USB_DEVICE/App/usbd_desc.o
 .debug_line    0x0000fffa      0xe1b ./USB_DEVICE/Target/usbd_conf.o

.debug_str      0x00000000    0x7c881
 .debug_str     0x00000000    0x7c881 ./Core/Src/main.o
                              0x79896 (size before relaxing)
 .debug_str     0x0007c881    0x7521b ./Core/Src/stm32l0xx_hal_msp.o
 .debug_str     0x0007c881    0x7511a ./Core/Src/stm32l0xx_it.o
 .debug_str     0x0007c881    0x74c41 ./Core/Src/system_stm32l0xx.o
 .debug_str     0x0007c881       0x9b ./Core/Startup/startup_stm32l072cbtx.o
 .debug_str     0x0007c881    0x7536c ./Drivers/STM32L0xx_HAL_Driver/Src/stm32l0xx_hal.o
 .debug_str     0x0007c881    0x750f8 ./Drivers/STM32L0xx_HAL_Driver/Src/stm32l0xx_hal_cortex.o
 .debug_str     0x0007c881    0x74de1 ./Drivers/STM32L0xx_HAL_Driver/Src/stm32l0xx_hal_gpio.o
 .debug_str     0x0007c881    0x754b9 ./Drivers/STM32L0xx_HAL_Driver/Src/stm32l0xx_hal_pcd.o
 .debug_str     0x0007c881    0x750f5 ./Drivers/STM32L0xx_HAL_Driver/Src/stm32l0xx_hal_pcd_ex.o
 .debug_str     0x0007c881    0x7517a ./Drivers/STM32L0xx_HAL_Driver/Src/stm32l0xx_hal_rcc.o
 .debug_str     0x0007c881    0x75132 ./Drivers/STM32L0xx_HAL_Driver/Src/stm32l0xx_hal_rcc_ex.o
 .debug_str     0x0007c881    0x75538 ./Drivers/STM32L0xx_HAL_Driver/Src/stm32l0xx_hal_spi.o
 .debug_str     0x0007c881    0x74ff6 ./Drivers/STM32L0xx_HAL_Driver/Src/stm32l0xx_ll_usb.o
 .debug_str     0x0007c881    0x79d10 ./Middlewares/ST/STM32_USB_Device_Library/Class/CDC/Src/usbd_cdc.o
 .debug_str     0x0007c881    0x79614 ./Middlewares/ST/STM32_USB_Device_Library/Core/Src/usbd_core.o
 .debug_str     0x0007c881    0x7952e ./Middlewares/ST/STM32_USB_Device_Library/Core/Src/usbd_ctlreq.o
 .debug_str     0x0007c881    0x7945b ./Middlewares/ST/STM32_USB_Device_Library/Core/Src/usbd_ioreq.o
 .debug_str     0x0007c881    0x797e6 ./USB_DEVICE/App/usb_device.o
 .debug_str     0x0007c881    0x7980c ./USB_DEVICE/App/usbd_cdc_if.o
 .debug_str     0x0007c881    0x79397 ./USB_DEVICE/App/usbd_desc.o
 .debug_str     0x0007c881    0x7a1b1 ./USB_DEVICE/Target/usbd_conf.o

.comment        0x00000000       0x43
 .comment       0x00000000       0x43 ./Core/Src/main.o
                                 0x44 (size before relaxing)
 .comment       0x00000043       0x44 ./Core/Src/stm32l0xx_hal_msp.o
 .comment       0x00000043       0x44 ./Core/Src/stm32l0xx_it.o
 .comment       0x00000043       0x44 ./Core/Src/system_stm32l0xx.o
 .comment       0x00000043       0x44 ./Drivers/STM32L0xx_HAL_Driver/Src/stm32l0xx_hal.o
 .comment       0x00000043       0x44 ./Drivers/STM32L0xx_HAL_Driver/Src/stm32l0xx_hal_cortex.o
 .comment       0x00000043       0x44 ./Drivers/STM32L0xx_HAL_Driver/Src/stm32l0xx_hal_gpio.o
 .comment       0x00000043       0x44 ./Drivers/STM32L0xx_HAL_Driver/Src/stm32l0xx_hal_pcd.o
 .comment       0x00000043       0x44 ./Drivers/STM32L0xx_HAL_Driver/Src/stm32l0xx_hal_pcd_ex.o
 .comment       0x00000043       0x44 ./Drivers/STM32L0xx_HAL_Driver/Src/stm32l0xx_hal_rcc.o
 .comment       0x00000043       0x44 ./Drivers/STM32L0xx_HAL_Driver/Src/stm32l0xx_hal_rcc_ex.o
 .comment       0x00000043       0x44 ./Drivers/STM32L0xx_HAL_Driver/Src/stm32l0xx_hal_spi.o
 .comment       0x00000043       0x44 ./Drivers/STM32L0xx_HAL_Driver/Src/stm32l0xx_ll_usb.o
 .comment       0x00000043       0x44 ./Middlewares/ST/STM32_USB_Device_Library/Class/CDC/Src/usbd_cdc.o
 .comment       0x00000043       0x44 ./Middlewares/ST/STM32_USB_Device_Library/Core/Src/usbd_core.o
 .comment       0x00000043       0x44 ./Middlewares/ST/STM32_USB_Device_Library/Core/Src/usbd_ctlreq.o
 .comment       0x00000043       0x44 ./Middlewares/ST/STM32_USB_Device_Library/Core/Src/usbd_ioreq.o
 .comment       0x00000043       0x44 ./USB_DEVICE/App/usb_device.o
 .comment       0x00000043       0x44 ./USB_DEVICE/App/usbd_cdc_if.o
 .comment       0x00000043       0x44 ./USB_DEVICE/App/usbd_desc.o
 .comment       0x00000043       0x44 ./USB_DEVICE/Target/usbd_conf.o

.debug_frame    0x00000000     0x2bbc
 .debug_frame   0x00000000      0x124 ./Core/Src/main.o
 .debug_frame   0x00000124       0x6c ./Core/Src/stm32l0xx_hal_msp.o
 .debug_frame   0x00000190       0xb8 ./Core/Src/stm32l0xx_it.o
 .debug_frame   0x00000248       0x4c ./Core/Src/system_stm32l0xx.o
 .debug_frame   0x00000294      0x394 ./Drivers/STM32L0xx_HAL_Driver/Src/stm32l0xx_hal.o
 .debug_frame   0x00000628      0x33c ./Drivers/STM32L0xx_HAL_Driver/Src/stm32l0xx_hal_cortex.o
 .debug_frame   0x00000964      0x110 ./Drivers/STM32L0xx_HAL_Driver/Src/stm32l0xx_hal_gpio.o
 .debug_frame   0x00000a74      0x498 ./Drivers/STM32L0xx_HAL_Driver/Src/stm32l0xx_hal_pcd.o
 .debug_frame   0x00000f0c      0x110 ./Drivers/STM32L0xx_HAL_Driver/Src/stm32l0xx_hal_pcd_ex.o
 .debug_frame   0x0000101c      0x1a4 ./Drivers/STM32L0xx_HAL_Driver/Src/stm32l0xx_hal_rcc.o
 .debug_frame   0x000011c0      0x244 ./Drivers/STM32L0xx_HAL_Driver/Src/stm32l0xx_hal_rcc_ex.o
 .debug_frame   0x00001404      0x6f0 ./Drivers/STM32L0xx_HAL_Driver/Src/stm32l0xx_hal_spi.o
 .debug_frame   0x00001af4      0x2d4 ./Drivers/STM32L0xx_HAL_Driver/Src/stm32l0xx_ll_usb.o
 .debug_frame   0x00001dc8      0x1f0 ./Middlewares/ST/STM32_USB_Device_Library/Class/CDC/Src/usbd_cdc.o
 .debug_frame   0x00001fb8      0x290 ./Middlewares/ST/STM32_USB_Device_Library/Core/Src/usbd_core.o
 .debug_frame   0x00002248      0x1d8 ./Middlewares/ST/STM32_USB_Device_Library/Core/Src/usbd_ctlreq.o
 .debug_frame   0x00002420       0xf0 ./Middlewares/ST/STM32_USB_Device_Library/Core/Src/usbd_ioreq.o
 .debug_frame   0x00002510       0x2c ./USB_DEVICE/App/usb_device.o
 .debug_frame   0x0000253c       0xac ./USB_DEVICE/App/usbd_cdc_if.o
 .debug_frame   0x000025e8      0x130 ./USB_DEVICE/App/usbd_desc.o
 .debug_frame   0x00002718      0x438 ./USB_DEVICE/Target/usbd_conf.o
 .debug_frame   0x00002b50       0x20 C:/ST/STM32CubeIDE_1.19.0/STM32CubeIDE/plugins/com.st.stm32cube.ide.mcu.externaltools.gnu-tools-for-stm32.13.3.rel1.win32_1.0.0.202411081344/tools/bin/../lib/gcc/arm-none-eabi/13.3.1/../../../../arm-none-eabi/lib/thumb/v6-m/nofp\libc_nano.a(libc_a-memset.o)
 .debug_frame   0x00002b70       0x2c C:/ST/STM32CubeIDE_1.19.0/STM32CubeIDE/plugins/com.st.stm32cube.ide.mcu.externaltools.gnu-tools-for-stm32.13.3.rel1.win32_1.0.0.202411081344/tools/bin/../lib/gcc/arm-none-eabi/13.3.1/../../../../arm-none-eabi/lib/thumb/v6-m/nofp\libc_nano.a(libc_a-init.o)
 .debug_frame   0x00002b9c       0x20 C:/ST/STM32CubeIDE_1.19.0/STM32CubeIDE/plugins/com.st.stm32cube.ide.mcu.externaltools.gnu-tools-for-stm32.13.3.rel1.win32_1.0.0.202411081344/tools/bin/../lib/gcc/arm-none-eabi/13.3.1/thumb/v6-m/nofp\libgcc.a(_udivsi3.o)

.debug_line_str
                0x00000000       0x7f
 .debug_line_str
                0x00000000       0x7f ./Core/Startup/startup_stm32l072cbtx.o
