Archive member included to satisfy reference by file (symbol)

C:/ST/STM32CubeIDE_1.19.0/STM32CubeIDE/plugins/com.st.stm32cube.ide.mcu.externaltools.gnu-tools-for-stm32.13.3.rel1.win32_1.0.0.202411081344/tools/bin/../lib/gcc/arm-none-eabi/13.3.1/../../../../arm-none-eabi/lib/thumb/v6-m/nofp\libc_nano.a(libc_a-exit.o)
                              C:/ST/STM32CubeIDE_1.19.0/STM32CubeIDE/plugins/com.st.stm32cube.ide.mcu.externaltools.gnu-tools-for-stm32.13.3.rel1.win32_1.0.0.202411081344/tools/bin/../lib/gcc/arm-none-eabi/13.3.1/../../../../arm-none-eabi/lib/thumb/v6-m/nofp/crt0.o (exit)
C:/ST/STM32CubeIDE_1.19.0/STM32CubeIDE/plugins/com.st.stm32cube.ide.mcu.externaltools.gnu-tools-for-stm32.13.3.rel1.win32_1.0.0.202411081344/tools/bin/../lib/gcc/arm-none-eabi/13.3.1/../../../../arm-none-eabi/lib/thumb/v6-m/nofp\libc_nano.a(libc_a-findfp.o)
                              C:/ST/STM32CubeIDE_1.19.0/STM32CubeIDE/plugins/com.st.stm32cube.ide.mcu.externaltools.gnu-tools-for-stm32.13.3.rel1.win32_1.0.0.202411081344/tools/bin/../lib/gcc/arm-none-eabi/13.3.1/../../../../arm-none-eabi/lib/thumb/v6-m/nofp\libc_nano.a(libc_a-exit.o) (__stdio_exit_handler)
C:/ST/STM32CubeIDE_1.19.0/STM32CubeIDE/plugins/com.st.stm32cube.ide.mcu.externaltools.gnu-tools-for-stm32.13.3.rel1.win32_1.0.0.202411081344/tools/bin/../lib/gcc/arm-none-eabi/13.3.1/../../../../arm-none-eabi/lib/thumb/v6-m/nofp\libc_nano.a(libc_a-fwalk.o)
                              C:/ST/STM32CubeIDE_1.19.0/STM32CubeIDE/plugins/com.st.stm32cube.ide.mcu.externaltools.gnu-tools-for-stm32.13.3.rel1.win32_1.0.0.202411081344/tools/bin/../lib/gcc/arm-none-eabi/13.3.1/../../../../arm-none-eabi/lib/thumb/v6-m/nofp\libc_nano.a(libc_a-findfp.o) (_fwalk_sglue)
C:/ST/STM32CubeIDE_1.19.0/STM32CubeIDE/plugins/com.st.stm32cube.ide.mcu.externaltools.gnu-tools-for-stm32.13.3.rel1.win32_1.0.0.202411081344/tools/bin/../lib/gcc/arm-none-eabi/13.3.1/../../../../arm-none-eabi/lib/thumb/v6-m/nofp\libc_nano.a(libc_a-stdio.o)
                              C:/ST/STM32CubeIDE_1.19.0/STM32CubeIDE/plugins/com.st.stm32cube.ide.mcu.externaltools.gnu-tools-for-stm32.13.3.rel1.win32_1.0.0.202411081344/tools/bin/../lib/gcc/arm-none-eabi/13.3.1/../../../../arm-none-eabi/lib/thumb/v6-m/nofp\libc_nano.a(libc_a-findfp.o) (__sread)
C:/ST/STM32CubeIDE_1.19.0/STM32CubeIDE/plugins/com.st.stm32cube.ide.mcu.externaltools.gnu-tools-for-stm32.13.3.rel1.win32_1.0.0.202411081344/tools/bin/../lib/gcc/arm-none-eabi/13.3.1/../../../../arm-none-eabi/lib/thumb/v6-m/nofp\libc_nano.a(libc_a-memset.o)
                              C:/ST/STM32CubeIDE_1.19.0/STM32CubeIDE/plugins/com.st.stm32cube.ide.mcu.externaltools.gnu-tools-for-stm32.13.3.rel1.win32_1.0.0.202411081344/tools/bin/../lib/gcc/arm-none-eabi/13.3.1/../../../../arm-none-eabi/lib/thumb/v6-m/nofp/crt0.o (memset)
C:/ST/STM32CubeIDE_1.19.0/STM32CubeIDE/plugins/com.st.stm32cube.ide.mcu.externaltools.gnu-tools-for-stm32.13.3.rel1.win32_1.0.0.202411081344/tools/bin/../lib/gcc/arm-none-eabi/13.3.1/../../../../arm-none-eabi/lib/thumb/v6-m/nofp\libc_nano.a(libc_a-closer.o)
                              C:/ST/STM32CubeIDE_1.19.0/STM32CubeIDE/plugins/com.st.stm32cube.ide.mcu.externaltools.gnu-tools-for-stm32.13.3.rel1.win32_1.0.0.202411081344/tools/bin/../lib/gcc/arm-none-eabi/13.3.1/../../../../arm-none-eabi/lib/thumb/v6-m/nofp\libc_nano.a(libc_a-stdio.o) (_close_r)
C:/ST/STM32CubeIDE_1.19.0/STM32CubeIDE/plugins/com.st.stm32cube.ide.mcu.externaltools.gnu-tools-for-stm32.13.3.rel1.win32_1.0.0.202411081344/tools/bin/../lib/gcc/arm-none-eabi/13.3.1/../../../../arm-none-eabi/lib/thumb/v6-m/nofp\libc_nano.a(libc_a-reent.o)
                              C:/ST/STM32CubeIDE_1.19.0/STM32CubeIDE/plugins/com.st.stm32cube.ide.mcu.externaltools.gnu-tools-for-stm32.13.3.rel1.win32_1.0.0.202411081344/tools/bin/../lib/gcc/arm-none-eabi/13.3.1/../../../../arm-none-eabi/lib/thumb/v6-m/nofp\libc_nano.a(libc_a-closer.o) (errno)
C:/ST/STM32CubeIDE_1.19.0/STM32CubeIDE/plugins/com.st.stm32cube.ide.mcu.externaltools.gnu-tools-for-stm32.13.3.rel1.win32_1.0.0.202411081344/tools/bin/../lib/gcc/arm-none-eabi/13.3.1/../../../../arm-none-eabi/lib/thumb/v6-m/nofp\libc_nano.a(libc_a-impure.o)
                              C:/ST/STM32CubeIDE_1.19.0/STM32CubeIDE/plugins/com.st.stm32cube.ide.mcu.externaltools.gnu-tools-for-stm32.13.3.rel1.win32_1.0.0.202411081344/tools/bin/../lib/gcc/arm-none-eabi/13.3.1/../../../../arm-none-eabi/lib/thumb/v6-m/nofp\libc_nano.a(libc_a-reent.o) (_impure_ptr)
C:/ST/STM32CubeIDE_1.19.0/STM32CubeIDE/plugins/com.st.stm32cube.ide.mcu.externaltools.gnu-tools-for-stm32.13.3.rel1.win32_1.0.0.202411081344/tools/bin/../lib/gcc/arm-none-eabi/13.3.1/../../../../arm-none-eabi/lib/thumb/v6-m/nofp\libc_nano.a(libc_a-lseekr.o)
[...]
Memory Configuration

Name             Origin             Length             Attributes
RAM              0x20000000         0x00005000         xrw
FLASH            0x08000000         0x00020000         xr
*default*        0x00000000         0xffffffff

Linker script and memory map

LOAD C:/ST/STM32CubeIDE_1.19.0/STM32CubeIDE/plugins/com.st.stm32cube.ide.mcu.externaltools.gnu-tools-for-stm32.13.3.rel1.win32_1.0.0.202411081344/tools/bin/../lib/gcc/arm-none-eabi/13.3.1/thumb/v6-m/nofp/crti.o
LOAD C:/ST/STM32CubeIDE_1.19.0/STM32CubeIDE/plugins/com.st.stm32cube.ide.mcu.externaltools.gnu-tools-for-stm32.13.3.rel1.win32_1.0.0.202411081344/tools/bin/../lib/gcc/arm-none-eabi/13.3.1/thumb/v6-m/nofp/crtbegin.o
LOAD C:/ST/STM32CubeIDE_1.19.0/STM32CubeIDE/plugins/com.st.stm32cube.ide.mcu.externaltools.gnu-tools-for-stm32.13.3.rel1.win32_1.0.0.202411081344/tools/bin/../lib/gcc/arm-none-eabi/13.3.1/../../../../arm-none-eabi/lib/thumb/v6-m/nofp/crt0.o
LOAD ./Core/Src/main.o
LOAD ./Core/Src/stm32l0xx_hal_msp.o
LOAD ./Core/Src/stm32l0xx_it.o
LOAD ./Core/Src/syscalls.o
LOAD ./Core/Src/sysmem.o
LOAD ./Core/Src/system_stm32l0xx.o
LOAD ./Core/Startup/startup_stm32l072cbtx.o
LOAD ./Drivers/STM32L0xx_HAL_Driver/Src/stm32l0xx_hal.o
LOAD ./Drivers/STM32L0xx_HAL_Driver/Src/stm32l0xx_hal_cortex.o
LOAD ./Drivers/STM32L0xx_HAL_Driver/Src/stm32l0xx_hal_dma.o
LOAD ./Drivers/STM32L0xx_HAL_Driver/Src/stm32l0xx_hal_exti.o
LOAD ./Drivers/STM32L0xx_HAL_Driver/Src/stm32l0xx_hal_flash.o
LOAD ./Drivers/STM32L0xx_HAL_Driver/Src/stm32l0xx_hal_flash_ex.o
LOAD ./Drivers/STM32L0xx_HAL_Driver/Src/stm32l0xx_hal_flash_ramfunc.o
LOAD ./Drivers/STM32L0xx_HAL_Driver/Src/stm32l0xx_hal_gpio.o
LOAD ./Drivers/STM32L0xx_HAL_Driver/Src/stm32l0xx_hal_i2c.o
LOAD ./Drivers/STM32L0xx_HAL_Driver/Src/stm32l0xx_hal_i2c_ex.o
LOAD ./Drivers/STM32L0xx_HAL_Driver/Src/stm32l0xx_hal_pcd.o
LOAD ./Drivers/STM32L0xx_HAL_Driver/Src/stm32l0xx_hal_pcd_ex.o
LOAD ./Drivers/STM32L0xx_HAL_Driver/Src/stm32l0xx_hal_pwr.o
LOAD ./Drivers/STM32L0xx_HAL_Driver/Src/stm32l0xx_hal_pwr_ex.o
LOAD ./Drivers/STM32L0xx_HAL_Driver/Src/stm32l0xx_hal_rcc.o
LOAD ./Drivers/STM32L0xx_HAL_Driver/Src/stm32l0xx_hal_rcc_ex.o
LOAD ./Drivers/STM32L0xx_HAL_Driver/Src/stm32l0xx_hal_spi.o
LOAD ./Drivers/STM32L0xx_HAL_Driver/Src/stm32l0xx_ll_usb.o
LOAD ./Middlewares/ST/STM32_USB_Device_Library/Class/CDC/Src/usbd_cdc.o
LOAD ./Middlewares/ST/STM32_USB_Device_Library/Core/Src/usbd_core.o
LOAD ./Middlewares/ST/STM32_USB_Device_Library/Core/Src/usbd_ctlreq.o
LOAD ./Middlewares/ST/STM32_USB_Device_Library/Core/Src/usbd_ioreq.o
LOAD ./USB_DEVICE/App/usb_device.o
LOAD ./USB_DEVICE/App/usbd_cdc_if.o
LOAD ./USB_DEVICE/App/usbd_desc.o
LOAD ./USB_DEVICE/Target/usbd_conf.o
START GROUP
LOAD C:/ST/STM32CubeIDE_1.19.0/STM32CubeIDE/plugins/com.st.stm32cube.ide.mcu.externaltools.gnu-tools-for-stm32.13.3.rel1.win32_1.0.0.202411081344/tools/bin/../lib/gcc/arm-none-eabi/13.3.1/../../../../arm-none-eabi/lib/thumb/v6-m/nofp\libc_nano.a
LOAD C:/ST/STM32CubeIDE_1.19.0/STM32CubeIDE/plugins/com.st.stm32cube.ide.mcu.externaltools.gnu-tools-for-stm32.13.3.rel1.win32_1.0.0.202411081344/tools/bin/../lib/gcc/arm-none-eabi/13.3.1/../../../../arm-none-eabi/lib/thumb/v6-m/nofp\libm.a
END GROUP
START GROUP
LOAD C:/ST/STM32CubeIDE_1.19.0/STM32CubeIDE/plugins/com.st.stm32cube.ide.mcu.externaltools.gnu-tools-for-stm32.13.3.rel1.win32_1.0.0.202411081344/tools/bin/../lib/gcc/arm-none-eabi/13.3.1/thumb/v6-m/nofp\libgcc.a
LOAD C:/ST/STM32CubeIDE_1.19.0/STM32CubeIDE/plugins/com.st.stm32cube.ide.mcu.externaltools.gnu-tools-for-stm32.13.3.rel1.win32_1.0.0.202411081344/tools/bin/../lib/gcc/arm-none-eabi/13.3.1/../../../../arm-none-eabi/lib/thumb/v6-m/nofp\libc_nano.a
END GROUP
START GROUP
LOAD C:/ST/STM32CubeIDE_1.19.0/STM32CubeIDE/plugins/com.st.stm32cube.ide.mcu.externaltools.gnu-tools-for-stm32.13.3.rel1.win32_1.0.0.202411081344/tools/bin/../lib/gcc/arm-none-eabi/13.3.1/thumb/v6-m/nofp\libgcc.a
LOAD C:/ST/STM32CubeIDE_1.19.0/STM32CubeIDE/plugins/com.st.stm32cube.ide.mcu.externaltools.gnu-tools-for-stm32.13.3.rel1.win32_1.0.0.202411081344/tools/bin/../lib/gcc/arm-none-eabi/13.3.1/../../../../arm-none-eabi/lib/thumb/v6-m/nofp\libc_nano.a
LOAD C:/ST/STM32CubeIDE_1.19.0/STM32CubeIDE/plugins/com.st.stm32cube.ide.mcu.externaltools.gnu-tools-for-stm32.13.3.rel1.win32_1.0.0.202411081344/tools/bin/../lib/gcc/arm-none-eabi/13.3.1/../../../../arm-none-eabi/lib/thumb/v6-m/nofp\libnosys.a
END GROUP
START GROUP
LOAD C:/ST/STM32CubeIDE_1.19.0/STM32CubeIDE/plugins/com.st.stm32cube.ide.mcu.externaltools.gnu-tools-for-stm32.13.3.rel1.win32_1.0.0.202411081344/tools/bin/../lib/gcc/arm-none-eabi/13.3.1/thumb/v6-m/nofp\libgcc.a
LOAD C:/ST/STM32CubeIDE_1.19.0/STM32CubeIDE/plugins/com.st.stm32cube.ide.mcu.externaltools.gnu-tools-for-stm32.13.3.rel1.win32_1.0.0.202411081344/tools/bin/../lib/gcc/arm-none-eabi/13.3.1/../../../../arm-none-eabi/lib/thumb/v6-m/nofp\libc_nano.a
LOAD C:/ST/STM32CubeIDE_1.19.0/STM32CubeIDE/plugins/com.st.stm32cube.ide.mcu.externaltools.gnu-tools-for-stm32.13.3.rel1.win32_1.0.0.202411081344/tools/bin/../lib/gcc/arm-none-eabi/13.3.1/../../../../arm-none-eabi/lib/thumb/v6-m/nofp\libnosys.a
END GROUP
LOAD C:/ST/STM32CubeIDE_1.19.0/STM32CubeIDE/plugins/com.st.stm32cube.ide.mcu.externaltools.gnu-tools-for-stm32.13.3.rel1.win32_1.0.0.202411081344/tools/bin/../lib/gcc/arm-none-eabi/13.3.1/thumb/v6-m/nofp/crtend.o
LOAD C:/ST/STM32CubeIDE_1.19.0/STM32CubeIDE/plugins/com.st.stm32cube.ide.mcu.externaltools.gnu-tools-for-stm32.13.3.rel1.win32_1.0.0.202411081344/tools/bin/../lib/gcc/arm-none-eabi/13.3.1/thumb/v6-m/nofp/crtn.o
                0x20005000                        _estack = (ORIGIN (RAM) + LENGTH (RAM))
                0x00000200                        _Min_Heap_Size = 0x200
                0x00000400                        _Min_Stack_Size = 0x400

.isr_vector     0x08000000       0xc0
                0x08000000                        . = ALIGN (0x4)
 *(.isr_vector)
 .isr_vector    0x08000000       0xc0 ./Core/Startup/startup_stm32l072cbtx.o
                0x08000000                g_pfnVectors
                0x080000c0                        . = ALIGN (0x4)

.text           0x080000c0     0x816c
                0x080000c0                        . = ALIGN (0x4)
 *(.text)
 .text          0x080000c0       0x48 C:/ST/STM32CubeIDE_1.19.0/STM32CubeIDE/plugins/com.st.stm32cube.ide.mcu.externaltools.gnu-tools-for-stm32.13.3.rel1.win32_1.0.0.202411081344/tools/bin/../lib/gcc/arm-none-eabi/13.3.1/thumb/v6-m/nofp/crtbegin.o
 .text          0x08000108      0x114 C:/ST/STM32CubeIDE_1.19.0/STM32CubeIDE/plugins/com.st.stm32cube.ide.mcu.externaltools.gnu-tools-for-stm32.13.3.rel1.win32_1.0.0.202411081344/tools/bin/../lib/gcc/arm-none-eabi/13.3.1/thumb/v6-m/nofp\libgcc.a(_udivsi3.o)
                0x08000108                __aeabi_uidiv
                0x08000108                __udivsi3
                0x08000214                __aeabi_uidivmod
 .text          0x0800021c        0x4 C:/ST/STM32CubeIDE_1.19.0/STM32CubeIDE/plugins/com.st.stm32cube.ide.mcu.externaltools.gnu-tools-for-stm32.13.3.rel1.win32_1.0.0.202411081344/tools/bin/../lib/gcc/arm-none-eabi/13.3.1/thumb/v6-m/nofp\libgcc.a(_dvmd_tls.o)
                0x0800021c                __aeabi_idiv0
                0x0800021c                __aeabi_ldiv0
 *(.text*)
 .text.main     0x08000220       0x74 ./Core/Src/main.o
                0x08000220                main
 .text.SystemClock_Config
                0x08000294       0xe4 ./Core/Src/main.o
                0x08000294                SystemClock_Config
 .text.MX_SPI1_Init
                0x08000378       0x70 ./Core/Src/main.o
 .text.MX_GPIO_Init
                0x080003e8      0x10c ./Core/Src/main.o
 .text.Error_Handler
                0x080004f4        0xc ./Core/Src/main.o
                0x080004f4                Error_Handler
 .text.HAL_MspInit
                0x08000500       0x28 ./Core/Src/stm32l0xx_hal_msp.o
                0x08000500                HAL_MspInit
 .text.HAL_SPI_MspInit
                0x08000528       0x88 ./Core/Src/stm32l0xx_hal_msp.o
                0x08000528                HAL_SPI_MspInit
 .text.NMI_Handler
                0x080005b0        0x8 ./Core/Src/stm32l0xx_it.o
                0x080005b0                NMI_Handler
 .text.HardFault_Handler
                0x080005b8        0x8 ./Core/Src/stm32l0xx_it.o
                0x080005b8                HardFault_Handler
 .text.SVC_Handler
                0x080005c0        0xa ./Core/Src/stm32l0xx_it.o
                0x080005c0                SVC_Handler
 .text.PendSV_Handler
                0x080005ca        0xa ./Core/Src/stm32l0xx_it.o
                0x080005ca                PendSV_Handler
 .text.SysTick_Handler
                0x080005d4        0xe ./Core/Src/stm32l0xx_it.o
                0x080005d4                SysTick_Handler
 *fill*         0x080005e2        0x2 
 .text.USB_IRQHandler
                0x080005e4       0x18 ./Core/Src/stm32l0xx_it.o
                0x080005e4                USB_IRQHandler
 .text.SystemInit
                0x080005fc        0xa ./Core/Src/system_stm32l0xx.o
                0x080005fc                SystemInit
 *fill*         0x08000606        0x2 
 .text.Reset_Handler
                0x08000608       0x50 ./Core/Startup/startup_stm32l072cbtx.o
                0x08000608                Reset_Handler
 .text.Default_Handler
                0x08000658        0x2 ./Core/Startup/startup_stm32l072cbtx.o
                0x08000658                TSC_IRQHandler
                0x08000658                ADC1_COMP_IRQHandler
                0x08000658                PVD_IRQHandler
                0x08000658                I2C1_IRQHandler
                0x08000658                RCC_CRS_IRQHandler
                0x08000658                SPI1_IRQHandler
                0x08000658                TIM6_DAC_IRQHandler
                0x08000658                EXTI2_3_IRQHandler
                0x08000658                I2C2_IRQHandler
                0x08000658                RTC_IRQHandler
                0x08000658                DMA1_Channel4_5_6_7_IRQHandler
                0x08000658                TIM3_IRQHandler
                0x08000658                EXTI4_15_IRQHandler
                0x08000658                DMA1_Channel1_IRQHandler
                0x08000658                USART4_5_IRQHandler
                0x08000658                Default_Handler
                0x08000658                TIM22_IRQHandler
                0x08000658                TIM7_IRQHandler
                0x08000658                EXTI0_1_IRQHandler
                0x08000658                I2C3_IRQHandler
                0x08000658                SPI2_IRQHandler
                0x08000658                TIM21_IRQHandler
                0x08000658                WWDG_IRQHandler
                0x08000658                TIM2_IRQHandler
                0x08000658                DMA1_Channel2_3_IRQHandler
                0x08000658                USART2_IRQHandler
                0x08000658                FLASH_IRQHandler
                0x08000658                USART1_IRQHandler
                0x08000658                RNG_LPUART1_IRQHandler
                0x08000658                LPTIM1_IRQHandler
 *fill*         0x0800065a        0x2 
 .text.HAL_Init
                0x0800065c       0x40 ./Drivers/STM32L0xx_HAL_Driver/Src/stm32l0xx_hal.o
                0x0800065c                HAL_Init
 .text.HAL_InitTick
                0x0800069c       0x68 ./Drivers/STM32L0xx_HAL_Driver/Src/stm32l0xx_hal.o
                0x0800069c                HAL_InitTick
 .text.HAL_IncTick
                0x08000704       0x24 ./Drivers/STM32L0xx_HAL_Driver/Src/stm32l0xx_hal.o
                0x08000704                HAL_IncTick
 .text.HAL_GetTick
                0x08000728       0x14 ./Drivers/STM32L0xx_HAL_Driver/Src/stm32l0xx_hal.o
                0x08000728                HAL_GetTick
 .text.__NVIC_EnableIRQ
                0x0800073c       0x34 ./Drivers/STM32L0xx_HAL_Driver/Src/stm32l0xx_hal_cortex.o
 .text.__NVIC_SetPriority
                0x08000770       0xdc ./Drivers/STM32L0xx_HAL_Driver/Src/stm32l0xx_hal_cortex.o
 .text.SysTick_Config
                0x0800084c       0x48 ./Drivers/STM32L0xx_HAL_Driver/Src/stm32l0xx_hal_cortex.o
 .text.HAL_NVIC_SetPriority
                0x08000894       0x2a ./Drivers/STM32L0xx_HAL_Driver/Src/stm32l0xx_hal_cortex.o
                0x08000894                HAL_NVIC_SetPriority
 .text.HAL_NVIC_EnableIRQ
                0x080008be       0x20 ./Drivers/STM32L0xx_HAL_Driver/Src/stm32l0xx_hal_cortex.o
                0x080008be                HAL_NVIC_EnableIRQ
 .text.HAL_SYSTICK_Config
                0x080008de       0x1a ./Drivers/STM32L0xx_HAL_Driver/Src/stm32l0xx_hal_cortex.o
                0x080008de                HAL_SYSTICK_Config
 .text.HAL_GPIO_Init
                0x080008f8      0x2fc ./Drivers/STM32L0xx_HAL_Driver/Src/stm32l0xx_hal_gpio.o
                0x080008f8                HAL_GPIO_Init
 .text.HAL_GPIO_WritePin
                0x08000bf4       0x3a ./Drivers/STM32L0xx_HAL_Driver/Src/stm32l0xx_hal_gpio.o
                0x08000bf4                HAL_GPIO_WritePin
 *fill*         0x08000c2e        0x2 
 .text.HAL_PCD_Init
                0x08000c30      0x1e8 ./Drivers/STM32L0xx_HAL_Driver/Src/stm32l0xx_hal_pcd.o
                0x08000c30                HAL_PCD_Init
 .text.HAL_PCD_Start
                0x08000e18       0x4a ./Drivers/STM32L0xx_HAL_Driver/Src/stm32l0xx_hal_pcd.o
                0x08000e18                HAL_PCD_Start
 *fill*         0x08000e62        0x2 
 .text.HAL_PCD_IRQHandler
                0x08000e64      0x288 ./Drivers/STM32L0xx_HAL_Driver/Src/stm32l0xx_hal_pcd.o
                0x08000e64                HAL_PCD_IRQHandler
 .text.HAL_PCD_SetAddress
                0x080010ec       0x54 ./Drivers/STM32L0xx_HAL_Driver/Src/stm32l0xx_hal_pcd.o
                0x080010ec                HAL_PCD_SetAddress
 .text.HAL_PCD_EP_Open
                0x08001140       0xe2 ./Drivers/STM32L0xx_HAL_Driver/Src/stm32l0xx_hal_pcd.o
                0x08001140                HAL_PCD_EP_Open
 .text.HAL_PCD_EP_Close
                0x08001222       0xa2 ./Drivers/STM32L0xx_HAL_Driver/Src/stm32l0xx_hal_pcd.o
                0x08001222                HAL_PCD_EP_Close
 .text.HAL_PCD_EP_Receive
                0x080012c4       0x6e ./Drivers/STM32L0xx_HAL_Driver/Src/stm32l0xx_hal_pcd.o
                0x080012c4                HAL_PCD_EP_Receive
 .text.HAL_PCD_EP_GetRxCount
                0x08001332       0x32 ./Drivers/STM32L0xx_HAL_Driver/Src/stm32l0xx_hal_pcd.o
                0x08001332                HAL_PCD_EP_GetRxCount
 .text.HAL_PCD_EP_Transmit
                0x08001364       0x78 ./Drivers/STM32L0xx_HAL_Driver/Src/stm32l0xx_hal_pcd.o
                0x08001364                HAL_PCD_EP_Transmit
 .text.HAL_PCD_EP_SetStall
                0x080013dc       0xb8 ./Drivers/STM32L0xx_HAL_Driver/Src/stm32l0xx_hal_pcd.o
                0x080013dc                HAL_PCD_EP_SetStall
 .text.HAL_PCD_EP_ClrStall
                0x08001494       0xbc ./Drivers/STM32L0xx_HAL_Driver/Src/stm32l0xx_hal_pcd.o
                0x08001494                HAL_PCD_EP_ClrStall
 .text.PCD_EP_ISR_Handler
                0x08001550      0x7a8 ./Drivers/STM32L0xx_HAL_Driver/Src/stm32l0xx_hal_pcd.o
 .text.HAL_PCD_EP_DB_Receive
                0x08001cf8      0x238 ./Drivers/STM32L0xx_HAL_Driver/Src/stm32l0xx_hal_pcd.o
 .text.HAL_PCD_EP_DB_Transmit
                0x08001f30      0x890 ./Drivers/STM32L0xx_HAL_Driver/Src/stm32l0xx_hal_pcd.o
 .text.HAL_PCDEx_PMAConfig
                0x080027c0       0x9c ./Drivers/STM32L0xx_HAL_Driver/Src/stm32l0xx_hal_pcd_ex.o
                0x080027c0                HAL_PCDEx_PMAConfig
 .text.HAL_PCDEx_ActivateLPM
                0x0800285c       0x54 ./Drivers/STM32L0xx_HAL_Driver/Src/stm32l0xx_hal_pcd_ex.o
                0x0800285c                HAL_PCDEx_ActivateLPM
 .text.HAL_PCDEx_LPM_Callback
                0x080028b0       0x16 ./Drivers/STM32L0xx_HAL_Driver/Src/stm32l0xx_hal_pcd_ex.o
                0x080028b0                HAL_PCDEx_LPM_Callback
 *fill*         0x080028c6        0x2 
 .text.HAL_RCC_OscConfig
                0x080028c8      0x7a8 ./Drivers/STM32L0xx_HAL_Driver/Src/stm32l0xx_hal_rcc.o
                0x080028c8                HAL_RCC_OscConfig
 .text.HAL_RCC_ClockConfig
                0x08003070      0x290 ./Drivers/STM32L0xx_HAL_Driver/Src/stm32l0xx_hal_rcc.o
                0x08003070                HAL_RCC_ClockConfig
 .text.HAL_RCC_GetSysClockFreq
                0x08003300      0x108 ./Drivers/STM32L0xx_HAL_Driver/Src/stm32l0xx_hal_rcc.o
                0x08003300                HAL_RCC_GetSysClockFreq
 .text.HAL_RCCEx_PeriphCLKConfig
                0x08003408      0x2b8 ./Drivers/STM32L0xx_HAL_Driver/Src/stm32l0xx_hal_rcc_ex.o
                0x08003408                HAL_RCCEx_PeriphCLKConfig
 .text.HAL_SPI_Init
                0x080036c0      0x128 ./Drivers/STM32L0xx_HAL_Driver/Src/stm32l0xx_hal_spi.o
                0x080036c0                HAL_SPI_Init
 .text.HAL_SPI_Receive
                0x080037e8      0x244 ./Drivers/STM32L0xx_HAL_Driver/Src/stm32l0xx_hal_spi.o
                0x080037e8                HAL_SPI_Receive
 .text.HAL_SPI_TransmitReceive
                0x08003a2c      0x37e ./Drivers/STM32L0xx_HAL_Driver/Src/stm32l0xx_hal_spi.o
                0x08003a2c                HAL_SPI_TransmitReceive
 *fill*         0x08003daa        0x2 
 .text.SPI_WaitFlagStateUntilTimeout
                0x08003dac      0x11c ./Drivers/STM32L0xx_HAL_Driver/Src/stm32l0xx_hal_spi.o
 .text.SPI_EndRxTransaction
                0x08003ec8       0xd4 ./Drivers/STM32L0xx_HAL_Driver/Src/stm32l0xx_hal_spi.o
 .text.SPI_EndRxTxTransaction
                0x08003f9c       0xb4 ./Drivers/STM32L0xx_HAL_Driver/Src/stm32l0xx_hal_spi.o
 .text.USB_EnableGlobalInt
                0x08004050       0x2c ./Drivers/STM32L0xx_HAL_Driver/Src/stm32l0xx_ll_usb.o
                0x08004050                USB_EnableGlobalInt
 .text.USB_DisableGlobalInt
                0x0800407c       0x34 ./Drivers/STM32L0xx_HAL_Driver/Src/stm32l0xx_ll_usb.o
                0x0800407c                USB_DisableGlobalInt
 .text.USB_DevInit
                0x080040b0       0x38 ./Drivers/STM32L0xx_HAL_Driver/Src/stm32l0xx_ll_usb.o
                0x080040b0                USB_DevInit
 .text.USB_ActivateEndpoint
                0x080040e8      0x9a8 ./Drivers/STM32L0xx_HAL_Driver/Src/stm32l0xx_ll_usb.o
                0x080040e8                USB_ActivateEndpoint
 .text.USB_DeactivateEndpoint
                0x08004a90      0x380 ./Drivers/STM32L0xx_HAL_Driver/Src/stm32l0xx_ll_usb.o
                0x08004a90                USB_DeactivateEndpoint
 .text.USB_EPStartXfer
                0x08004e10      0xbd8 ./Drivers/STM32L0xx_HAL_Driver/Src/stm32l0xx_ll_usb.o
                0x08004e10                USB_EPStartXfer
 .text.USB_EPSetStall
                0x080059e8       0xa0 ./Drivers/STM32L0xx_HAL_Driver/Src/stm32l0xx_ll_usb.o
                0x080059e8                USB_EPSetStall
 .text.USB_EPClearStall
                0x08005a88      0x158 ./Drivers/STM32L0xx_HAL_Driver/Src/stm32l0xx_ll_usb.o
                0x08005a88                USB_EPClearStall
 .text.USB_SetDevAddress
                0x08005be0       0x28 ./Drivers/STM32L0xx_HAL_Driver/Src/stm32l0xx_ll_usb.o
                0x08005be0                USB_SetDevAddress
 .text.USB_DevConnect
                0x08005c08       0x2c ./Drivers/STM32L0xx_HAL_Driver/Src/stm32l0xx_ll_usb.o
                0x08005c08                USB_DevConnect
 .text.USB_ReadInterrupts
                0x08005c34       0x1c ./Drivers/STM32L0xx_HAL_Driver/Src/stm32l0xx_ll_usb.o
                0x08005c34                USB_ReadInterrupts
 .text.USB_WritePMA
                0x08005c50       0x94 ./Drivers/STM32L0xx_HAL_Driver/Src/stm32l0xx_ll_usb.o
                0x08005c50                USB_WritePMA
 .text.USB_ReadPMA
                0x08005ce4       0x9e ./Drivers/STM32L0xx_HAL_Driver/Src/stm32l0xx_ll_usb.o
                0x08005ce4                USB_ReadPMA
 .text.USBD_CDC_Init
                0x08005d82      0x118 ./Middlewares/ST/STM32_USB_Device_Library/Class/CDC/Src/usbd_cdc.o
 .text.USBD_CDC_DeInit
                0x08005e9a       0x88 ./Middlewares/ST/STM32_USB_Device_Library/Class/CDC/Src/usbd_cdc.o
 *fill*         0x08005f22        0x2 
 .text.USBD_CDC_Setup
                0x08005f24      0x190 ./Middlewares/ST/STM32_USB_Device_Library/Class/CDC/Src/usbd_cdc.o
 .text.USBD_CDC_DataIn
                0x080060b4       0xb6 ./Middlewares/ST/STM32_USB_Device_Library/Class/CDC/Src/usbd_cdc.o
 .text.USBD_CDC_DataOut
                0x0800616a       0x6a ./Middlewares/ST/STM32_USB_Device_Library/Class/CDC/Src/usbd_cdc.o
 .text.USBD_CDC_EP0_RxReady
                0x080061d4       0x60 ./Middlewares/ST/STM32_USB_Device_Library/Class/CDC/Src/usbd_cdc.o
 .text.USBD_CDC_GetFSCfgDesc
                0x08006234       0x1c ./Middlewares/ST/STM32_USB_Device_Library/Class/CDC/Src/usbd_cdc.o
 .text.USBD_CDC_GetHSCfgDesc
                0x08006250       0x1c ./Middlewares/ST/STM32_USB_Device_Library/Class/CDC/Src/usbd_cdc.o
 .text.USBD_CDC_GetOtherSpeedCfgDesc
                0x0800626c       0x1c ./Middlewares/ST/STM32_USB_Device_Library/Class/CDC/Src/usbd_cdc.o
 .text.USBD_CDC_GetDeviceQualifierDescriptor
                0x08006288       0x1c ./Middlewares/ST/STM32_USB_Device_Library/Class/CDC/Src/usbd_cdc.o
                0x08006288                USBD_CDC_GetDeviceQualifierDescriptor
 .text.USBD_CDC_RegisterInterface
                0x080062a4       0x36 ./Middlewares/ST/STM32_USB_Device_Library/Class/CDC/Src/usbd_cdc.o
                0x080062a4                USBD_CDC_RegisterInterface
 .text.USBD_CDC_SetTxBuffer
                0x080062da       0x38 ./Middlewares/ST/STM32_USB_Device_Library/Class/CDC/Src/usbd_cdc.o
                0x080062da                USBD_CDC_SetTxBuffer
 .text.USBD_CDC_SetRxBuffer
                0x08006312       0x28 ./Middlewares/ST/STM32_USB_Device_Library/Class/CDC/Src/usbd_cdc.o
                0x08006312                USBD_CDC_SetRxBuffer
 .text.USBD_CDC_ReceivePacket
                0x0800633a       0x5c ./Middlewares/ST/STM32_USB_Device_Library/Class/CDC/Src/usbd_cdc.o
                0x0800633a                USBD_CDC_ReceivePacket
 .text.USBD_Init
                0x08006396       0x62 ./Middlewares/ST/STM32_USB_Device_Library/Core/Src/usbd_core.o
                0x08006396                USBD_Init
 .text.USBD_RegisterClass
                0x080063f8       0x40 ./Middlewares/ST/STM32_USB_Device_Library/Core/Src/usbd_core.o
                0x080063f8                USBD_RegisterClass
 .text.USBD_Start
                0x08006438       0x1a ./Middlewares/ST/STM32_USB_Device_Library/Core/Src/usbd_core.o
                0x08006438                USBD_Start
 .text.USBD_RunTestMode
                0x08006452       0x12 ./Middlewares/ST/STM32_USB_Device_Library/Core/Src/usbd_core.o
                0x08006452                USBD_RunTestMode
 .text.USBD_SetClassConfig
                0x08006464       0x4e ./Middlewares/ST/STM32_USB_Device_Library/Core/Src/usbd_core.o
                0x08006464                USBD_SetClassConfig
 .text.USBD_ClrClassConfig
                0x080064b2       0x2c ./Middlewares/ST/STM32_USB_Device_Library/Core/Src/usbd_core.o
                0x080064b2                USBD_ClrClassConfig
 *fill*         0x080064de        0x2 
 .text.USBD_LL_SetupStage
                0x080064e0       0xbc ./Middlewares/ST/STM32_USB_Device_Library/Core/Src/usbd_core.o
                0x080064e0                USBD_LL_SetupStage
 .text.USBD_LL_DataOutStage
                0x0800659c      0x104 ./Middlewares/ST/STM32_USB_Device_Library/Core/Src/usbd_core.o
                0x0800659c                USBD_LL_DataOutStage
 .text.USBD_LL_DataInStage
                0x080066a0      0x17a ./Middlewares/ST/STM32_USB_Device_Library/Core/Src/usbd_core.o
                0x080066a0                USBD_LL_DataInStage
 .text.USBD_LL_Reset
                0x0800681a       0x90 ./Middlewares/ST/STM32_USB_Device_Library/Core/Src/usbd_core.o
                0x0800681a                USBD_LL_Reset
 .text.USBD_LL_SetSpeed
                0x080068aa       0x20 ./Middlewares/ST/STM32_USB_Device_Library/Core/Src/usbd_core.o
                0x080068aa                USBD_LL_SetSpeed
 *fill*         0x080068ca        0x2 
 .text.USBD_LL_Suspend
                0x080068cc       0x30 ./Middlewares/ST/STM32_USB_Device_Library/Core/Src/usbd_core.o
                0x080068cc                USBD_LL_Suspend
 .text.USBD_LL_Resume
                0x080068fc       0x30 ./Middlewares/ST/STM32_USB_Device_Library/Core/Src/usbd_core.o
                0x080068fc                USBD_LL_Resume
 .text.USBD_LL_SOF
                0x0800692c       0x3c ./Middlewares/ST/STM32_USB_Device_Library/Core/Src/usbd_core.o
                0x0800692c                USBD_LL_SOF
 .text.USBD_StdDevReq
                0x08006968       0xe4 ./Middlewares/ST/STM32_USB_Device_Library/Core/Src/usbd_ctlreq.o
                0x08006968                USBD_StdDevReq
 .text.USBD_StdItfReq
                0x08006a4c       0xae ./Middlewares/ST/STM32_USB_Device_Library/Core/Src/usbd_ctlreq.o
                0x08006a4c                USBD_StdItfReq
 .text.USBD_StdEPReq
                0x08006afa      0x36c ./Middlewares/ST/STM32_USB_Device_Library/Core/Src/usbd_ctlreq.o
                0x08006afa                USBD_StdEPReq
 *fill*         0x08006e66        0x2 
 .text.USBD_GetDescriptor
                0x08006e68      0x364 ./Middlewares/ST/STM32_USB_Device_Library/Core/Src/usbd_ctlreq.o
 .text.USBD_SetAddress
                0x080071cc       0xa8 ./Middlewares/ST/STM32_USB_Device_Library/Core/Src/usbd_ctlreq.o
 .text.USBD_SetConfig
                0x08007274      0x148 ./Middlewares/ST/STM32_USB_Device_Library/Core/Src/usbd_ctlreq.o
 .text.USBD_GetConfig
                0x080073bc       0x76 ./Middlewares/ST/STM32_USB_Device_Library/Core/Src/usbd_ctlreq.o
 .text.USBD_GetStatus
                0x08007432       0x74 ./Middlewares/ST/STM32_USB_Device_Library/Core/Src/usbd_ctlreq.o
 .text.USBD_SetFeature
                0x080074a6       0x2c ./Middlewares/ST/STM32_USB_Device_Library/Core/Src/usbd_ctlreq.o
 .text.USBD_ClrFeature
                0x080074d2       0x4c ./Middlewares/ST/STM32_USB_Device_Library/Core/Src/usbd_ctlreq.o
 .text.USBD_ParseSetupRequest
                0x0800751e       0x70 ./Middlewares/ST/STM32_USB_Device_Library/Core/Src/usbd_ctlreq.o
                0x0800751e                USBD_ParseSetupRequest
 .text.USBD_CtlError
                0x0800758e       0x26 ./Middlewares/ST/STM32_USB_Device_Library/Core/Src/usbd_ctlreq.o
                0x0800758e                USBD_CtlError
 .text.USBD_GetString
                0x080075b4       0x9c ./Middlewares/ST/STM32_USB_Device_Library/Core/Src/usbd_ctlreq.o
                0x080075b4                USBD_GetString
 .text.USBD_GetLen
                0x08007650       0x3a ./Middlewares/ST/STM32_USB_Device_Library/Core/Src/usbd_ctlreq.o
 .text.USBD_CtlSendData
                0x0800768a       0x40 ./Middlewares/ST/STM32_USB_Device_Library/Core/Src/usbd_ioreq.o
                0x0800768a                USBD_CtlSendData
 .text.USBD_CtlContinueSendData
                0x080076ca       0x26 ./Middlewares/ST/STM32_USB_Device_Library/Core/Src/usbd_ioreq.o
                0x080076ca                USBD_CtlContinueSendData
 .text.USBD_CtlPrepareRx
                0x080076f0       0x48 ./Middlewares/ST/STM32_USB_Device_Library/Core/Src/usbd_ioreq.o
                0x080076f0                USBD_CtlPrepareRx
 .text.USBD_CtlContinueRx
                0x08007738       0x26 ./Middlewares/ST/STM32_USB_Device_Library/Core/Src/usbd_ioreq.o
                0x08007738                USBD_CtlContinueRx
 .text.USBD_CtlSendStatus
                0x0800775e       0x28 ./Middlewares/ST/STM32_USB_Device_Library/Core/Src/usbd_ioreq.o
                0x0800775e                USBD_CtlSendStatus
 .text.USBD_CtlReceiveStatus
                0x08007786       0x28 ./Middlewares/ST/STM32_USB_Device_Library/Core/Src/usbd_ioreq.o
                0x08007786                USBD_CtlReceiveStatus
 *fill*         0x080077ae        0x2 
 .text.MX_USB_DEVICE_Init
                0x080077b0       0x68 ./USB_DEVICE/App/usb_device.o
                0x080077b0                MX_USB_DEVICE_Init
 .text.CDC_Init_FS
                0x08007818       0x30 ./USB_DEVICE/App/usbd_cdc_if.o
 .text.CDC_DeInit_FS
                0x08007848        0xc ./USB_DEVICE/App/usbd_cdc_if.o
 .text.CDC_Control_FS
                0x08007854       0x38 ./USB_DEVICE/App/usbd_cdc_if.o
 .text.CDC_Receive_FS
                0x0800788c       0x2c ./USB_DEVICE/App/usbd_cdc_if.o
 .text.USBD_FS_DeviceDescriptor
                0x080078b8       0x24 ./USB_DEVICE/App/usbd_desc.o
                0x080078b8                USBD_FS_DeviceDescriptor
 .text.USBD_FS_LangIDStrDescriptor
                0x080078dc       0x24 ./USB_DEVICE/App/usbd_desc.o
                0x080078dc                USBD_FS_LangIDStrDescriptor
 .text.USBD_FS_ProductStrDescriptor
                0x08007900       0x44 ./USB_DEVICE/App/usbd_desc.o
                0x08007900                USBD_FS_ProductStrDescriptor
 .text.USBD_FS_ManufacturerStrDescriptor
                0x08007944       0x2c ./USB_DEVICE/App/usbd_desc.o
                0x08007944                USBD_FS_ManufacturerStrDescriptor
 .text.USBD_FS_SerialStrDescriptor
                0x08007970       0x28 ./USB_DEVICE/App/usbd_desc.o
                0x08007970                USBD_FS_SerialStrDescriptor
 .text.USBD_FS_ConfigStrDescriptor
                0x08007998       0x44 ./USB_DEVICE/App/usbd_desc.o
                0x08007998                USBD_FS_ConfigStrDescriptor
 .text.USBD_FS_InterfaceStrDescriptor
                0x080079dc       0x44 ./USB_DEVICE/App/usbd_desc.o
                0x080079dc                USBD_FS_InterfaceStrDescriptor
 .text.Get_SerialNum
                0x08007a20       0x5c ./USB_DEVICE/App/usbd_desc.o
 .text.IntToUnicode
                0x08007a7c       0x96 ./USB_DEVICE/App/usbd_desc.o
 *fill*         0x08007b12        0x2 
 .text.HAL_PCD_MspInit
                0x08007b14       0x40 ./USB_DEVICE/Target/usbd_conf.o
                0x08007b14                HAL_PCD_MspInit
 .text.HAL_PCD_SetupStageCallback
                0x08007b54       0x2a ./USB_DEVICE/Target/usbd_conf.o
                0x08007b54                HAL_PCD_SetupStageCallback
 .text.HAL_PCD_DataOutStageCallback
                0x08007b7e       0x42 ./USB_DEVICE/Target/usbd_conf.o
                0x08007b7e                HAL_PCD_DataOutStageCallback
 .text.HAL_PCD_DataInStageCallback
                0x08007bc0       0x3c ./USB_DEVICE/Target/usbd_conf.o
                0x08007bc0                HAL_PCD_DataInStageCallback
 .text.HAL_PCD_SOFCallback
                0x08007bfc       0x1e ./USB_DEVICE/Target/usbd_conf.o
                0x08007bfc                HAL_PCD_SOFCallback
 .text.HAL_PCD_ResetCallback
                0x08007c1a       0x48 ./USB_DEVICE/Target/usbd_conf.o
                0x08007c1a                HAL_PCD_ResetCallback
 *fill*         0x08007c62        0x2 
 .text.HAL_PCD_SuspendCallback
                0x08007c64       0x38 ./USB_DEVICE/Target/usbd_conf.o
                0x08007c64                HAL_PCD_SuspendCallback
 .text.HAL_PCD_ResumeCallback
                0x08007c9c       0x3c ./USB_DEVICE/Target/usbd_conf.o
                0x08007c9c                HAL_PCD_ResumeCallback
 .text.USBD_LL_Init
                0x08007cd8       0xc8 ./USB_DEVICE/Target/usbd_conf.o
                0x08007cd8                USBD_LL_Init
 .text.USBD_LL_Start
                0x08007da0       0x4a ./USB_DEVICE/Target/usbd_conf.o
                0x08007da0                USBD_LL_Start
 .text.USBD_LL_OpenEP
                0x08007dea       0x6e ./USB_DEVICE/Target/usbd_conf.o
                0x08007dea                USBD_LL_OpenEP
 .text.USBD_LL_CloseEP
                0x08007e58       0x56 ./USB_DEVICE/Target/usbd_conf.o
                0x08007e58                USBD_LL_CloseEP
 .text.USBD_LL_StallEP
                0x08007eae       0x56 ./USB_DEVICE/Target/usbd_conf.o
                0x08007eae                USBD_LL_StallEP
 .text.USBD_LL_ClearStallEP
                0x08007f04       0x56 ./USB_DEVICE/Target/usbd_conf.o
                0x08007f04                USBD_LL_ClearStallEP
 .text.USBD_LL_IsStallEP
                0x08007f5a       0x60 ./USB_DEVICE/Target/usbd_conf.o
                0x08007f5a                USBD_LL_IsStallEP
 .text.USBD_LL_SetUSBAddress
                0x08007fba       0x56 ./USB_DEVICE/Target/usbd_conf.o
                0x08007fba                USBD_LL_SetUSBAddress
 .text.USBD_LL_Transmit
                0x08008010       0x6e ./USB_DEVICE/Target/usbd_conf.o
                0x08008010                USBD_LL_Transmit
 .text.USBD_LL_PrepareReceive
                0x0800807e       0x6e ./USB_DEVICE/Target/usbd_conf.o
                0x0800807e                USBD_LL_PrepareReceive
 .text.USBD_LL_GetRxDataSize
                0x080080ec       0x2c ./USB_DEVICE/Target/usbd_conf.o
                0x080080ec                USBD_LL_GetRxDataSize
 .text.USBD_static_malloc
                0x08008118       0x18 ./USB_DEVICE/Target/usbd_conf.o
                0x08008118                USBD_static_malloc
 .text.USBD_static_free
                0x08008130       0x10 ./USB_DEVICE/Target/usbd_conf.o
                0x08008130                USBD_static_free
 .text.SystemClockConfig_Resume
                0x08008140        0xe ./USB_DEVICE/Target/usbd_conf.o
 .text.USBD_Get_USB_Status
                0x0800814e       0x6e ./USB_DEVICE/Target/usbd_conf.o
 .text.memset   0x080081bc       0x10 C:/ST/STM32CubeIDE_1.19.0/STM32CubeIDE/plugins/com.st.stm32cube.ide.mcu.externaltools.gnu-tools-for-stm32.13.3.rel1.win32_1.0.0.202411081344/tools/bin/../lib/gcc/arm-none-eabi/13.3.1/../../../../arm-none-eabi/lib/thumb/v6-m/nofp\libc_nano.a(libc_a-memset.o)
                0x080081bc                memset
 .text.__libc_init_array
                0x080081cc       0x48 C:/ST/STM32CubeIDE_1.19.0/STM32CubeIDE/plugins/com.st.stm32cube.ide.mcu.externaltools.gnu-tools-for-stm32.13.3.rel1.win32_1.0.0.202411081344/tools/bin/../lib/gcc/arm-none-eabi/13.3.1/../../../../arm-none-eabi/lib/thumb/v6-m/nofp\libc_nano.a(libc_a-init.o)
                0x080081cc                __libc_init_array
 *(.glue_7)
 .glue_7        0x08008214        0x0 linker stubs
 *(.glue_7t)
 .glue_7t       0x08008214        0x0 linker stubs
 *(.eh_frame)
 .eh_frame      0x08008214        0x0 C:/ST/STM32CubeIDE_1.19.0/STM32CubeIDE/plugins/com.st.stm32cube.ide.mcu.externaltools.gnu-tools-for-stm32.13.3.rel1.win32_1.0.0.202411081344/tools/bin/../lib/gcc/arm-none-eabi/13.3.1/thumb/v6-m/nofp/crtbegin.o
 *(.init)
 .init          0x08008214        0x4 C:/ST/STM32CubeIDE_1.19.0/STM32CubeIDE/plugins/com.st.stm32cube.ide.mcu.externaltools.gnu-tools-for-stm32.13.3.rel1.win32_1.0.0.202411081344/tools/bin/../lib/gcc/arm-none-eabi/13.3.1/thumb/v6-m/nofp/crti.o
                0x08008214                _init
 .init          0x08008218        0x8 C:/ST/STM32CubeIDE_1.19.0/STM32CubeIDE/plugins/com.st.stm32cube.ide.mcu.externaltools.gnu-tools-for-stm32.13.3.rel1.win32_1.0.0.202411081344/tools/bin/../lib/gcc/arm-none-eabi/13.3.1/thumb/v6-m/nofp/crtn.o
 *(.fini)
 .fini          0x08008220        0x4 C:/ST/STM32CubeIDE_1.19.0/STM32CubeIDE/plugins/com.st.stm32cube.ide.mcu.externaltools.gnu-tools-for-stm32.13.3.rel1.win32_1.0.0.202411081344/tools/bin/../lib/gcc/arm-none-eabi/13.3.1/thumb/v6-m/nofp/crti.o
                0x08008220                _fini
 .fini          0x08008224        0x8 C:/ST/STM32CubeIDE_1.19.0/STM32CubeIDE/plugins/com.st.stm32cube.ide.mcu.externaltools.gnu-tools-for-stm32.13.3.rel1.win32_1.0.0.202411081344/tools/bin/../lib/gcc/arm-none-eabi/13.3.1/thumb/v6-m/nofp/crtn.o
                0x0800822c                        . = ALIGN (0x4)
                0x0800822c                        _etext = .

.vfp11_veneer   0x0800822c        0x0
 .vfp11_veneer  0x0800822c        0x0 linker stubs

.v4_bx          0x0800822c        0x0
 .v4_bx         0x0800822c        0x0 linker stubs

.iplt           0x0800822c        0x0
 .iplt          0x0800822c        0x0 C:/ST/STM32CubeIDE_1.19.0/STM32CubeIDE/plugins/com.st.stm32cube.ide.mcu.externaltools.gnu-tools-for-stm32.13.3.rel1.win32_1.0.0.202411081344/tools/bin/../lib/gcc/arm-none-eabi/13.3.1/thumb/v6-m/nofp/crtbegin.o

.rodata         0x0800822c      0x154
                0x0800822c                        . = ALIGN (0x4)
 *(.rodata)
 .rodata        0x0800822c       0x46 ./USB_DEVICE/App/usbd_desc.o
 *(.rodata*)
 *fill*         0x08008272        0x2 
 .rodata.AHBPrescTable
                0x08008274       0x10 ./Core/Src/system_stm32l0xx.o
                0x08008274                AHBPrescTable
 .rodata.PLLMulTable
                0x08008284        0x9 ./Core/Src/system_stm32l0xx.o
                0x08008284                PLLMulTable
 *fill*         0x0800828d        0x3 
 .rodata.USBD_StdDevReq
                0x08008290       0x28 ./Middlewares/ST/STM32_USB_Device_Library/Core/Src/usbd_ctlreq.o
 .rodata.USBD_GetDescriptor
                0x080082b8       0x38 ./Middlewares/ST/STM32_USB_Device_Library/Core/Src/usbd_ctlreq.o
 .rodata.CDC_Control_FS
                0x080082f0       0x90 ./USB_DEVICE/App/usbd_cdc_if.o
                0x08008380                        . = ALIGN (0x4)

.ARM.extab      0x08008380        0x0
                0x08008380                        . = ALIGN (0x4)
 *(.ARM.extab* .gnu.linkonce.armextab.*)
                0x08008380                        . = ALIGN (0x4)

.ARM            0x08008380        0x0
                0x08008380                        . = ALIGN (0x4)
                0x08008380                        __exidx_start = .
 *(.ARM.exidx*)
                0x08008380                        __exidx_end = .
                0x08008380                        . = ALIGN (0x4)

.preinit_array  0x08008380        0x0
                0x08008380                        . = ALIGN (0x4)
                0x08008380                        PROVIDE (__preinit_array_start = .)
 *(.preinit_array*)
                0x08008380                        PROVIDE (__preinit_array_end = .)
                0x08008380                        . = ALIGN (0x4)

.init_array     0x08008380        0x4
                0x08008380                        . = ALIGN (0x4)
                0x08008380                        PROVIDE (__init_array_start = .)
 *(SORT_BY_NAME(.init_array.*))
 *(.init_array*)
 .init_array    0x08008380        0x4 C:/ST/STM32CubeIDE_1.19.0/STM32CubeIDE/plugins/com.st.stm32cube.ide.mcu.externaltools.gnu-tools-for-stm32.13.3.rel1.win32_1.0.0.202411081344/tools/bin/../lib/gcc/arm-none-eabi/13.3.1/thumb/v6-m/nofp/crtbegin.o
                0x08008384                        PROVIDE (__init_array_end = .)
                0x08008384                        . = ALIGN (0x4)

.fini_array     0x08008384        0x4
                0x08008384                        . = ALIGN (0x4)
                [!provide]                        PROVIDE (__fini_array_start = .)
 *(SORT_BY_NAME(.fini_array.*))
 *(.fini_array*)
 .fini_array    0x08008384        0x4 C:/ST/STM32CubeIDE_1.19.0/STM32CubeIDE/plugins/com.st.stm32cube.ide.mcu.externaltools.gnu-tools-for-stm32.13.3.rel1.win32_1.0.0.202411081344/tools/bin/../lib/gcc/arm-none-eabi/13.3.1/thumb/v6-m/nofp/crtbegin.o
                [!provide]                        PROVIDE (__fini_array_end = .)
                0x08008388                        . = ALIGN (0x4)
                0x08008388                        _sidata = LOADADDR (.data)

.rel.dyn        0x08008388        0x0
 .rel.iplt      0x08008388        0x0 C:/ST/STM32CubeIDE_1.19.0/STM32CubeIDE/plugins/com.st.stm32cube.ide.mcu.externaltools.gnu-tools-for-stm32.13.3.rel1.win32_1.0.0.202411081344/tools/bin/../lib/gcc/arm-none-eabi/13.3.1/thumb/v6-m/nofp/crtbegin.o

.data           0x20000000      0x17c load address 0x08008388
                0x20000000                        . = ALIGN (0x4)
                0x20000000                        _sdata = .
 *(.data)
 *(.data*)
 .data.SystemCoreClock
                0x20000000        0x4 ./Core/Src/system_stm32l0xx.o
                0x20000000                SystemCoreClock
 .data.uwTickPrio
                0x20000004        0x4 ./Drivers/STM32L0xx_HAL_Driver/Src/stm32l0xx_hal.o
                0x20000004                uwTickPrio
 .data.uwTickFreq
                0x20000008        0x1 ./Drivers/STM32L0xx_HAL_Driver/Src/stm32l0xx_hal.o
                0x20000008                uwTickFreq
 *fill*         0x20000009        0x3 
 .data.USBD_CDC_DeviceQualifierDesc
                0x2000000c        0xa ./Middlewares/ST/STM32_USB_Device_Library/Class/CDC/Src/usbd_cdc.o
 *fill*         0x20000016        0x2 
 .data.USBD_CDC
                0x20000018       0x38 ./Middlewares/ST/STM32_USB_Device_Library/Class/CDC/Src/usbd_cdc.o
                0x20000018                USBD_CDC
 .data.USBD_CDC_CfgHSDesc
                0x20000050       0x43 ./Middlewares/ST/STM32_USB_Device_Library/Class/CDC/Src/usbd_cdc.o
                0x20000050                USBD_CDC_CfgHSDesc
 *fill*         0x20000093        0x1 
 .data.USBD_CDC_CfgFSDesc
                0x20000094       0x43 ./Middlewares/ST/STM32_USB_Device_Library/Class/CDC/Src/usbd_cdc.o
                0x20000094                USBD_CDC_CfgFSDesc
 *fill*         0x200000d7        0x1 
 .data.USBD_CDC_OtherSpeedCfgDesc
                0x200000d8       0x43 ./Middlewares/ST/STM32_USB_Device_Library/Class/CDC/Src/usbd_cdc.o
                0x200000d8                USBD_CDC_OtherSpeedCfgDesc
 *fill*         0x2000011b        0x1 
 .data.USBD_Interface_fops_FS
                0x2000011c       0x10 ./USB_DEVICE/App/usbd_cdc_if.o
                0x2000011c                USBD_Interface_fops_FS
 .data.FS_Desc  0x2000012c       0x1c ./USB_DEVICE/App/usbd_desc.o
                0x2000012c                FS_Desc
 .data.USBD_FS_DeviceDesc
                0x20000148       0x12 ./USB_DEVICE/App/usbd_desc.o
                0x20000148                USBD_FS_DeviceDesc
 *fill*         0x2000015a        0x2 
 .data.USBD_LangIDDesc
                0x2000015c        0x4 ./USB_DEVICE/App/usbd_desc.o
                0x2000015c                USBD_LangIDDesc
 .data.USBD_StringSerial
                0x20000160       0x1a ./USB_DEVICE/App/usbd_desc.o
                0x20000160                USBD_StringSerial
 *(.RamFunc)
 *(.RamFunc*)
                0x2000017c                        . = ALIGN (0x4)
 *fill*         0x2000017a        0x2 
                0x2000017c                        _edata = .

.igot.plt       0x2000017c        0x0 load address 0x08008504
 .igot.plt      0x2000017c        0x0 C:/ST/STM32CubeIDE_1.19.0/STM32CubeIDE/plugins/com.st.stm32cube.ide.mcu.externaltools.gnu-tools-for-stm32.13.3.rel1.win32_1.0.0.202411081344/tools/bin/../lib/gcc/arm-none-eabi/13.3.1/thumb/v6-m/nofp/crtbegin.o
                0x2000017c                        . = ALIGN (0x4)

.bss            0x2000017c     0x123c load address 0x08008504
                0x2000017c                        _sbss = .
                0x2000017c                        __bss_start__ = _sbss
 *(.bss)
 .bss           0x2000017c       0x1c C:/ST/STM32CubeIDE_1.19.0/STM32CubeIDE/plugins/com.st.stm32cube.ide.mcu.externaltools.gnu-tools-for-stm32.13.3.rel1.win32_1.0.0.202411081344/tools/bin/../lib/gcc/arm-none-eabi/13.3.1/thumb/v6-m/nofp/crtbegin.o
 *(.bss*)
 .bss.hspi1     0x20000198       0x58 ./Core/Src/main.o
                0x20000198                hspi1
 .bss.uwTick    0x200001f0        0x4 ./Drivers/STM32L0xx_HAL_Driver/Src/stm32l0xx_hal.o
                0x200001f0                uwTick
 .bss.cfgidx.0  0x200001f4        0x1 ./Middlewares/ST/STM32_USB_Device_Library/Core/Src/usbd_ctlreq.o
 *fill*         0x200001f5        0x3 
 .bss.hUsbDeviceFS
                0x200001f8      0x2c4 ./USB_DEVICE/App/usb_device.o
                0x200001f8                hUsbDeviceFS
 .bss.UserRxBufferFS
                0x200004bc      0x400 ./USB_DEVICE/App/usbd_cdc_if.o
                0x200004bc                UserRxBufferFS
 .bss.UserTxBufferFS
                0x200008bc      0x400 ./USB_DEVICE/App/usbd_cdc_if.o
                0x200008bc                UserTxBufferFS
 .bss.USBD_StrDesc
                0x20000cbc      0x200 ./USB_DEVICE/App/usbd_desc.o
                0x20000cbc                USBD_StrDesc
 .bss.hpcd_USB_FS
                0x20000ebc      0x2dc ./USB_DEVICE/Target/usbd_conf.o
                0x20000ebc                hpcd_USB_FS
 .bss.mem.0     0x20001198      0x220 ./USB_DEVICE/Target/usbd_conf.o
 *(COMMON)
                0x200013b8                        . = ALIGN (0x4)
                0x200013b8                        _ebss = .
                0x200013b8                        __bss_end__ = _ebss

._user_heap_stack
                0x200013b8      0x600 load address 0x08008504
                0x200013b8                        . = ALIGN (0x8)
                [!provide]                        PROVIDE (end = .)
                0x200013b8                        PROVIDE (_end = .)
                0x200015b8                        . = (. + _Min_Heap_Size)
 *fill*         0x200013b8      0x200 
                0x200019b8                        . = (. + _Min_Stack_Size)
 *fill*         0x200015b8      0x400 
                0x200019b8                        . = ALIGN (0x8)

/DISCARD/
 libc.a(*)
 libm.a(*)
 libgcc.a(*)

.ARM.attributes
                0x00000000       0x28
 *(.ARM.attributes)
 .ARM.attributes
                0x00000000       0x1e C:/ST/STM32CubeIDE_1.19.0/STM32CubeIDE/plugins/com.st.stm32cube.ide.mcu.externaltools.gnu-tools-for-stm32.13.3.rel1.win32_1.0.0.202411081344/tools/bin/../lib/gcc/arm-none-eabi/13.3.1/thumb/v6-m/nofp/crti.o
 .ARM.attributes
                0x0000001e       0x2c C:/ST/STM32CubeIDE_1.19.0/STM32CubeIDE/plugins/com.st.stm32cube.ide.mcu.externaltools.gnu-tools-for-stm32.13.3.rel1.win32_1.0.0.202411081344/tools/bin/../lib/gcc/arm-none-eabi/13.3.1/thumb/v6-m/nofp/crtbegin.o
 .ARM.attributes
                0x0000004a       0x2c ./Core/Src/main.o
 .ARM.attributes
                0x00000076       0x2c ./Core/Src/stm32l0xx_hal_msp.o
 .ARM.attributes
                0x000000a2       0x2c ./Core/Src/stm32l0xx_it.o
 .ARM.attributes
                0x000000ce       0x2c ./Core/Src/system_stm32l0xx.o
 .ARM.attributes
                0x000000fa       0x22 ./Core/Startup/startup_stm32l072cbtx.o
 .ARM.attributes
                0x0000011c       0x2c ./Drivers/STM32L0xx_HAL_Driver/Src/stm32l0xx_hal.o
 .ARM.attributes
                0x00000148       0x2c ./Drivers/STM32L0xx_HAL_Driver/Src/stm32l0xx_hal_cortex.o
 .ARM.attributes
                0x00000174       0x2c ./Drivers/STM32L0xx_HAL_Driver/Src/stm32l0xx_hal_gpio.o
 .ARM.attributes
                0x000001a0       0x2c ./Drivers/STM32L0xx_HAL_Driver/Src/stm32l0xx_hal_pcd.o
 .ARM.attributes
                0x000001cc       0x2c ./Drivers/STM32L0xx_HAL_Driver/Src/stm32l0xx_hal_pcd_ex.o
 .ARM.attributes
                0x000001f8       0x2c ./Drivers/STM32L0xx_HAL_Driver/Src/stm32l0xx_hal_rcc.o
 .ARM.attributes
                0x00000224       0x2c ./Drivers/STM32L0xx_HAL_Driver/Src/stm32l0xx_hal_rcc_ex.o
 .ARM.attributes
                0x00000250       0x2c ./Drivers/STM32L0xx_HAL_Driver/Src/stm32l0xx_hal_spi.o
 .ARM.attributes
                0x0000027c       0x2c ./Drivers/STM32L0xx_HAL_Driver/Src/stm32l0xx_ll_usb.o
 .ARM.attributes
                0x000002a8       0x2c ./Middlewares/ST/STM32_USB_Device_Library/Class/CDC/Src/usbd_cdc.o
 .ARM.attributes
                0x000002d4       0x2c ./Middlewares/ST/STM32_USB_Device_Library/Core/Src/usbd_core.o
 .ARM.attributes
                0x00000300       0x2c ./Middlewares/ST/STM32_USB_Device_Library/Core/Src/usbd_ctlreq.o
 .ARM.attributes
                0x0000032c       0x2c ./Middlewares/ST/STM32_USB_Device_Library/Core/Src/usbd_ioreq.o
 .ARM.attributes
                0x00000358       0x2c ./USB_DEVICE/App/usb_device.o
 .ARM.attributes
                0x00000384       0x2c ./USB_DEVICE/App/usbd_cdc_if.o
 .ARM.attributes
                0x000003b0       0x2c ./USB_DEVICE/App/usbd_desc.o
 .ARM.attributes
                0x000003dc       0x2c ./USB_DEVICE/Target/usbd_conf.o
 .ARM.attributes
                0x00000408       0x2c C:/ST/STM32CubeIDE_1.19.0/STM32CubeIDE/plugins/com.st.stm32cube.ide.mcu.externaltools.gnu-tools-for-stm32.13.3.rel1.win32_1.0.0.202411081344/tools/bin/../lib/gcc/arm-none-eabi/13.3.1/../../../../arm-none-eabi/lib/thumb/v6-m/nofp\libc_nano.a(libc_a-memset.o)
 .ARM.attributes
                0x00000434       0x2c C:/ST/STM32CubeIDE_1.19.0/STM32CubeIDE/plugins/com.st.stm32cube.ide.mcu.externaltools.gnu-tools-for-stm32.13.3.rel1.win32_1.0.0.202411081344/tools/bin/../lib/gcc/arm-none-eabi/13.3.1/../../../../arm-none-eabi/lib/thumb/v6-m/nofp\libc_nano.a(libc_a-init.o)
 .ARM.attributes
                0x00000460       0x1e C:/ST/STM32CubeIDE_1.19.0/STM32CubeIDE/plugins/com.st.stm32cube.ide.mcu.externaltools.gnu-tools-for-stm32.13.3.rel1.win32_1.0.0.202411081344/tools/bin/../lib/gcc/arm-none-eabi/13.3.1/thumb/v6-m/nofp\libgcc.a(_udivsi3.o)
 .ARM.attributes
                0x0000047e       0x1e C:/ST/STM32CubeIDE_1.19.0/STM32CubeIDE/plugins/com.st.stm32cube.ide.mcu.externaltools.gnu-tools-for-stm32.13.3.rel1.win32_1.0.0.202411081344/tools/bin/../lib/gcc/arm-none-eabi/13.3.1/thumb/v6-m/nofp\libgcc.a(_dvmd_tls.o)
 .ARM.attributes
                0x0000049c       0x1e C:/ST/STM32CubeIDE_1.19.0/STM32CubeIDE/plugins/com.st.stm32cube.ide.mcu.externaltools.gnu-tools-for-stm32.13.3.rel1.win32_1.0.0.202411081344/tools/bin/../lib/gcc/arm-none-eabi/13.3.1/thumb/v6-m/nofp/crtn.o
OUTPUT(FCS - Summer Project Code and Setup.elf elf32-littlearm)
LOAD linker stubs
LOAD C:/ST/STM32CubeIDE_1.19.0/STM32CubeIDE/plugins/com.st.stm32cube.ide.mcu.externaltools.gnu-tools-for-stm32.13.3.rel1.win32_1.0.0.202411081344/tools/bin/../lib/gcc/arm-none-eabi/13.3.1/../../../../arm-none-eabi/lib/thumb/v6-m/nofp\libc.a
LOAD C:/ST/STM32CubeIDE_1.19.0/STM32CubeIDE/plugins/com.st.stm32cube.ide.mcu.externaltools.gnu-tools-for-stm32.13.3.rel1.win32_1.0.0.202411081344/tools/bin/../lib/gcc/arm-none-eabi/13.3.1/../../../../arm-none-eabi/lib/thumb/v6-m/nofp\libm.a
LOAD C:/ST/STM32CubeIDE_1.19.0/STM32CubeIDE/plugins/com.st.stm32cube.ide.mcu.externaltools.gnu-tools-for-stm32.13.3.rel1.win32_1.0.0.202411081344/tools/bin/../lib/gcc/arm-none-eabi/13.3.1/thumb/v6-m/nofp\libgcc.a

.debug_info     0x00000000     0xe49b
 .debug_info    0x00000000      0xc9d ./Core/Src/main.o
 .debug_info    0x00000c9d      0x829 ./Core/Src/stm32l0xx_hal_msp.o
 .debug_info    0x000014c6      0x5f2 ./Core/Src/stm32l0xx_it.o
 .debug_info    0x00001ab8      0x2d0 ./Core/Src/system_stm32l0xx.o
 .debug_info    0x00001d88       0x30 ./Core/Startup/startup_stm32l072cbtx.o
 .debug_info    0x00001db8      0x8a6 ./Drivers/STM32L0xx_HAL_Driver/Src/stm32l0xx_hal.o
 .debug_info    0x0000265e      0x89c ./Drivers/STM32L0xx_HAL_Driver/Src/stm32l0xx_hal_cortex.o
 .debug_info    0x00002efa      0x617 ./Drivers/STM32L0xx_HAL_Driver/Src/stm32l0xx_hal_gpio.o
 .debug_info    0x00003511     0x166c ./Drivers/STM32L0xx_HAL_Driver/Src/stm32l0xx_hal_pcd.o
 .debug_info    0x00004b7d      0x80a ./Drivers/STM32L0xx_HAL_Driver/Src/stm32l0xx_hal_pcd_ex.o
 .debug_info    0x00005387      0xa2a ./Drivers/STM32L0xx_HAL_Driver/Src/stm32l0xx_hal_rcc.o
 .debug_info    0x00005db1      0x7e0 ./Drivers/STM32L0xx_HAL_Driver/Src/stm32l0xx_hal_rcc_ex.o
 .debug_info    0x00006591     0x14f4 ./Drivers/STM32L0xx_HAL_Driver/Src/stm32l0xx_hal_spi.o
 .debug_info    0x00007a85     0x1579 ./Drivers/STM32L0xx_HAL_Driver/Src/stm32l0xx_ll_usb.o
 .debug_info    0x00008ffe     0x1074 ./Middlewares/ST/STM32_USB_Device_Library/Class/CDC/Src/usbd_cdc.o
 .debug_info    0x0000a072      0xa52 ./Middlewares/ST/STM32_USB_Device_Library/Core/Src/usbd_core.o
 .debug_info    0x0000aac4      0x91c ./Middlewares/ST/STM32_USB_Device_Library/Core/Src/usbd_ctlreq.o
 .debug_info    0x0000b3e0      0x6a0 ./Middlewares/ST/STM32_USB_Device_Library/Core/Src/usbd_ioreq.o
 .debug_info    0x0000ba80      0x63d ./USB_DEVICE/App/usb_device.o
 .debug_info    0x0000c0bd      0x7ec ./USB_DEVICE/App/usbd_cdc_if.o
 .debug_info    0x0000c8a9      0x44a ./USB_DEVICE/App/usbd_desc.o
 .debug_info    0x0000ccf3     0x17a8 ./USB_DEVICE/Target/usbd_conf.o

.debug_abbrev   0x00000000     0x2e65
 .debug_abbrev  0x00000000      0x267 ./Core/Src/main.o
 .debug_abbrev  0x00000267      0x1a0 ./Core/Src/stm32l0xx_hal_msp.o
 .debug_abbrev  0x00000407      0x192 ./Core/Src/stm32l0xx_it.o
 .debug_abbrev  0x00000599      0x11c ./Core/Src/system_stm32l0xx.o
 .debug_abbrev  0x000006b5       0x24 ./Core/Startup/startup_stm32l072cbtx.o
 .debug_abbrev  0x000006d9      0x2a0 ./Drivers/STM32L0xx_HAL_Driver/Src/stm32l0xx_hal.o
 .debug_abbrev  0x00000979      0x29b ./Drivers/STM32L0xx_HAL_Driver/Src/stm32l0xx_hal_cortex.o
 .debug_abbrev  0x00000c14      0x1cb ./Drivers/STM32L0xx_HAL_Driver/Src/stm32l0xx_hal_gpio.o
 .debug_abbrev  0x00000ddf      0x2b9 ./Drivers/STM32L0xx_HAL_Driver/Src/stm32l0xx_hal_pcd.o
 .debug_abbrev  0x00001098      0x228 ./Drivers/STM32L0xx_HAL_Driver/Src/stm32l0xx_hal_pcd_ex.o
 .debug_abbrev  0x000012c0      0x296 ./Drivers/STM32L0xx_HAL_Driver/Src/stm32l0xx_hal_rcc.o
 .debug_abbrev  0x00001556      0x21a ./Drivers/STM32L0xx_HAL_Driver/Src/stm32l0xx_hal_rcc_ex.o
 .debug_abbrev  0x00001770      0x274 ./Drivers/STM32L0xx_HAL_Driver/Src/stm32l0xx_hal_spi.o
 .debug_abbrev  0x000019e4      0x247 ./Drivers/STM32L0xx_HAL_Driver/Src/stm32l0xx_ll_usb.o
 .debug_abbrev  0x00001c2b      0x2d3 ./Middlewares/ST/STM32_USB_Device_Library/Class/CDC/Src/usbd_cdc.o
 .debug_abbrev  0x00001efe      0x24a ./Middlewares/ST/STM32_USB_Device_Library/Core/Src/usbd_core.o
 .debug_abbrev  0x00002148      0x26b ./Middlewares/ST/STM32_USB_Device_Library/Core/Src/usbd_ctlreq.o
 .debug_abbrev  0x000023b3      0x192 ./Middlewares/ST/STM32_USB_Device_Library/Core/Src/usbd_ioreq.o
 .debug_abbrev  0x00002545      0x18d ./USB_DEVICE/App/usb_device.o
 .debug_abbrev  0x000026d2      0x25d ./USB_DEVICE/App/usbd_cdc_if.o
 .debug_abbrev  0x0000292f      0x1ff ./USB_DEVICE/App/usbd_desc.o
 .debug_abbrev  0x00002b2e      0x337 ./USB_DEVICE/Target/usbd_conf.o

.debug_aranges  0x00000000      0xca8
 .debug_aranges
                0x00000000       0x40 ./Core/Src/main.o
 .debug_aranges
                0x00000040       0x30 ./Core/Src/stm32l0xx_hal_msp.o
 .debug_aranges
                0x00000070       0x48 ./Core/Src/stm32l0xx_it.o
 .debug_aranges
                0x000000b8       0x28 ./Core/Src/system_stm32l0xx.o
 .debug_aranges
                0x000000e0       0x28 ./Core/Startup/startup_stm32l072cbtx.o
 .debug_aranges
                0x00000108      0x110 ./Drivers/STM32L0xx_HAL_Driver/Src/stm32l0xx_hal.o
 .debug_aranges
                0x00000218       0xe8 ./Drivers/STM32L0xx_HAL_Driver/Src/stm32l0xx_hal_cortex.o
 .debug_aranges
                0x00000300       0x58 ./Drivers/STM32L0xx_HAL_Driver/Src/stm32l0xx_hal_gpio.o
 .debug_aranges
                0x00000358      0x138 ./Drivers/STM32L0xx_HAL_Driver/Src/stm32l0xx_hal_pcd.o
 .debug_aranges
                0x00000490       0x58 ./Drivers/STM32L0xx_HAL_Driver/Src/stm32l0xx_hal_pcd_ex.o
 .debug_aranges
                0x000004e8       0x80 ./Drivers/STM32L0xx_HAL_Driver/Src/stm32l0xx_hal_rcc.o
 .debug_aranges
                0x00000568       0xb0 ./Drivers/STM32L0xx_HAL_Driver/Src/stm32l0xx_hal_rcc_ex.o
 .debug_aranges
                0x00000618      0x1d0 ./Drivers/STM32L0xx_HAL_Driver/Src/stm32l0xx_hal_spi.o
 .debug_aranges
                0x000007e8       0xc8 ./Drivers/STM32L0xx_HAL_Driver/Src/stm32l0xx_ll_usb.o
 .debug_aranges
                0x000008b0       0x90 ./Middlewares/ST/STM32_USB_Device_Library/Class/CDC/Src/usbd_cdc.o
 .debug_aranges
                0x00000940       0xb8 ./Middlewares/ST/STM32_USB_Device_Library/Core/Src/usbd_core.o
 .debug_aranges
                0x000009f8       0x88 ./Middlewares/ST/STM32_USB_Device_Library/Core/Src/usbd_ctlreq.o
 .debug_aranges
                0x00000a80       0x50 ./Middlewares/ST/STM32_USB_Device_Library/Core/Src/usbd_ioreq.o
 .debug_aranges
                0x00000ad0       0x20 ./USB_DEVICE/App/usb_device.o
 .debug_aranges
                0x00000af0       0x40 ./USB_DEVICE/App/usbd_cdc_if.o
 .debug_aranges
                0x00000b30       0x60 ./USB_DEVICE/App/usbd_desc.o
 .debug_aranges
                0x00000b90      0x118 ./USB_DEVICE/Target/usbd_conf.o

.debug_rnglists
                0x00000000      0x961
 .debug_rnglists
                0x00000000       0x2d ./Core/Src/main.o
 .debug_rnglists
                0x0000002d       0x20 ./Core/Src/stm32l0xx_hal_msp.o
 .debug_rnglists
                0x0000004d       0x31 ./Core/Src/stm32l0xx_it.o
 .debug_rnglists
                0x0000007e       0x1a ./Core/Src/system_stm32l0xx.o
 .debug_rnglists
                0x00000098       0x19 ./Core/Startup/startup_stm32l072cbtx.o
 .debug_rnglists
                0x000000b1       0xc7 ./Drivers/STM32L0xx_HAL_Driver/Src/stm32l0xx_hal.o
 .debug_rnglists
                0x00000178       0xaa ./Drivers/STM32L0xx_HAL_Driver/Src/stm32l0xx_hal_cortex.o
 .debug_rnglists
                0x00000222       0x3f ./Drivers/STM32L0xx_HAL_Driver/Src/stm32l0xx_hal_gpio.o
 .debug_rnglists
                0x00000261       0xee ./Drivers/STM32L0xx_HAL_Driver/Src/stm32l0xx_hal_pcd.o
 .debug_rnglists
                0x0000034f       0x3f ./Drivers/STM32L0xx_HAL_Driver/Src/stm32l0xx_hal_pcd_ex.o
 .debug_rnglists
                0x0000038e       0x61 ./Drivers/STM32L0xx_HAL_Driver/Src/stm32l0xx_hal_rcc.o
 .debug_rnglists
                0x000003ef       0x85 ./Drivers/STM32L0xx_HAL_Driver/Src/stm32l0xx_hal_rcc_ex.o
 .debug_rnglists
                0x00000474      0x171 ./Drivers/STM32L0xx_HAL_Driver/Src/stm32l0xx_hal_spi.o
 .debug_rnglists
                0x000005e5       0x99 ./Drivers/STM32L0xx_HAL_Driver/Src/stm32l0xx_ll_usb.o
 .debug_rnglists
                0x0000067e       0x6b ./Middlewares/ST/STM32_USB_Device_Library/Class/CDC/Src/usbd_cdc.o
 .debug_rnglists
                0x000006e9       0x89 ./Middlewares/ST/STM32_USB_Device_Library/Core/Src/usbd_core.o
 .debug_rnglists
                0x00000772       0x68 ./Middlewares/ST/STM32_USB_Device_Library/Core/Src/usbd_ctlreq.o
 .debug_rnglists
                0x000007da       0x37 ./Middlewares/ST/STM32_USB_Device_Library/Core/Src/usbd_ioreq.o
 .debug_rnglists
                0x00000811       0x13 ./USB_DEVICE/App/usb_device.o
 .debug_rnglists
                0x00000824       0x2b ./USB_DEVICE/App/usbd_cdc_if.o
 .debug_rnglists
                0x0000084f       0x44 ./USB_DEVICE/App/usbd_desc.o
 .debug_rnglists
                0x00000893       0xce ./USB_DEVICE/Target/usbd_conf.o

.debug_macro    0x00000000    0x1635a
 .debug_macro   0x00000000      0x337 ./Core/Src/main.o
 .debug_macro   0x00000337      0xaae ./Core/Src/main.o
 .debug_macro   0x00000de5      0x11f ./Core/Src/main.o
 .debug_macro   0x00000f04       0x2e ./Core/Src/main.o
 .debug_macro   0x00000f32       0x28 ./Core/Src/main.o
 .debug_macro   0x00000f5a       0x22 ./Core/Src/main.o
 .debug_macro   0x00000f7c       0x8e ./Core/Src/main.o
 .debug_macro   0x0000100a       0x51 ./Core/Src/main.o
 .debug_macro   0x0000105b      0x103 ./Core/Src/main.o
 .debug_macro   0x0000115e       0x6a ./Core/Src/main.o
 .debug_macro   0x000011c8      0x1df ./Core/Src/main.o
 .debug_macro   0x000013a7       0x1c ./Core/Src/main.o
 .debug_macro   0x000013c3       0x22 ./Core/Src/main.o
 .debug_macro   0x000013e5       0xaf ./Core/Src/main.o
 .debug_macro   0x00001494      0x4da ./Core/Src/main.o
 .debug_macro   0x0000196e      0x11f ./Core/Src/main.o
 .debug_macro   0x00001a8d     0xa33b ./Core/Src/main.o
 .debug_macro   0x0000bdc8       0x66 ./Core/Src/main.o
 .debug_macro   0x0000be2e     0x35ac ./Core/Src/main.o
 .debug_macro   0x0000f3da      0x190 ./Core/Src/main.o
 .debug_macro   0x0000f56a       0x5c ./Core/Src/main.o
 .debug_macro   0x0000f5c6      0x8ea ./Core/Src/main.o
 .debug_macro   0x0000feb0      0xb52 ./Core/Src/main.o
 .debug_macro   0x00010a02      0x197 ./Core/Src/main.o
 .debug_macro   0x00010b99      0x13f ./Core/Src/main.o
 .debug_macro   0x00010cd8      0x1ca ./Core/Src/main.o
 .debug_macro   0x00010ea2       0x82 ./Core/Src/main.o
 .debug_macro   0x00010f24      0x28e ./Core/Src/main.o
 .debug_macro   0x000111b2      0x1e9 ./Core/Src/main.o
 .debug_macro   0x0001139b      0x13d ./Core/Src/main.o
 .debug_macro   0x000114d8      0x4ac ./Core/Src/main.o
 .debug_macro   0x00011984      0x186 ./Core/Src/main.o
 .debug_macro   0x00011b0a       0x16 ./Core/Src/main.o
 .debug_macro   0x00011b20      0x22c ./Core/Src/main.o
 .debug_macro   0x00011d4c       0x73 ./Core/Src/main.o
 .debug_macro   0x00011dbf      0x22d ./Core/Src/main.o
 .debug_macro   0x00011fec      0x170 ./Core/Src/main.o
 .debug_macro   0x0001215c       0x58 ./Core/Src/main.o
 .debug_macro   0x000121b4       0x61 ./Core/Src/main.o
 .debug_macro   0x00012215       0x24 ./Core/Src/main.o
 .debug_macro   0x00012239       0x43 ./Core/Src/main.o
 .debug_macro   0x0001227c       0x34 ./Core/Src/main.o
 .debug_macro   0x000122b0       0x16 ./Core/Src/main.o
 .debug_macro   0x000122c6       0x3c ./Core/Src/main.o
 .debug_macro   0x00012302      0x370 ./Core/Src/main.o
 .debug_macro   0x00012672       0x10 ./Core/Src/main.o
 .debug_macro   0x00012682       0x16 ./Core/Src/main.o
 .debug_macro   0x00012698       0x4a ./Core/Src/main.o
 .debug_macro   0x000126e2       0x34 ./Core/Src/main.o
 .debug_macro   0x00012716       0x10 ./Core/Src/main.o
 .debug_macro   0x00012726       0x58 ./Core/Src/main.o
 .debug_macro   0x0001277e       0x8e ./Core/Src/main.o
 .debug_macro   0x0001280c       0x1c ./Core/Src/main.o
 .debug_macro   0x00012828      0x185 ./Core/Src/main.o
 .debug_macro   0x000129ad       0x16 ./Core/Src/main.o
 .debug_macro   0x000129c3       0x16 ./Core/Src/main.o
 .debug_macro   0x000129d9      0x146 ./Core/Src/main.o
 .debug_macro   0x00012b1f       0x16 ./Core/Src/main.o
 .debug_macro   0x00012b35       0x16 ./Core/Src/main.o
 .debug_macro   0x00012b4b       0x29 ./Core/Src/main.o
 .debug_macro   0x00012b74       0x16 ./Core/Src/main.o
 .debug_macro   0x00012b8a       0x20 ./Core/Src/main.o
 .debug_macro   0x00012baa       0x59 ./Core/Src/main.o
 .debug_macro   0x00012c03      0x1c8 ./Core/Src/main.o
 .debug_macro   0x00012dcb       0x22 ./Core/Src/main.o
 .debug_macro   0x00012ded      0x1ca ./Core/Src/stm32l0xx_hal_msp.o
 .debug_macro   0x00012fb7      0x1d4 ./Core/Src/stm32l0xx_it.o
 .debug_macro   0x0001318b      0x1bb ./Core/Src/system_stm32l0xx.o
 .debug_macro   0x00013346      0x1df ./Drivers/STM32L0xx_HAL_Driver/Src/stm32l0xx_hal.o
 .debug_macro   0x00013525      0x1bb ./Drivers/STM32L0xx_HAL_Driver/Src/stm32l0xx_hal_cortex.o
 .debug_macro   0x000136e0      0x1c2 ./Drivers/STM32L0xx_HAL_Driver/Src/stm32l0xx_hal_gpio.o
 .debug_macro   0x000138a2      0x1c7 ./Drivers/STM32L0xx_HAL_Driver/Src/stm32l0xx_hal_pcd.o
 .debug_macro   0x00013a69      0x1bb ./Drivers/STM32L0xx_HAL_Driver/Src/stm32l0xx_hal_pcd_ex.o
 .debug_macro   0x00013c24      0x1f1 ./Drivers/STM32L0xx_HAL_Driver/Src/stm32l0xx_hal_rcc.o
 .debug_macro   0x00013e15      0x1bb ./Drivers/STM32L0xx_HAL_Driver/Src/stm32l0xx_hal_rcc_ex.o
 .debug_macro   0x00013fd0      0x1ca ./Drivers/STM32L0xx_HAL_Driver/Src/stm32l0xx_hal_spi.o
 .debug_macro   0x0001419a      0x1bb ./Drivers/STM32L0xx_HAL_Driver/Src/stm32l0xx_ll_usb.o
 .debug_macro   0x00014355      0x359 ./Middlewares/ST/STM32_USB_Device_Library/Class/CDC/Src/usbd_cdc.o
 .debug_macro   0x000146ae       0x9e ./Middlewares/ST/STM32_USB_Device_Library/Class/CDC/Src/usbd_cdc.o
 .debug_macro   0x0001474c      0x112 ./Middlewares/ST/STM32_USB_Device_Library/Class/CDC/Src/usbd_cdc.o
 .debug_macro   0x0001485e       0x56 ./Middlewares/ST/STM32_USB_Device_Library/Class/CDC/Src/usbd_cdc.o
 .debug_macro   0x000148b4       0x8f ./Middlewares/ST/STM32_USB_Device_Library/Class/CDC/Src/usbd_cdc.o
 .debug_macro   0x00014943      0x340 ./Middlewares/ST/STM32_USB_Device_Library/Core/Src/usbd_core.o
 .debug_macro   0x00014c83      0x1ce ./Middlewares/ST/STM32_USB_Device_Library/Core/Src/usbd_core.o
 .debug_macro   0x00014e51      0x34a ./Middlewares/ST/STM32_USB_Device_Library/Core/Src/usbd_ctlreq.o
 .debug_macro   0x0001519b      0x346 ./Middlewares/ST/STM32_USB_Device_Library/Core/Src/usbd_ioreq.o
 .debug_macro   0x000154e1      0x379 ./USB_DEVICE/App/usb_device.o
 .debug_macro   0x0001585a       0x5e ./USB_DEVICE/App/usb_device.o
 .debug_macro   0x000158b8       0x22 ./USB_DEVICE/App/usb_device.o
 .debug_macro   0x000158da       0x16 ./USB_DEVICE/App/usb_device.o
 .debug_macro   0x000158f0      0x364 ./USB_DEVICE/App/usbd_cdc_if.o
 .debug_macro   0x00015c54       0x10 ./USB_DEVICE/App/usbd_cdc_if.o
 .debug_macro   0x00015c64      0x37d ./USB_DEVICE/App/usbd_desc.o
 .debug_macro   0x00015fe1       0x1c ./USB_DEVICE/App/usbd_desc.o
 .debug_macro   0x00015ffd      0x35d ./USB_DEVICE/Target/usbd_conf.o

.debug_line     0x00000000    0x10d72
 .debug_line    0x00000000      0xab0 ./Core/Src/main.o
 .debug_line    0x00000ab0      0x792 ./Core/Src/stm32l0xx_hal_msp.o
 .debug_line    0x00001242      0x7ba ./Core/Src/stm32l0xx_it.o
 .debug_line    0x000019fc      0x7f5 ./Core/Src/system_stm32l0xx.o
 .debug_line    0x000021f1       0x7b ./Core/Startup/startup_stm32l072cbtx.o
 .debug_line    0x0000226c      0xab5 ./Drivers/STM32L0xx_HAL_Driver/Src/stm32l0xx_hal.o
 .debug_line    0x00002d21      0xb86 ./Drivers/STM32L0xx_HAL_Driver/Src/stm32l0xx_hal_cortex.o
 .debug_line    0x000038a7      0xb2a ./Drivers/STM32L0xx_HAL_Driver/Src/stm32l0xx_hal_gpio.o
 .debug_line    0x000043d1     0x1304 ./Drivers/STM32L0xx_HAL_Driver/Src/stm32l0xx_hal_pcd.o
 .debug_line    0x000056d5      0x8e7 ./Drivers/STM32L0xx_HAL_Driver/Src/stm32l0xx_hal_pcd_ex.o
 .debug_line    0x00005fbc     0x1016 ./Drivers/STM32L0xx_HAL_Driver/Src/stm32l0xx_hal_rcc.o
 .debug_line    0x00006fd2      0xe24 ./Drivers/STM32L0xx_HAL_Driver/Src/stm32l0xx_hal_rcc_ex.o
 .debug_line    0x00007df6     0x1cdf ./Drivers/STM32L0xx_HAL_Driver/Src/stm32l0xx_hal_spi.o
 .debug_line    0x00009ad5      0xff4 ./Drivers/STM32L0xx_HAL_Driver/Src/stm32l0xx_ll_usb.o
 .debug_line    0x0000aac9      0xd4e ./Middlewares/ST/STM32_USB_Device_Library/Class/CDC/Src/usbd_cdc.o
 .debug_line    0x0000b817      0xda3 ./Middlewares/ST/STM32_USB_Device_Library/Core/Src/usbd_core.o
 .debug_line    0x0000c5ba      0xfea ./Middlewares/ST/STM32_USB_Device_Library/Core/Src/usbd_ctlreq.o
 .debug_line    0x0000d5a4      0xa59 ./Middlewares/ST/STM32_USB_Device_Library/Core/Src/usbd_ioreq.o
 .debug_line    0x0000dffd      0xa29 ./USB_DEVICE/App/usb_device.o
 .debug_line    0x0000ea26      0xa5f ./USB_DEVICE/App/usbd_cdc_if.o
 .debug_line    0x0000f485      0xad2 ./USB_DEVICE/App/usbd_desc.o
 .debug_line    0x0000ff57      0xe1b ./USB_DEVICE/Target/usbd_conf.o

.debug_str      0x00000000    0x7c7c0
 .debug_str     0x00000000    0x7c7c0 ./Core/Src/main.o
                              0x797ae (size before relaxing)
 .debug_str     0x0007c7c0    0x751c8 ./Core/Src/stm32l0xx_hal_msp.o
 .debug_str     0x0007c7c0    0x750c7 ./Core/Src/stm32l0xx_it.o
 .debug_str     0x0007c7c0    0x74c41 ./Core/Src/system_stm32l0xx.o
 .debug_str     0x0007c7c0       0x9b ./Core/Startup/startup_stm32l072cbtx.o
 .debug_str     0x0007c7c0    0x7536c ./Drivers/STM32L0xx_HAL_Driver/Src/stm32l0xx_hal.o
 .debug_str     0x0007c7c0    0x750f8 ./Drivers/STM32L0xx_HAL_Driver/Src/stm32l0xx_hal_cortex.o
 .debug_str     0x0007c7c0    0x74de1 ./Drivers/STM32L0xx_HAL_Driver/Src/stm32l0xx_hal_gpio.o
 .debug_str     0x0007c7c0    0x754b9 ./Drivers/STM32L0xx_HAL_Driver/Src/stm32l0xx_hal_pcd.o
 .debug_str     0x0007c7c0    0x750f5 ./Drivers/STM32L0xx_HAL_Driver/Src/stm32l0xx_hal_pcd_ex.o
 .debug_str     0x0007c7c0    0x7517a ./Drivers/STM32L0xx_HAL_Driver/Src/stm32l0xx_hal_rcc.o
 .debug_str     0x0007c7c0    0x75132 ./Drivers/STM32L0xx_HAL_Driver/Src/stm32l0xx_hal_rcc_ex.o
 .debug_str     0x0007c7c0    0x75538 ./Drivers/STM32L0xx_HAL_Driver/Src/stm32l0xx_hal_spi.o
 .debug_str     0x0007c7c0    0x74ff6 ./Drivers/STM32L0xx_HAL_Driver/Src/stm32l0xx_ll_usb.o
 .debug_str     0x0007c7c0    0x79cbd ./Middlewares/ST/STM32_USB_Device_Library/Class/CDC/Src/usbd_cdc.o
 .debug_str     0x0007c7c0    0x795c1 ./Middlewares/ST/STM32_USB_Device_Library/Core/Src/usbd_core.o
 .debug_str     0x0007c7c0    0x794db ./Middlewares/ST/STM32_USB_Device_Library/Core/Src/usbd_ctlreq.o
 .debug_str     0x0007c7c0    0x79408 ./Middlewares/ST/STM32_USB_Device_Library/Core/Src/usbd_ioreq.o
 .debug_str     0x0007c7c0    0x79793 ./USB_DEVICE/App/usb_device.o
 .debug_str     0x0007c7c0    0x797b9 ./USB_DEVICE/App/usbd_cdc_if.o
 .debug_str     0x0007c7c0    0x79344 ./USB_DEVICE/App/usbd_desc.o
 .debug_str     0x0007c7c0    0x7a15e ./USB_DEVICE/Target/usbd_conf.o

.comment        0x00000000       0x43
 .comment       0x00000000       0x43 ./Core/Src/main.o
                                 0x44 (size before relaxing)
 .comment       0x00000043       0x44 ./Core/Src/stm32l0xx_hal_msp.o
 .comment       0x00000043       0x44 ./Core/Src/stm32l0xx_it.o
 .comment       0x00000043       0x44 ./Core/Src/system_stm32l0xx.o
 .comment       0x00000043       0x44 ./Drivers/STM32L0xx_HAL_Driver/Src/stm32l0xx_hal.o
 .comment       0x00000043       0x44 ./Drivers/STM32L0xx_HAL_Driver/Src/stm32l0xx_hal_cortex.o
 .comment       0x00000043       0x44 ./Drivers/STM32L0xx_HAL_Driver/Src/stm32l0xx_hal_gpio.o
 .comment       0x00000043       0x44 ./Drivers/STM32L0xx_HAL_Driver/Src/stm32l0xx_hal_pcd.o
 .comment       0x00000043       0x44 ./Drivers/STM32L0xx_HAL_Driver/Src/stm32l0xx_hal_pcd_ex.o
 .comment       0x00000043       0x44 ./Drivers/STM32L0xx_HAL_Driver/Src/stm32l0xx_hal_rcc.o
 .comment       0x00000043       0x44 ./Drivers/STM32L0xx_HAL_Driver/Src/stm32l0xx_hal_rcc_ex.o
 .comment       0x00000043       0x44 ./Drivers/STM32L0xx_HAL_Driver/Src/stm32l0xx_hal_spi.o
 .comment       0x00000043       0x44 ./Drivers/STM32L0xx_HAL_Driver/Src/stm32l0xx_ll_usb.o
 .comment       0x00000043       0x44 ./Middlewares/ST/STM32_USB_Device_Library/Class/CDC/Src/usbd_cdc.o
 .comment       0x00000043       0x44 ./Middlewares/ST/STM32_USB_Device_Library/Core/Src/usbd_core.o
 .comment       0x00000043       0x44 ./Middlewares/ST/STM32_USB_Device_Library/Core/Src/usbd_ctlreq.o
 .comment       0x00000043       0x44 ./Middlewares/ST/STM32_USB_Device_Library/Core/Src/usbd_ioreq.o
 .comment       0x00000043       0x44 ./USB_DEVICE/App/usb_device.o
 .comment       0x00000043       0x44 ./USB_DEVICE/App/usbd_cdc_if.o
 .comment       0x00000043       0x44 ./USB_DEVICE/App/usbd_desc.o
 .comment       0x00000043       0x44 ./USB_DEVICE/Target/usbd_conf.o

.debug_frame    0x00000000     0x2b40
 .debug_frame   0x00000000       0xa8 ./Core/Src/main.o
 .debug_frame   0x000000a8       0x6c ./Core/Src/stm32l0xx_hal_msp.o
 .debug_frame   0x00000114       0xb8 ./Core/Src/stm32l0xx_it.o
 .debug_frame   0x000001cc       0x4c ./Core/Src/system_stm32l0xx.o
 .debug_frame   0x00000218      0x394 ./Drivers/STM32L0xx_HAL_Driver/Src/stm32l0xx_hal.o
 .debug_frame   0x000005ac      0x33c ./Drivers/STM32L0xx_HAL_Driver/Src/stm32l0xx_hal_cortex.o
 .debug_frame   0x000008e8      0x110 ./Drivers/STM32L0xx_HAL_Driver/Src/stm32l0xx_hal_gpio.o
 .debug_frame   0x000009f8      0x498 ./Drivers/STM32L0xx_HAL_Driver/Src/stm32l0xx_hal_pcd.o
 .debug_frame   0x00000e90      0x110 ./Drivers/STM32L0xx_HAL_Driver/Src/stm32l0xx_hal_pcd_ex.o
 .debug_frame   0x00000fa0      0x1a4 ./Drivers/STM32L0xx_HAL_Driver/Src/stm32l0xx_hal_rcc.o
 .debug_frame   0x00001144      0x244 ./Drivers/STM32L0xx_HAL_Driver/Src/stm32l0xx_hal_rcc_ex.o
 .debug_frame   0x00001388      0x6f0 ./Drivers/STM32L0xx_HAL_Driver/Src/stm32l0xx_hal_spi.o
 .debug_frame   0x00001a78      0x2d4 ./Drivers/STM32L0xx_HAL_Driver/Src/stm32l0xx_ll_usb.o
 .debug_frame   0x00001d4c      0x1f0 ./Middlewares/ST/STM32_USB_Device_Library/Class/CDC/Src/usbd_cdc.o
 .debug_frame   0x00001f3c      0x290 ./Middlewares/ST/STM32_USB_Device_Library/Core/Src/usbd_core.o
 .debug_frame   0x000021cc      0x1d8 ./Middlewares/ST/STM32_USB_Device_Library/Core/Src/usbd_ctlreq.o
 .debug_frame   0x000023a4       0xf0 ./Middlewares/ST/STM32_USB_Device_Library/Core/Src/usbd_ioreq.o
 .debug_frame   0x00002494       0x2c ./USB_DEVICE/App/usb_device.o
 .debug_frame   0x000024c0       0xac ./USB_DEVICE/App/usbd_cdc_if.o
 .debug_frame   0x0000256c      0x130 ./USB_DEVICE/App/usbd_desc.o
 .debug_frame   0x0000269c      0x438 ./USB_DEVICE/Target/usbd_conf.o
 .debug_frame   0x00002ad4       0x20 C:/ST/STM32CubeIDE_1.19.0/STM32CubeIDE/plugins/com.st.stm32cube.ide.mcu.externaltools.gnu-tools-for-stm32.13.3.rel1.win32_1.0.0.202411081344/tools/bin/../lib/gcc/arm-none-eabi/13.3.1/../../../../arm-none-eabi/lib/thumb/v6-m/nofp\libc_nano.a(libc_a-memset.o)
 .debug_frame   0x00002af4       0x2c C:/ST/STM32CubeIDE_1.19.0/STM32CubeIDE/plugins/com.st.stm32cube.ide.mcu.externaltools.gnu-tools-for-stm32.13.3.rel1.win32_1.0.0.202411081344/tools/bin/../lib/gcc/arm-none-eabi/13.3.1/../../../../arm-none-eabi/lib/thumb/v6-m/nofp\libc_nano.a(libc_a-init.o)
 .debug_frame   0x00002b20       0x20 C:/ST/STM32CubeIDE_1.19.0/STM32CubeIDE/plugins/com.st.stm32cube.ide.mcu.externaltools.gnu-tools-for-stm32.13.3.rel1.win32_1.0.0.202411081344/tools/bin/../lib/gcc/arm-none-eabi/13.3.1/thumb/v6-m/nofp\libgcc.a(_udivsi3.o)

.debug_line_str
                0x00000000       0x7f
 .debug_line_str
                0x00000000       0x7f ./Core/Startup/startup_stm32l072cbtx.o
