../Core/Src/main.c:68:6:Imu_Start_Transmission	8	static
../Core/Src/main.c:79:6:Imu_Stop_Transmission	8	static
../Core/Src/main.c:92:9:Imu_Reg16_Read	56	static
../Core/Src/main.c:123:9:Imu_Reg16_Write	32	static
../Core/Src/main.c:150:6:Imu_SetUp	16	static
../Core/Src/main.c:210:6:Flash_Write	48	static
../Core/Src/main.c:275:9:Flash_Read	56	static
../Core/Src/main.c:305:6:Flash_Start_Transmission	8	static
../Core/Src/main.c:315:6:Flash_Stop_Transmission	8	static
../Core/Src/main.c:327:5:main	32	static
../Core/Src/main.c:417:6:SystemClock_Config	128	static
../Core/Src/main.c:467:13:MX_SPI1_Init	8	static
../Core/Src/main.c:505:13:MX_GPIO_Init	56	static
../Core/Src/main.c:559:6:Error_Handler	8	static,ignoring_inline_asm
